E/kickstart( 1044): EVENT: Received 65536 bytes
E/kickstart( 1044): EVENT: Waiting for data to read
E/kickstart( 1044): EVENT: Data available to read
D/AmazonContract Shop( 4252): com.amazon.mShop.android
E/kickstart( 1044): EVENT: Received 81920 bytes
E/kickstart( 1044): EVENT: Waiting for data to read
E/kickstart( 1044): EVENT: Data available to read
E/kickstart( 1044): EVENT: Received 65536 bytes
E/kickstart( 1044): EVENT: Waiting for data to read
E/kickstart( 1044): EVENT: Data available to read
E/kickstart( 1044): EVENT: Received 65536 bytes
E/kickstart( 1044): EVENT: Waiting for data to read
E/kickstart( 1044): EVENT: Data available to read
E/kickstart( 1044): EVENT: Received 81920 bytes
E/kickstart( 1044): EVENT: Waiting for data to read
E/kickstart( 1044): EVENT: Data available to read
I/SELinux (29325): Function: selinux_android_load_priority [0], There is no sepolicy file.
I/SELinux (29325):  
I/SELinux (29325): Function: selinux_android_load_priority , loading version is VE=SEPF_SCH-I545_4.4.2_0011
I/SELinux (29325):  
I/SELinux (29325):  
I/SELinux (29325): selinux_android_seapp_context_reload: seapp_contexts file is loaded from /seapp_contexts
E/kickstart( 1044): EVENT: Received 16384 bytes
E/kickstart( 1044): EVENT: Received: 786432 bytes
E/kickstart( 1044): EVENT: Writing to disk
E/kickstart( 1044): EVENT: Successfully wrote to disk
E/kickstart( 1044): Received file "/dev/block/platform/msm_sdcc.1/by-name/m9kefs2"
E/kickstart( 1044): 786432 bytes transferred in 0.089s (8.40 MBps)
E/kickstart( 1044): EVENT: num_debug_entries not >=0
E/kickstart( 1044): Successfully downloaded files from target 
E/kickstart( 1044): EVENT: SENDING --> SAHARA_RESET
E/kickstart( 1044): Wrote to /sys/power/wake_unlock
E/kickstart( 1044): EVENT: Waiting for data to read
E/kickstart( 1044): EVENT: Data available to read
D/dalvikvm(  278): GC_EXPLICIT freed 42K, 36% free 17181K/26488K, paused 3ms+4ms, total 37ms
E/kickstart( 1044): EVENT: Received 8 bytes
E/kickstart( 1044): EVENT: RECEIVED <-- SAHARA_RESET_RESP
E/kickstart( 1044): Sahara protocol completed
E/kickstart( 1044): EVENT: STATE <-- SAHARA_WAIT_HELLO
E/kickstart( 1044): EVENT: Waiting for data to read
E/kickstart( 1044): EVENT: Data available to read
I/com.amazon.dcp.settings.SettingsCacheUpdater(29295): Starting sync with content provider.
D/dalvikvm(  278): GC_EXPLICIT freed <1K, 36% free 17181K/26488K, paused 2ms+3ms, total 24ms
W/com.amazon.dcp.settings.SettingsProvider(29313): No device defaults DB found. This is normal on 3rd party devices.
I/com.amazon.dcp.settings.SettingsProvider(29313): Process com.amazon.mp3(29295) allowed access to namespace com.amazon.mp3.
I/com.amazon.device.crashmanager.CrashDetectionHelper(29313): Installing crash detector as default exception handler.
I/com.amazon.fv.authentication.SSOInit(29313): Changing Async task behavior to gingerbread default
I/com.amazon.fv.authentication.SSOInit(29313): Initalizing application Grover
I/com.amazon.fv.authentication.SSOInit(29313): SSO version 90 loaded on OS Build: I545VRUFNC5.
I/com.amazon.identity.framework.MetricsCollectorHolder(29313): Running normally, creating new metrics collector
E/com.amazon.identity.framework.ClassConfigurationParser(29313): The configuration file does not have a key for MetricCollector
I/com.amazon.identity.framework.ClassConfigurationParser(29313): Attempting to create class com.amazon.dcp.metrics.CentralDeviceMetricsCollector with android.content.Context constructor.
D/dalvikvm(  278): GC_EXPLICIT freed <1K, 36% free 17181K/26488K, paused 2ms+3ms, total 22ms
D/CapabilityManagerService New(29325): Receiver Broadcast:android.intent.action.PACKAGE_REMOVED
D/CapabilityManagerService New(29325): The package(com.phonegap.helloworld) updated
I/com.amazon.identity.framework.ClassConfigurationParser(29313): Attempting to create class com.amazon.fv.IdentitySSODeviceInfo with android.content.Context constructor.
W/com.amazon.dcp.settings.SettingsProvider(29313): No device defaults DB found. This is normal on 3rd party devices.
I/PCWCLIENTTRACE_PushUtil(28369): SPPPushClient is installed : true
I/PCWCLIENTTRACE_PushUtil(28369): sales region : global
I/PCWCLIENTTRACE_PushUtil(28369): getPushTypeList : [SPP, GCM]
I/PCWCLIENTTRACE_SYSTEMReceiver(28369): [onReceive] - android.intent.action.PACKAGE_REMOVED
I/com.amazon.dcp.settings.SettingsProvider(29313): Process com.amazon.mp3(29295) allowed access to namespace -device-.
I/ActivityManager(  815): Killing 27078:com.amazon.kindle/u0a76 (adj 15): empty #31
I/com.amazon.dcp.settings.SettingsCacheUpdater(29295): Sync with content provider complete. Values processed: 0
I/SELinux (29340): Function: selinux_android_load_priority [0], There is no sepolicy file.
I/SELinux (29340):  
I/SELinux (29340): Function: selinux_android_load_priority , loading version is VE=SEPF_SCH-I545_4.4.2_0011
I/SELinux (29340):  
I/SELinux (29340):  
I/SELinux (29340): selinux_android_seapp_context_reload: seapp_contexts file is loaded from /seapp_contexts
I/com.amazon.dcp.settings.BackgroundSynchronizer(29313): Requesting sync with content provider.
I/com.amazon.dcp.settings.BackgroundSynchronizer(29295): Wait for initial sync complete.
E/MP-Decision( 2198): num online cores: 3 reqd : 4 available : 4 rq_depth:6.500000 hotplug_avg_load_dw: 182
E/MP-Decision( 2198): UP cpu:1 core_idx:1 Nw:1.900000 Tw:140 rq:6.500000 seq:0.000000
E/MP-Decision( 2198): UP cpu:2 core_idx:2 Nw:2.700000 Tw:90 rq:6.500000 seq:0.000000
E/MP-Decision( 2198): UP cpu:3 core_idx:3 Nw:3.500000 Tw:90 rq:6.500000 seq:98.000000
I/DPLogger(29313): DPLogger - Name was too long. Truncating; original name: TComm.HttpClientSrrManager, truncated name: TComm.HttpClientSrrMana
I/DPLogger(29313): DPLogger - Name was too long. Truncating; original name: CrashUploadService.DetUtil, truncated name: CrashUploadService.DetU
W/Settings(29295): Setting download_manager_max_bytes_over_mobile has moved from android.provider.Settings.Secure to android.provider.Settings.Global.
W/Settings(29295): Setting download_manager_recommended_max_bytes_over_mobile has moved from android.provider.Settings.Secure to android.provider.Settings.Global.
I/com.amazon.fv.authentication.SSOInit(29313): Initalizing SSO
I/com.amazon.fv.authentication.DCPInit(29313): Changing Async task behavior to gingerbread default
I/com.amazon.fv.authentication.DCPInit(29313): Initalizing application Grover
I/com.amazon.fv.authentication.DCPInit(29313): DCP version 90 loaded on OS Build: I545VRUFNC5.
I/DPLogger(29313): DPLogger - Name was too long. Truncating; original name: AbstractDetArtifactProcessor, truncated name: AbstractDetArtifactProc
I/DPLogger(29313): DPLogger - Name was too long. Truncating; original name: JavaCrashArtifactProcessor, truncated name: JavaCrashArtifactProces
V/ArtifactUploader(29313): uploadCrashEntries - Uploading artifacts.;
E/com.amazon.device.crashmanager.AppFileArtifactSource(29313): Failed to delete crash report.
I/com.amazon.dcp.settings.SettingsCacheUpdater(29313): Starting sync with content provider.
I/com.amazon.dcp.framework.ClassConfigurationParser(29313): Attempting to create class com.amazon.fv.DCPDeviceInfo with android.content.Context constructor.
E/com.amazon.dcp.settings.SettingsCache(29313): Attempted to set context on SettingsCache more than once.
W/com.amazon.dcp.settings.SettingsProvider(29313): No device defaults DB found. This is normal on 3rd party devices.
I/com.amazon.dcp.metrics.MetricsCollectorHolder(29313): Running normally, creating new metrics collector
I/com.amazon.dcp.framework.ClassConfigurationParser(29313): Attempting to create class com.amazon.dcp.metrics.SingleAppMetricsCollector with android.content.Context constructor.
I/com.amazon.dcp.settings.SettingsProvider(29313): Process com.amazon.fv:Settings(29313) allowed access to namespace com.amazon.fv.
I/com.amazon.fv.authentication.DCPInit(29313): Initalizing Metrics
I/com.amazon.dcp.settings.BackgroundSynchronizer(29313): Waiting for initial sync...
W/com.amazon.dcp.settings.SettingsProvider(29313): No device defaults DB found. This is normal on 3rd party devices.
I/com.amazon.fv.authentication.DCPInit(29313): Initalizing Messaging
W/ContextImpl(29340): Calling a method in the system process without a qualified user: android.app.ContextImpl.startService:1824 android.content.ContextWrapper.startService:506 android.content.ContextWrapper.startService:506 com.samsung.android.app.filterinstaller.PackageIntentReceiver.onReceive:53 android.app.ActivityThread.handleReceiver:2552 
I/com.amazon.dcp.settings.SettingsProvider(29313): Process com.amazon.fv:Settings(29313) allowed access to namespace -device-.
I/com.amazon.dcp.settings.SettingsCacheUpdater(29313): Sync with content provider complete. Values processed: 47
I/com.amazon.dcp.settings.BackgroundSynchronizer(29313): Wait for initial sync complete.
I/com.amazon.fv.authentication.DCPInit(29313): Settings database has not been updated from the cloud. Updating now.
W/ContextImpl(29313): Implicit intents with startService are not safe: Intent { act=com.amazon.dcp.settings.action.ACTION_UPDATE_CLOUD_SETTINGS } android.content.ContextWrapper.startService:506 android.content.ContextWrapper.startService:506 com.amazon.fv.authentication.DCPInit$4.run:354 
I/SELinux (29365): Function: selinux_android_load_priority [0], There is no sepolicy file.
I/SELinux (29365):  
I/SELinux (29365): Function: selinux_android_load_priority , loading version is VE=SEPF_SCH-I545_4.4.2_0011
I/SELinux (29365):  
I/SELinux (29365):  
I/SELinux (29365): selinux_android_seapp_context_reload: seapp_contexts file is loaded from /seapp_contexts
D/com.amazon.identity.common.ThirdPartyDeviceUtils(29313): DCP generated third party serial number is 9f4cb7fcb79c4be48ebb225e50524658
I/com.amazon.identity.framework.VersionUtils(29313): SSO was found in package com.amazon.fv
D/AuthenticationHelper(29313): updatePFM ATVPDKIKX0DER
D/AuthenticationHelper(29313): getPFM ATVPDKIKX0DER
I/com.amazon.identity.framework.VersionUtils(29313): SSO was found in package com.amazon.fv
I/SELinux (29383): Function: selinux_android_load_priority [0], There is no sepolicy file.
I/SELinux (29383):  
I/SELinux (29383): Function: selinux_android_load_priority , loading version is VE=SEPF_SCH-I545_4.4.2_0011
I/SELinux (29383):  
I/SELinux (29383):  
I/SELinux (29383): selinux_android_seapp_context_reload: seapp_contexts file is loaded from /seapp_contexts
D/AuthenticationHelper(29313): updatePFM ATVPDKIKX0DER
I/AmazonMP3_Configuration(29295): active endpoint = local
V/com.amazon.dcp.messaging.MessageProcessingScheduler(29313): Attempting to refresh the message processing scheduler
D/SSRMv2:CoolDownMode(  815): battTemp is 356
D/SSRMv2:Monitor(  815): SIOP:: AP = 500, Prev AP = 500, Duration = 10017, PST = 491
D/SSRMv2:AmoledAdjustTimer(  815): prevTemp = 356, currTemp = 356, prevStep = 5, currStep = 5
W/Unknown/com.amazon.identity.auth.device.utils.ReflectionHelper(29295): Failed to locate class named com.amazon.acos.util.AmazonBuild. If this is not a Kindle device, you can ignore this warning.
E/com.amazon.dcp.settings.SettingsCache(29295): Attempted to set context on SettingsCache more than once.
W/ContextImpl(29313): Implicit intents with startService are not safe: Intent { act=com.amazon.dcp.metrics.action.START_LOG_CAPTURE (has extras) } android.content.ContextWrapper.startService:506 android.content.ContextWrapper.startService:506 com.amazon.fv.authentication.DCPInit.startLogCapture:127 
I/com.amazon.dcp.metrics.MetricsService( 4252): Log capture already started, ignoring
I/Unknown/com.amazon.identity.auth.device.utils.VersionUtils(29295): SSO was found in package com.amazon.fv
I/com.amazon.mp3/com.amazon.identity.auth.device.api.MAPInit(29295): Initalizing MAP (110037310) for app com.amazon.mp3
I/com.amazon.mp3/com.amazon.identity.auth.device.api.MAPInit(29295): Initalizing MAP SSO
I/SELinux (29402): Function: selinux_android_load_priority [0], There is no sepolicy file.
I/SELinux (29402):  
I/SELinux (29402): Function: selinux_android_load_priority , loading version is VE=SEPF_SCH-I545_4.4.2_0011
I/SELinux (29402):  
I/SELinux (29402):  
I/SELinux (29402): selinux_android_seapp_context_reload: seapp_contexts file is loaded from /seapp_contexts
E/com.amazon.dcp.settings.SettingsCache(29295): Attempted to set context on SettingsCache more than once.
I/ActivityManager(  815): Killing 28522:com.amazon.mp3:downloadmanager/u0a15 (adj 15): empty #31
E/com.amazon.dcp.settings.SettingsCache(29295): Attempted to set context on SettingsCache more than once.
I/ActivityManager(  815): Killing 28630:flipboard.app/u0a56 (adj 15): empty #31
I/com.amazon.mp3/com.amazon.identity.auth.device.api.MAPInit(29295): MAP Components already initalized
W/ContextImpl(29402): Calling a method in the system process without a qualified user: android.app.ContextImpl.startService:1824 android.content.ContextWrapper.startService:506 android.content.ContextWrapper.startService:506 com.android.keychain.KeyChainBroadcastReceiver.onReceive:12 android.app.ActivityThread.handleReceiver:2552 
W/ContextImpl(29295): Implicit intents with startService are not safe: Intent { act=com.amazon.mp3.service.ACTION_CHECK_COMPONENTS (has extras) } android.content.ContextWrapper.startService:506 com.amazon.mp3.service.ComponentCheckService.start:40 com.amazon.mp3.service.ComponentCheckService.startOnApplicationStarted:34 
I/SELinux (29420): Function: selinux_android_load_priority [0], There is no sepolicy file.
I/SELinux (29420):  
I/SELinux (29420): Function: selinux_android_load_priority , loading version is VE=SEPF_SCH-I545_4.4.2_0011
I/SELinux (29420):  
I/SELinux (29420):  
I/SELinux (29420): selinux_android_seapp_context_reload: seapp_contexts file is loaded from /seapp_contexts
I/dalvikvm(29295): Could not find method amazon.profile.TLoggerFactory.getPlatformLogger, referenced from method android.provider.GlobalControlSettingsProvider.<clinit>
W/dalvikvm(29295): VFY: unable to resolve static method 592: Lamazon/profile/TLoggerFactory;.getPlatformLogger (Ljava/lang/String;)Lamazon/profile/TLogger;
D/dalvikvm(29295): VFY: replacing opcode 0x71 at 0x0003
I/dalvikvm(29295): Could not find method android.app.INotificationManager.cancelNotificationWithTag, referenced from method android.provider.GlobalControlSettingsProvider.disableParentalControls
W/dalvikvm(29295): VFY: unable to resolve interface method 820: Landroid/app/INotificationManager;.cancelNotificationWithTag (Ljava/lang/String;Ljava/lang/String;I)V
D/dalvikvm(29295): VFY: replacing opcode 0x72 at 0x0018
I/dalvikvm(29295): Could not find method android.app.admin.DevicePolicyManager.getCurrentBatteryLevel, referenced from method android.provider.GlobalControlSettingsProvider.enforceBatteryLevel
W/dalvikvm(29295): VFY: unable to resolve virtual method 900: Landroid/app/admin/DevicePolicyManager;.getCurrentBatteryLevel ()I
D/dalvikvm(29295): VFY: replacing opcode 0x6e at 0x001a
E/dalvikvm(29295): Could not find class 'com.android.internal.app.DeviceControlsUtils', referenced from method android.provider.GlobalControlSettingsProvider.doesDeviceControlPasswordExist
W/dalvikvm(29295): VFY: unable to resolve new-instance 5952 (Lcom/android/internal/app/DeviceControlsUtils;) in Landroid/provider/GlobalControlSettingsProvider;
D/dalvikvm(29295): VFY: replacing opcode 0x22 at 0x0009
I/dalvikvm(29295): Could not find method amazon.profile.TLogger.l, referenced from method android.provider.GlobalControlSettingsProvider.getPermissionValue
W/dalvikvm(29295): VFY: unable to resolve virtual method 591: Lamazon/profile/TLogger;.l (IIILjava/lang/String;)V
D/dalvikvm(29295): VFY: replacing opcode 0x6e at 0x0009
E/dalvikvm(29295): Could not find class 'com.android.internal.app.DeviceControlsUtils', referenced from method android.provider.GlobalControlSettingsProvider.setDeviceControlsPassword
W/dalvikvm(29295): VFY: unable to resolve new-instance 5952 (Lcom/android/internal/app/DeviceControlsUtils;) in Landroid/provider/GlobalControlSettingsProvider;
D/dalvikvm(29295): VFY: replacing opcode 0x22 at 0x000f
I/dalvikvm(29295): Could not find method com.android.internal.app.DeviceControlsUtils.saveLockPassword, referenced from method android.provider.GlobalControlSettingsProvider.setDeviceControlsPassword
W/dalvikvm(29295): VFY: unable to resolve virtual method 43622: Lcom/android/internal/app/DeviceControlsUtils;.saveLockPassword (Ljava/lang/String;I)V
D/dalvikvm(29295): VFY: replacing opcode 0x6e at 0x001b
I/AndroidRuntime(29340): VM exiting with result code 0, cleanup skipped.
W/ContextImpl(29340): Calling a method in the system process without a qualified user: android.app.ContextImpl.sendBroadcast:1468 android.content.ContextWrapper.sendBroadcast:377 com.samsung.android.app.filterinstaller.FilterUninstaller.uninstallFilters:43 com.samsung.android.app.filterinstaller.FilterPackageService$ServiceHandler.handleMessage:130 android.os.Handler.dispatchMessage:102 
I/ActivityManager(  815): Killing 28679:com.android.chrome/u0a32 (adj 15): empty #31
I/dalvikvm(29295): Could not find method android.provider.Settings$Secure.putBoolean, referenced from method android.provider.GlobalControlSettingsProvider.setKSMActive
W/dalvikvm(29295): VFY: unable to resolve static method 2121: Landroid/provider/Settings$Secure;.putBoolean (Landroid/content/ContentResolver;Ljava/lang/String;Z)Z
D/dalvikvm(29295): VFY: replacing opcode 0x71 at 0x0009
D/dalvikvm(29295): DexOpt: unable to opt direct call 0xaa65 at 0x0d in Landroid/provider/GlobalControlSettingsProvider;.doesDeviceControlPasswordExist
D/dalvikvm(29295): DexOpt: unable to opt direct call 0xaa65 at 0x13 in Landroid/provider/GlobalControlSettingsProvider;.setDeviceControlsPassword
W/dalvikvm(29295): Exception Ljava/lang/NoClassDefFoundError; thrown while initializing Landroid/provider/GlobalControlSettingsProvider;
I/ActivityManager(  815): Process com.samsung.android.app.filterinstaller (pid 29340) (adj 0) has died.
I/SELinux (29434): Function: selinux_android_load_priority [0], There is no sepolicy file.
I/SELinux (29434):  
I/SELinux (29434): Function: selinux_android_load_priority , loading version is VE=SEPF_SCH-I545_4.4.2_0011
I/SELinux (29434):  
I/SELinux (29434):  
I/SELinux (29434): selinux_android_seapp_context_reload: seapp_contexts file is loaded from /seapp_contexts
I/ActivityManager(  815): Killing 28696:com.sec.android.app.samsungapps/u0a127 (adj 15): empty #31
D/dalvikvm(28878): GC_CONCURRENT freed 4240K, 14% free 33892K/39316K, paused 2ms+5ms, total 99ms
D/dalvikvm(28878): WAIT_FOR_CONCURRENT_GC blocked 82ms
D/dalvikvm(  815): GC_EXPLICIT freed 2077K, 24% free 81622K/106472K, paused 6ms+22ms, total 276ms
E/SharedPreferenceProvider(29434): onCreate
W/EG1.0.D.EvergladesApplication(29434): {[9DA925020CE53372A65E446EE35B83FB42B05CFB82F8C72DEFF6EA2A95D60F03]}
I/SDRMUtil(29434): Installing version : v201311121512
I/SDRMUtil(29434): Installed version : v201311121512
W/linker  (29434): libgnustl_shared.so has text relocations. This is wasting memory and is a security risk. Please fix.
D/dalvikvm(29434): No JNI_OnLoad found in /system/lib/libgnustl_shared.so 0x429127a0, skipping init
W/linker  (29434): libAppAuthWrapper.so has text relocations. This is wasting memory and is a security risk. Please fix.
D/AppAuthManager(29434): AppAuthWrapper lib has been loaded
W/linker  (29434): libAppAuth3592800752.so has text relocations. This is wasting memory and is a security risk. Please fix.
D/AppAuth (29434): {[8847dbca27db6eb610a1beb3abd9c6599f80c75d3309aef2481f3fb6d039f661aba31c2af2217799f438044b9ae4c025]}
W/EG1.0.D.EvergladesApplication(29434): {[39EDD536BBBBC7DE99D872FF0552586D24B98B945D30213DBBC1B2D1B19A2134]}
W/EG1.0.D.InstallManager(29434): {[DAA2EB6E68377F51E30E6E890BF946AC940DDD3B14BDEA050237D71388D1F888F1AF4CB83E2C780603631E3FE5CE525A0A9173C87C1D15FE97F35FBBE5566517C3049BA7D13CB755BDD711759F2827EB]}
W/EG1.0.D.InstallManager(29434): {[DAA2EB6E68377F51E30E6E890BF946AC940DDD3B14BDEA050237D71388D1F888F1AF4CB83E2C780603631E3FE5CE525AD7F3D29CD7A70AC165DAC800177C2E153E75FC2989FDED038EFB1B52970174EEFED8868441A5B3E047BFD7C64BAF18BC]}
W/EG1.0.D.InstallManager(29434): {[DAA2EB6E68377F51E30E6E890BF946AC940DDD3B14BDEA050237D71388D1F888F1AF4CB83E2C780603631E3FE5CE525ADDCD8FD9FFAD88C0E1EBAB1FB968D188183C6F3D61D10652AA2A807B601060DE4DCCBCCE244FC73269EEE721CEE93579]}
W/EG1.0.D.InstallManager(29434): {[DAA2EB6E68377F51E30E6E890BF946AC940DDD3B14BDEA050237D71388D1F888F1AF4CB83E2C780603631E3FE5CE525A55178B918DD5C21018A76ACFE4DF56B4C961FD9AEF3DF7398DD2D69A378E15FAD1E70BAED258C2158BEE4A97C557503D]}
W/EG1.0.D.InstallManager(29434): {[DAA2EB6E68377F51E30E6E890BF946AC940DDD3B14BDEA050237D71388D1F888F1AF4CB83E2C780603631E3FE5CE525AA857018323A462FC5FE0F157479D12521E14BD3E06F4DB6BBD92DA81CD7236753D03714592983AD606909AD50879A668]}
W/EG1.0.D.InstallManager(29434): {[DAA2EB6E68377F51E30E6E890BF946AC940DDD3B14BDEA050237D71388D1F888F1AF4CB83E2C780603631E3FE5CE525AF54C8EEFA7627F6EDBFF01E9BDDB38F91CE9B7E385785990E09C4D685D0C6497C5FAD8D37E89922C65AC83CE80C25DA3]}
W/EG1.0.D.InstallManager(29434): {[DAA2EB6E68377F51E30E6E890BF946AC940DDD3B14BDEA050237D71388D1F888F1AF4CB83E2C780603631E3FE5CE525A6A27CB16E866242BFCB6E680B236374CA2DEB332B6F2D52406D298B16B6AC5288FD6C077388EEA5643541921CA6664C4]}
W/EG1.0.D.InstallManager(29434): {[DAA2EB6E68377F51E30E6E890BF946AC940DDD3B14BDEA050237D71388D1F888F1AF4CB83E2C780603631E3FE5CE525A5775C06258987660AA15F47E14A2D867696B0BCED2FC024E62DB620BC4B3D6DE7B5344FB9751340CC0573F9E4595E003]}
W/EG1.0.D.InstallManager(29434): {[DAA2EB6E68377F51E30E6E890BF946AC940DDD3B14BDEA050237D71388D1F888566E64A66072C6127A608494D64A14FE47C2EF5A1131389AAC376D4542F593E30E3D90693293C54FB552BCA8DE6050A5A11BBEAA1235714E0A287A26C31E6DC5]}
W/EG1.0.D.DebugManager(29434): {[41DED68587286F9D1A6E1F1A0FFCA51FCB23D08C3DA7127B5D5E5ADA43F27D79]}
W/EG1.0.D.DebugManager(29434): {[B1BAF225D2CD2F3B0AB4AB3B1F16808B3B5BAB9793E41F34E557D3BED6660A0602AFCF59C911EB3D64ADB757F49A86D6]}
W/System.err(29434): java.io.FileNotFoundException: /storage/emulated/0/msc_service.prop: open failed: ENOENT (No such file or directory)
W/System.err(29434): 	at libcore.io.IoBridge.open(IoBridge.java:409)
W/System.err(29434): 	at java.io.FileInputStream.<init>(FileInputStream.java:78)
W/System.err(29434): 	at com.sec.log.util.DecryptUtil.readFromFile(DecryptUtil.java:48)
W/System.err(29434): 	at com.sec.log.util.DecryptUtil.decript(DecryptUtil.java:71)
W/System.err(29434): 	at com.sec.log.util.DecryptUtil.decrypt(DecryptUtil.java:87)
W/System.err(29434): 	at com.sec.everglades.manager.debug.DebugManager.loadMSCServiceProperties(DebugManager.java:195)
W/System.err(29434): 	at com.sec.everglades.manager.debug.DebugManager.<init>(DebugManager.java:117)
W/System.err(29434): 	at com.sec.everglades.manager.debug.DebugManager.getInstance(DebugManager.java:108)
W/System.err(29434): 	at com.sec.everglades.main.InitializeManager.createDebugManager(InitializeManager.java:71)
W/System.err(29434): 	at com.sec.msc.android.common.util.Utils.getDebugManagerHubApkVersion(Utils.java:1499)
W/System.err(29434): 	at com.sec.everglades.manager.install.InstallManager.isInstalledSamsungHub(InstallManager.java:312)
W/System.err(29434): 	at com.sec.everglades.manager.install.InstallManager.<init>(InstallManager.java:193)
W/System.err(29434): 	at com.sec.everglades.manager.install.InstallManager.getInstance(InstallManager.java:82)
W/System.err(29434): 	at com.sec.everglades.main.InitializeManager.createInstallManager(InitializeManager.java:67)
W/System.err(29434): 	at com.sec.everglades.manager.install.PackageAddRemoveReceiver.onReceive(PackageAddRemoveReceiver.java:13)
W/System.err(29434): 	at android.app.ActivityThread.handleReceiver(ActivityThread.java:2552)
W/System.err(29434): 	at android.app.ActivityThread.access$1800(ActivityThread.java:161)
W/System.err(29434): 	at android.app.ActivityThread$H.handleMessage(ActivityThread.java:1341)
W/System.err(29434): 	at android.os.Handler.dispatchMessage(Handler.java:102)
W/System.err(29434): 	at android.os.Looper.loop(Looper.java:157)
W/System.err(29434): 	at android.app.ActivityThread.main(ActivityThread.java:5356)
W/System.err(29434): 	at java.lang.reflect.Method.invokeNative(Native Method)
W/System.err(29434): 	at java.lang.reflect.Method.invoke(Method.java:515)
W/System.err(29434): 	at com.android.internal.os.ZygoteInit$MethodAndArgsCaller.run(ZygoteInit.java:1265)
W/System.err(29434): 	at com.android.internal.os.ZygoteInit.main(ZygoteInit.java:1081)
W/System.err(29434): 	at dalvik.system.NativeStart.main(Native Method)
W/System.err(29434): Caused by: libcore.io.ErrnoException: open failed: ENOENT (No such file or directory)
W/System.err(29434): 	at libcore.io.Posix.open(Native Method)
W/System.err(29434): 	at libcore.io.BlockGuardOs.open(BlockGuardOs.java:110)
W/System.err(29434): 	at libcore.io.IoBridge.open(IoBridge.java:393)
W/System.err(29434): 	... 25 more
W/EG1.0.D.DebugManager(29434): {[B4BEB6AA1496E1FA812A8AF1534EF2814721FD54CA157C10F8EFCC79459AC791AAB2A2119A14807E4BA09FB27D31EEBB]}
W/EG1.0.D.DebugManager(29434): {[693CA86BF67A3EB2512C3C77BBC5F77ABA517D7CA24AB86F40A88465147C5DEA7AC77F04A42FA63C08285AD6FF0069E7]}
W/ResourceType(29434): No package identifier when getting value for resource number 0x00000000
W/EG1.0.D.Profile(29434): {[5E34939108749948755B4E5B1BEC4A86F59E0A85EB4104558DA68A51879FD3337DF7F81D86D79438C40B0059C8DDAFB9]}
W/EG1.0.D.InstallManager(29434): {[46D4871B357350EB160DD3779784287938C42979342A59913E992E79FBBB983E]}
W/EG1.0.D.InstallManager(29434): {[6877CF19F629EBC44933B70F9856FE50E1A8D59F8E4A18449054B55A118D2D19C94AE8DEEE12E69135CAA70B736B16544B100A0DD493A9800400ED0436522F91D6EB8C380E3F60F30A93876AE6C26DD1]}
W/EG1.0.D.DebugManager(29434): {[693CA86BF67A3EB2512C3C77BBC5F77ABA517D7CA24AB86F40A88465147C5DEA7AC77F04A42FA63C08285AD6FF0069E7]}
W/EG1.0.D.TAG(29434): {[0B484FB9DC9689D49F9CE0337B35AC9510B85C6C24DCF2BB3E73A9FC78B252C0]}
W/EG1.0.D.SettingPreferenceManager(29434): {[09F367D335B91AED7E145E226F155C8F18D7A551D465A5F514E6A811D3074D7B96EC0D99720376DF3FD592A3A7A0865B]}
W/EG1.0.D.SettingPreferenceManager(29434): {[559F0B3C3331B610EC8AF733B4363E4C57413A1A90D2B178582E14B3E3D501C27BEAC3D426EA2CF4557255D9CC8A159EA7B62722CE361EB035B8B6578D14AFB32C791075C1ED8E579176FC7505861E684546D2271CDC1EC6B9ECCDC89FD766E3EB2FE56418DCE6A8DE3E3EC8121B2219DC978B3DF90BE33F27B0CDAEDE5250B0]}
W/EG1.0.D.MobileCodeManager(29434): {[278EAA34700004A25467A0131E44AF5E37EEB5CBAE07DEE093927D3A5C6B72EBAC903E08F8D69CC9463ED8E41923E102]}
W/EG1.0.D.TAG(29434): {[BB3CEB32F15E866F86077E813A1476F698BADC55C82D413B0CCABF7E81367D0C4A0C9A847F6024F4080BA3D30D64FF08]}
W/EG1.0.D.Profile(29434): {[4BE812A7716A48B77D2832D02EB9240EE1F97D32C6953A1B99BEB12BA13542201EF740E08DB6B630883E933317BCBF0BDE89B801F74437C9BCCD6818C024C2FC6DC6CD3D5B05AD6E20B18CE854387C76]}
W/EG1.0.D.Profile(29434): {[4BE812A7716A48B77D2832D02EB9240EBB0AA13D6BA13CA8B1D7B45DDA59AC46EC5901CE74FF16F51CF0884A109DDC5F1770633C33D2A51599FFDD8C367A2686]}
W/EG1.0.D.InstallManager(29434): {[6877CF19F629EBC44933B70F9856FE50F7B9261B46738CEF080FCF49A041BC55BE791B97BFD193BB479A39FDD23D95C7B58A589929A11807B739C6FCC93FCCE78E0C0E78E61EECF6FC815396735259E4]}
W/EG1.0.D.DebugManager(29434): {[693CA86BF67A3EB2512C3C77BBC5F77ABA517D7CA24AB86F40A88465147C5DEA7AC77F04A42FA63C08285AD6FF0069E7]}
W/EG1.0.D.Profile(29434): {[0C4EE0286F19BCB6FDDD6750961500FC02F87C66A0F9DB93FEA0B3531CF4E98A72716952F56CFAF20419FED31DE49060]}
W/ApplicationPackageManager(29295): getCSCPackageItemText()
W/EG1.0.D.InstallManager(29434): {[6877CF19F629EBC44933B70F9856FE50E05BEAC30B3DAE023B683F47DC93775979CF3EA8D46FE010AF592F250F2E06F722731E275667137554D3B7F342F748B64EDF920D6B6C6AAEE71E3BC3C297AD51]}
W/EG1.0.D.DebugManager(29434): {[693CA86BF67A3EB2512C3C77BBC5F77ABA517D7CA24AB86F40A88465147C5DEA7AC77F04A42FA63C08285AD6FF0069E7]}
W/EG1.0.D.Profile(29434): {[7C437909ADE8DC8B1993B712207F0117D33DDBE8BFA66D9606B18102B80B77435C3D887BEDFEBC4F1FBFF7C83B9AA6CE469CDE36BC719CFAA803E01EE3D6DD69]}
W/EG1.0.D.InstallManager(29434): {[6877CF19F629EBC44933B70F9856FE5094853713605E8673B1C37BD21BE1B0D2B5E486377909F042D9CD10F876532B78D16B532CDC35D7B3B3BD3EE17CE35875680882533D06470C316FE6633A6DE997]}
W/EG1.0.D.DebugManager(29434): {[693CA86BF67A3EB2512C3C77BBC5F77ABA517D7CA24AB86F40A88465147C5DEA7AC77F04A42FA63C08285AD6FF0069E7]}
W/EG1.0.D.Profile(29434): {[B16F4C1D1BFBD0CA1B01DE39F72469493AAC0DAC677A72181948C4065FCC8CF7B3EE0EEE7A370FBE2F7234566355BAFE0DDC8127D99D8059C3DDC86C1E834D27]}
E/MP-Decision( 2198): num online cores: 4 reqd : 3 available : 4 rq_depth:2.100000 hotplug_avg_load_dw: 182
E/MP-Decision( 2198): DOWN cpu:3 core_idx:3 Ns:3.100000 Ts:240 rq:2.100000 seq:245.000000
W/EG1.0.D.InstallManager(29434): {[6877CF19F629EBC44933B70F9856FE5039C83ADB361FC087307211C9FB39EAA4C571BB1E4368556E61759DEB5ECFE70D3621FC164BB927EB60B2BB635EA6C503DB8F07D9262BE08E32C20AC4C9EE0CD9]}
W/EG1.0.D.DebugManager(29434): {[693CA86BF67A3EB2512C3C77BBC5F77ABA517D7CA24AB86F40A88465147C5DEA7AC77F04A42FA63C08285AD6FF0069E7]}
W/EG1.0.D.InstallManager(29434): {[46D4871B357350EB160DD3779784287938C42979342A59913E992E79FBBB983E]}
W/EG1.0.D.InstallManager(29434): {[6877CF19F629EBC44933B70F9856FE50E1A8D59F8E4A18449054B55A118D2D19C94AE8DEEE12E69135CAA70B736B16544B100A0DD493A9800400ED0436522F91D6EB8C380E3F60F30A93876AE6C26DD1]}
W/EG1.0.D.DebugManager(29434): {[693CA86BF67A3EB2512C3C77BBC5F77ABA517D7CA24AB86F40A88465147C5DEA7AC77F04A42FA63C08285AD6FF0069E7]}
W/EG1.0.D.SettingPreferenceManager(29434): {[09F367D335B91AED7E145E226F155C8F18D7A551D465A5F514E6A811D3074D7B96EC0D99720376DF3FD592A3A7A0865B]}
W/EG1.0.D.SettingPreferenceManager(29434): {[559F0B3C3331B610EC8AF733B4363E4C57413A1A90D2B178582E14B3E3D501C27BEAC3D426EA2CF4557255D9CC8A159EA7B62722CE361EB035B8B6578D14AFB32C791075C1ED8E579176FC7505861E684546D2271CDC1EC6B9ECCDC89FD766E3EB2FE56418DCE6A8DE3E3EC8121B2219DC978B3DF90BE33F27B0CDAEDE5250B0]}
W/EG1.0.D.Profile(29434): {[4BE812A7716A48B77D2832D02EB9240EE1F97D32C6953A1B99BEB12BA13542201EF740E08DB6B630883E933317BCBF0BDE89B801F74437C9BCCD6818C024C2FC6DC6CD3D5B05AD6E20B18CE854387C76]}
W/EG1.0.D.Profile(29434): {[4BE812A7716A48B77D2832D02EB9240EBB0AA13D6BA13CA8B1D7B45DDA59AC46EC5901CE74FF16F51CF0884A109DDC5F1770633C33D2A51599FFDD8C367A2686]}
W/EG1.0.D.InstallManager(29434): {[6877CF19F629EBC44933B70F9856FE50F7B9261B46738CEF080FCF49A041BC55BE791B97BFD193BB479A39FDD23D95C7B58A589929A11807B739C6FCC93FCCE78E0C0E78E61EECF6FC815396735259E4]}
W/EG1.0.D.DebugManager(29434): {[693CA86BF67A3EB2512C3C77BBC5F77ABA517D7CA24AB86F40A88465147C5DEA7AC77F04A42FA63C08285AD6FF0069E7]}
W/EG1.0.D.InstallManager(29434): {[6877CF19F629EBC44933B70F9856FE50E05BEAC30B3DAE023B683F47DC93775979CF3EA8D46FE010AF592F250F2E06F722731E275667137554D3B7F342F748B64EDF920D6B6C6AAEE71E3BC3C297AD51]}
W/EG1.0.D.DebugManager(29434): {[693CA86BF67A3EB2512C3C77BBC5F77ABA517D7CA24AB86F40A88465147C5DEA7AC77F04A42FA63C08285AD6FF0069E7]}
W/EG1.0.D.InstallManager(29434): {[6877CF19F629EBC44933B70F9856FE5094853713605E8673B1C37BD21BE1B0D2B5E486377909F042D9CD10F876532B78D16B532CDC35D7B3B3BD3EE17CE35875680882533D06470C316FE6633A6DE997]}
W/EG1.0.D.DebugManager(29434): {[693CA86BF67A3EB2512C3C77BBC5F77ABA517D7CA24AB86F40A88465147C5DEA7AC77F04A42FA63C08285AD6FF0069E7]}
W/EG1.0.D.InstallManager(29434): {[6877CF19F629EBC44933B70F9856FE5039C83ADB361FC087307211C9FB39EAA4C571BB1E4368556E61759DEB5ECFE70D3621FC164BB927EB60B2BB635EA6C503DB8F07D9262BE08E32C20AC4C9EE0CD9]}
W/EG1.0.D.DebugManager(29434): {[693CA86BF67A3EB2512C3C77BBC5F77ABA517D7CA24AB86F40A88465147C5DEA7AC77F04A42FA63C08285AD6FF0069E7]}
W/EG1.0.D.DebugManager(29434): {[693CA86BF67A3EB2512C3C77BBC5F77ABA517D7CA24AB86F40A88465147C5DEA7AC77F04A42FA63C08285AD6FF0069E7]}
W/EG1.0.D.com.sec.everglades.widget.EvergladesWidgetProvider(29434): {[7ED70924CFE2E2078BEA0BDB4E4E9EB68FE3579D0CF0C0C71F94E00A4249F3B2]}
W/EG1.0.D.com.sec.everglades.widget.EvergladesWidgetProvider(29434): {[A36E55454916D0BE88191A59A715BC94656CD5939242E91AA6EBEC49CA25669BE2D5F1890404ADC7C9CFBDB8632DDA9E5BE00A9A27C278E2F5F6B80FEBC23537]}
I/ActivityManager(  815): Killing 28710:com.google.android.apps.plus/u0a106 (adj 15): empty #31
I/SELinux (29456): Function: selinux_android_load_priority [0], There is no sepolicy file.
I/SELinux (29456):  
I/SELinux (29456): Function: selinux_android_load_priority , loading version is VE=SEPF_SCH-I545_4.4.2_0011
I/SELinux (29456):  
I/SELinux (29456):  
I/SELinux (29456): selinux_android_seapp_context_reload: seapp_contexts file is loaded from /seapp_contexts
D/EnterpriseDeviceManager(  815): ContainerId: 0
W/LicenseLogService(  815): log() is called by non admin
D/Finsky  (29456): [1] FinskyApp.onCreate: Initializing network with DFE https://android.clients.google.com/fdfe/
W/ApplicationPackageManager(29295): getCSCPackageItemText()
W/ApplicationPackageManager(29295): getCSCPackageItemText()
D/Amazon Music APID(29295): null
D/Finsky  (29456): [1] DailyHygiene.goMakeHygieneIfDirty: No need to run daily hygiene.
W/Settings(29456): Setting download_manager_max_bytes_over_mobile has moved from android.provider.Settings.Secure to android.provider.Settings.Global.
W/Settings(29456): Setting download_manager_recommended_max_bytes_over_mobile has moved from android.provider.Settings.Secure to android.provider.Settings.Global.
D/EnterpriseDeviceManager(  815): ContainerId: 0
W/LicenseLogService(  815): log() is called by non admin
I/ActivityManager(  815): Killing 28743:com.google.android.apps.magazines/u0a79 (adj 15): empty #31
D/EnterpriseDeviceManager(  815): ContainerId: 0
W/LicenseLogService(  815): log() is called by non admin
D/EnterpriseDeviceManager(  815): ContainerId: 0
W/LicenseLogService(  815): log() is called by non admin
I/AmazonMP3_NowPlayingCollectionHandler(29295): No Now Playing State to restore
D/EnterpriseDeviceManager(  815): ContainerId: 0
W/LicenseLogService(  815): log() is called by non admin
D/EnterpriseDeviceManager(  815): ContainerId: 0
W/LicenseLogService(  815): log() is called by non admin
E/MP-Decision( 2198): num online cores: 3 reqd : 4 available : 4 rq_depth:5.900000 hotplug_avg_load_dw: 180
E/MP-Decision( 2198): UP cpu:1 core_idx:1 Nw:1.900000 Tw:140 rq:5.900000 seq:0.000000
E/MP-Decision( 2198): UP cpu:2 core_idx:2 Nw:2.700000 Tw:90 rq:5.900000 seq:0.000000
E/MP-Decision( 2198): UP cpu:3 core_idx:3 Nw:3.500000 Tw:90 rq:5.900000 seq:98.000000
I/AmazonMP3_PlaybackService(29295): Binding to service with private interface
I/MediaFocusControl(  815):  AudioFocus  abandonAudioFocus() from android.media.AudioManager$42acd840com.amazon.mp3.playback.service.AudioFocusWrapper$1$42ad6a68
I/ActivityManager(  815): Killing 28826:com.tripadvisor.tripadvisor/u0a164 (adj 15): empty #31
I/ActivityManager(  815): Killing 28843:com.chrome.beta/u0a254 (adj 15): empty #31
I/SELinux (29506): Function: selinux_android_load_priority [0], There is no sepolicy file.
I/SELinux (29506):  
I/SELinux (29506): Function: selinux_android_load_priority , loading version is VE=SEPF_SCH-I545_4.4.2_0011
I/SELinux (29506):  
I/SELinux (29506):  
I/SELinux (29506): selinux_android_seapp_context_reload: seapp_contexts file is loaded from /seapp_contexts
D/Finsky  (29456): [1] GmsCoreHelper.cleanupNlp: result=false type=4
D/Finsky  (29456): [1] 2.run: Loaded library for account: [dWGlyrumS2OO2jctqbtdNZUwR-k]
D/Finsky  (29456): [1] 2.run: Finished loading 1 libraries.
D/Finsky  (29456): [1] RestoreTracker.stopServiceIfDone: Restore complete with 0 success and 0 failed.
E/SPPClientService(29506): ============PushLog. commonIsShipBuild. stop!
E/SPPClientService(29506): [PushClientApplication] Push log off : This is Ship build version
D/SPPClientService(29506): PushLog.txt file is not deleted.
D/SPPClientService(29506): PushLog.txt file is not deleted.
D/SPPClientService(29506): ============PushLog. stop!
I/ActivityManager(  815): Killing 28890:com.google.android.youtube/u0a181 (adj 15): empty #31
E/com.amazon.mp3/com.amazon.identity.auth.device.framework.MAPApplicationInformationQueryer(29295): Notified by action android.intent.action.PACKAGE_REMOVED to invalidate app cache
E/MP-Decision( 2198): num online cores: 4 reqd : 3 available : 4 rq_depth:1.700000 hotplug_avg_load_dw: 135
E/MP-Decision( 2198): DOWN cpu:3 core_idx:3 Ns:3.100000 Ts:240 rq:1.700000 seq:246.000000
I/SELinux (29523): Function: selinux_android_load_priority [0], There is no sepolicy file.
I/SELinux (29523):  
I/SELinux (29523): Function: selinux_android_load_priority , loading version is VE=SEPF_SCH-I545_4.4.2_0011
I/SELinux (29523):  
I/SELinux (29523):  
I/SELinux (29523): selinux_android_seapp_context_reload: seapp_contexts file is loaded from /seapp_contexts
D/EnterpriseDeviceManager(  815): ContainerId: 0
W/LicenseLogService(  815): log() is called by non admin
I/MediaFocusControl(  815):   Remote Control   registerMediaButtonIntent() for PendingIntent{4385ce40: PendingIntentRecord{45bf35e0 com.amazon.mp3 broadcastIntent}}
V/MediaFocusControl(  815): updating focussed RCC change to RCD: CallingPackageName:com.amazon.mp3 isFocussed:false isAvailable:true
V/KeyguardUpdateMonitor( 1288): handleSetGenerationId(g=511, clear=true)
E/MP-Decision( 2198): num online cores: 3 reqd : 2 available : 4 rq_depth:1.900000 hotplug_avg_load_dw: 124
E/MP-Decision( 2198): DOWN cpu:2 core_idx:2 Ns:2.100000 Ts:240 rq:1.900000 seq:241.000000
E/MP-Decision( 2198): num online cores: 2 reqd : 3 available : 4 rq_depth:2.700000 hotplug_avg_load_dw: 141
E/MP-Decision( 2198): UP cpu:1 core_idx:1 Nw:1.900000 Tw:140 rq:2.700000 seq:0.000000
E/MP-Decision( 2198): UP cpu:2 core_idx:2 Nw:2.700000 Tw:90 rq:2.700000 seq:98.000000
D/dalvikvm(28878): GC_CONCURRENT freed 4480K, 15% free 34909K/40592K, paused 3ms+6ms, total 119ms
D/dalvikvm(28878): WAIT_FOR_CONCURRENT_GC blocked 85ms
I/SELinux (29545): Function: selinux_android_load_priority [0], There is no sepolicy file.
I/SELinux (29545):  
I/SELinux (29545): Function: selinux_android_load_priority , loading version is VE=SEPF_SCH-I545_4.4.2_0011
I/SELinux (29545):  
I/SELinux (29545):  
I/SELinux (29545): selinux_android_seapp_context_reload: seapp_contexts file is loaded from /seapp_contexts
W/GAV2    (29523): Thread[main,5,main]: Need to call initialize() and be in fallback mode to start dispatch.
I/ActivityManager(  815): Killing 28856:com.HBO/u0a279 (adj 15): empty #31
E/MP-Decision( 2198): num online cores: 3 reqd : 4 available : 4 rq_depth:5.500000 hotplug_avg_load_dw: 158
E/MP-Decision( 2198): UP cpu:1 core_idx:1 Nw:1.900000 Tw:140 rq:5.500000 seq:0.000000
E/MP-Decision( 2198): UP cpu:2 core_idx:2 Nw:2.700000 Tw:90 rq:5.500000 seq:0.000000
E/MP-Decision( 2198): UP cpu:3 core_idx:3 Nw:3.500000 Tw:90 rq:5.500000 seq:98.000000
D/dalvikvm(29545): Trying to load lib /data/app-lib/com.google.android.apps.plus-1/libcrashreporter.so 0x4291a0f8
D/dalvikvm(29545): Added shared lib /data/app-lib/com.google.android.apps.plus-1/libcrashreporter.so 0x4291a0f8
D/EnterpriseDeviceManager(  815): ContainerId: 0
W/LicenseLogService(  815): log() is called by non admin
D/EnterpriseDeviceManager(  815): ContainerId: 0
W/LicenseLogService(  815): log() is called by non admin
D/EnterpriseDeviceManager(  815): ContainerId: 0
W/LicenseLogService(  815): log() is called by non admin
D/EnterpriseDeviceManager(  815): ContainerId: 0
W/LicenseLogService(  815): log() is called by non admin
D/EnterpriseDeviceManager(  815): ContainerId: 0
I/SELinux (29577): Function: selinux_android_load_priority [0], There is no sepolicy file.
I/SELinux (29577):  
I/SELinux (29577): Function: selinux_android_load_priority , loading version is VE=SEPF_SCH-I545_4.4.2_0011
I/SELinux (29577):  
I/SELinux (29577):  
I/SELinux (29577): selinux_android_seapp_context_reload: seapp_contexts file is loaded from /seapp_contexts
W/LicenseLogService(  815): log() is called by non admin
D/EnterpriseDeviceManager(  815): ContainerId: 0
W/LicenseLogService(  815): log() is called by non admin
D/dalvikvm(  278): GC_EXPLICIT freed 44K, 36% free 17181K/26488K, paused 3ms+3ms, total 36ms
D/dalvikvm(  278): GC_EXPLICIT freed <1K, 36% free 17181K/26488K, paused 2ms+3ms, total 23ms
D/PackageBroadcastService( 1691): Received broadcast action=android.intent.action.PACKAGE_REMOVED and uri=com.phonegap.helloworld
D/dalvikvm(  278): GC_EXPLICIT freed <1K, 36% free 17181K/26488K, paused 2ms+3ms, total 23ms
I/SELinux (29591): Function: selinux_android_load_priority [0], There is no sepolicy file.
I/SELinux (29591):  
I/SELinux (29591): Function: selinux_android_load_priority , loading version is VE=SEPF_SCH-I545_4.4.2_0011
I/SELinux (29591):  
I/SELinux (29591):  
I/SELinux (29591): selinux_android_seapp_context_reload: seapp_contexts file is loaded from /seapp_contexts
I/MultiDex(29577): install
I/MultiDex(29577): MultiDexExtractor.load(/data/app/com.google.android.gms-5.apk, false)
I/MultiDex(29591): install
I/MultiDex(29577): loading existing secondary dex files
I/MultiDex(29577): load found 1 secondary dex files
I/MultiDex(29591): MultiDexExtractor.load(/data/app/com.google.android.gms-5.apk, false)
I/MultiDex(29591): loading existing secondary dex files
I/MultiDex(29591): load found 1 secondary dex files
I/MultiDex(29577): install done
I/MultiDex(29591): install done
I/ProviderInstaller(29591): Insert disabled by gate 'gms:security:enable_conscrypt_in_gms_application'
I/ProviderInstaller(29577): Insert disabled by gate 'gms:security:enable_conscrypt_in_gms_application'
I/iu.UploadsManager(29545): #reloadSettings(); account: null; pageID: none; IU: disabled; IS: disabled; photoWiFi: true; videoWiFi: true; roam: false; battery: true; size: FULL; maxMobile: 157286400
I/ActivityManager(  815): Killing 28878:com.tinder/u0a346 (adj 15): empty #31
W/Settings( 1288): Setting data_roaming has moved from android.provider.Settings.Secure to android.provider.Settings.Global.
D/STATUSBAR-NetworkController( 1288): onSignalStrengthsChanged signalStrength=SignalStrength: 99 99 -120 -160 -120 -1 -1 99 2147483647 2147483647 2147483647 -1 2147483647 cdma 0x0 level=0
D/STATUSBAR-NetworkController( 1288): Data Activity icon disapeared.
D/STATUSBAR-NetworkController( 1288): updateRomaingNotification DataRoaming:false mDataRoamingTypeForVZW : 0
V/ApplicationPolicy(  815): isApplicationStateBlocked userId 0 pkgname com.google.android.gms
I/SELinux (29612): Function: selinux_android_load_priority [0], There is no sepolicy file.
I/SELinux (29612):  
I/SELinux (29612): Function: selinux_android_load_priority , loading version is VE=SEPF_SCH-I545_4.4.2_0011
I/SELinux (29612):  
I/SELinux (29612):  
I/SELinux (29612): selinux_android_seapp_context_reload: seapp_contexts file is loaded from /seapp_contexts
I/dalvikvm(29612): Enabling JNI app bug workarounds for target SDK version 4...
I/SELinux (29633): Function: selinux_android_load_priority [0], There is no sepolicy file.
I/SELinux (29633):  
I/SELinux (29633): Function: selinux_android_load_priority , loading version is VE=SEPF_SCH-I545_4.4.2_0011
I/SELinux (29633):  
I/SELinux (29633):  
I/SELinux (29633): selinux_android_seapp_context_reload: seapp_contexts file is loaded from /seapp_contexts
I/ActivityManager(  815): Killing 28942:com.fidelity.android/u0a245 (adj 15): empty #31
I/iu.UploadsManager(29545): End new media; added: 0, uploading: 0, time: 163 ms
I/iu.Environment(29545): update battery state; isPlugged? true*
I/iu.Environment(29545): update connectivity state; isNetworkMetered? false, isRoaming? false, isBackgroundDataAllowed? false
I/iu.FingerprintManager(29545): Start processing all media
I/iu.FingerprintManager(29545): Start processing media store URI: content://media/external/images/media
W/EDMNativeHelper(  265): EDMNativeHelperService is published
I/iu.FingerprintManager(29545): Start processing media store URI: content://media/external/video/media
I/iu.FingerprintManager(29545): Start processing media store URI: content://media/phoneStorage/images/media
I/iu.FingerprintManager(29545): Start processing media store URI: content://media/phoneStorage/video/media
I/iu.FingerprintManager(29545): Finished generating fingerprints; 0.142 seconds
I/iu.FingerprintManager(29545):   numSeen=169 numGenerated=0 numDeleted=0 numFailed=0
I/ActivityManager(  815): Killing 28982:com.snapchat.android/u0a215 (adj 15): empty #31
D/assets  (29577): performGC: starting
D/assets  (29577): performGC: complete, purged 0 assets in 3 ms
D/CatchMeIfYouCan(29633): Process (dash) ca: '/data/data/com.facebook.katana/app_cmiyc/0C66B38F48468E96F8008B6D5A2AE33B4A60265E01'
D/CatchMeIfYouCan(29633): Process (dash) fc: '/data/data/com.facebook.katana/app_cmiyc/0C66B38F48468E96F8008B6D5A2AE33B4A60265E02'
D/CatchMeIfYouCan(29633): Process (dash) cp: '('dash', 6, 60000, silent [true], restart [true], logout [true])'
I/AmazonMP3_RequestDispatcher(29295): ensureFordSyncConnection
D/ACRA    (29633): ACRA is enabled for com.facebook.katana, intializing...
D/ACRA    (29633): Looking for error files in /data/data/com.facebook.katana/app_acra-reports
D/ACRA    (29633): Looking for error files in /data/data/com.facebook.katana/app_minidumps
D/dalvikvm(29633): Trying to load lib /data/app-lib/com.facebook.katana-5/libfb_stl_shared.so 0x42910600
D/dalvikvm(29633): Added shared lib /data/app-lib/com.facebook.katana-5/libfb_stl_shared.so 0x42910600
D/dalvikvm(29633): No JNI_OnLoad found in /data/app-lib/com.facebook.katana-5/libfb_stl_shared.so 0x42910600, skipping init
D/dalvikvm(29633): Trying to load lib /data/app-lib/com.facebook.katana-5/libfb_breakpad_client.so 0x42910600
D/dalvikvm(29633): Added shared lib /data/app-lib/com.facebook.katana-5/libfb_breakpad_client.so 0x42910600
D/SystemClassLoaderAdder(29633): Marked as initialized entry corresponding to path /data/app/com.facebook.katana-5.apk
V/DexLibLoader(29633): Preparing secondary program dexes from null
V/DexLibLoader(29633): Loaded 4 raw lines of metadata.
V/DexLibLoader(29633): Secondary program dex metadata: secondary-1.dex.jar.xz 7a976a0737363664d1947f2f1606b9f577f0c65e secondary.dex01.Canary
V/DexLibLoader(29633): Secondary program dex metadata: secondary-2.dex.jar.xz 8d5adece970f46a2d1e34f851b46d7012b11bf22 secondary.dex02.Canary
V/DexLibLoader(29633): Secondary program dex metadata: secondary-3.dex.jar.xz 7e5df51810996cd3506c778570a82bb9d8e5232e secondary.dex03.Canary
V/DexLibLoader(29633): Secondary program dex metadata: secondary-4.dex.jar.xz 8d60f17b536a73a29ec2e22567c201b453b99467 secondary.dex04.Canary
W/DexLibLoader(29633): Unexpected file in program dex directory: /data/data/com.facebook.katana/app_secondary_program_dex/temp_dex_lock
V/DexLibLoader(29633): Preparing to extract secondary-1.dex.jar.xz to /data/data/com.facebook.katana/app_secondary_program_dex/program-7a976a0737363664d1947f2f1606b9f577f0c65efa00f5d0.dex.jar
V/DexLibLoader(29633): Dex already copied
D/OdexVerifier(29633): Odex verification is skipped.
V/DexLibLoader(29633): Creating class loader
V/DexLibLoader(29633): Finished creating class loader
V/DexLibLoader(29633): Preparing to extract secondary-2.dex.jar.xz to /data/data/com.facebook.katana/app_secondary_program_dex/program-8d5adece970f46a2d1e34f851b46d7012b11bf22fa00f5d0.dex.jar
V/DexLibLoader(29633): Dex already copied
D/OdexVerifier(29633): Odex verification is skipped.
V/DexLibLoader(29633): Creating class loader
V/DexLibLoader(29633): Finished creating class loader
V/DexLibLoader(29633): Preparing to extract secondary-3.dex.jar.xz to /data/data/com.facebook.katana/app_secondary_program_dex/program-7e5df51810996cd3506c778570a82bb9d8e5232efa00f5d0.dex.jar
V/DexLibLoader(29633): Dex already copied
D/OdexVerifier(29633): Odex verification is skipped.
V/DexLibLoader(29633): Creating class loader
V/DexLibLoader(29633): Finished creating class loader
V/DexLibLoader(29633): Preparing to extract secondary-4.dex.jar.xz to /data/data/com.facebook.katana/app_secondary_program_dex/program-8d60f17b536a73a29ec2e22567c201b453b99467fa00f5d0.dex.jar
V/DexLibLoader(29633): Dex already copied
D/OdexVerifier(29633): Odex verification is skipped.
V/DexLibLoader(29633): Creating class loader
V/DexLibLoader(29633): Finished creating class loader
V/DexLibLoader(29633): Verifying classes from secondary dexes.
D/DexLibLoader(29633): DexLibLoader.ensureDexLoaded took 73 ms
D/dalvikvm(29633): Trying to load lib /data/app-lib/com.facebook.katana-5/libfb_dalvik-internals.so 0x42910600
D/dalvikvm(29633): Added shared lib /data/app-lib/com.facebook.katana-5/libfb_dalvik-internals.so 0x42910600
E/MP-Decision( 2198): num online cores: 4 reqd : 3 available : 4 rq_depth:1.000000 hotplug_avg_load_dw: 85
E/MP-Decision( 2198): DOWN cpu:3 core_idx:3 Ns:3.100000 Ts:240 rq:1.000000 seq:245.000000
E/MP-Decision( 2198): num online cores: 3 reqd : 2 available : 4 rq_depth:1.000000 hotplug_avg_load_dw: 56
E/MP-Decision( 2198): DOWN cpu:2 core_idx:2 Ns:2.100000 Ts:240 rq:1.000000 seq:241.000000
I/dalvik-internals(29633): Successfully looked up JNI_GetCreatedJavaVMs
I/dalvik-internals(29633): Successfully looked up gDvm
E/dalvik-internals(29633): Failed to look up ladDumpProfiles
E/dalvik-internals(29633): Failed to look up ladResetProfiles
E/dalvik-internals(29633): Failed to look up ladPrintHeaderInfo
I/dalvik-internals(29633): gDvm has value 0x416fcdb0.  Searching for vmList (initial offset in [704,1480]).
I/dalvik-internals(29633): Beginning search.  Actual offset in [704,1468].
E/dalvik-internals(29633): Failed to find vmList in gDvm.  Going to brute-force search for LinearAllocHdr.
D/dalvik-internals(29633): Evaluating LinearAllocHdr candidate at 0x4162c6c0.
I/dalvik-internals(29633): Found LinearAllocHdr (with no vmList) at offset 948.
V/AlarmManager(  815): waitForAlarm result :4
V/AlarmManager(  815): trigger ELAPSED_REALTIME_WAKEUP or RTC_WAKEUP
W/dalvikvm(29633): method Lcom/facebook/reflex/view/AbstractListView;.invalidate incorrectly overrides package-private method with same name in Landroid/view/View;
