W/LicenseLogService(  815): log() is called by non admin
W/ActivityManager(  815): Unable to start service Intent { flg=0x20 cmp=sec_container_1.com.android.email/com.android.email.service.AttachmentDownloadService } U=0: not found
D/BadgeProvider(29037): onCreate
D/BadgeProvider(29037): DatabaseHelper
D/BadgeProvider(29037): query, [selection] : package='sec_container_1.com.android.email' AND class='com.android.email.activity.Welcome' AND extraData='base_extra_badge'
I/ActivityManager(  815): Killing 27874:sec_container_1.com.android.calendar/u0a336 (adj 15): empty #31
D/SecSCTimeReceiver(  815): onReceive : SecureClock Deactivate.
I/ActivityManager(  815): Killing 27800:com.sec.android.app.popupuireceiver/1000 (adj 15): empty #31
D/Launcher.Model( 1623): reloadBadges entered.
I/PCWCLIENTTRACE_PushUtil(28369): SPPPushClient is installed : true
I/PCWCLIENTTRACE_PushUtil(28369): sales region : global
I/PCWCLIENTTRACE_PushUtil(28369): getPushTypeList : [SPP, GCM]
I/PCWCLIENTTRACE_SYSTEMReceiver(28369): [onReceive] - android.net.conn.CONNECTIVITY_CHANGE
I/PCWCLIENTTRACE_SYSTEMReceiver(28369): noConnectivity : true
D/BadgeProvider(29037): sendNotify entered. [uri] : content://com.sec.badge/apps/9
D/BadgeProvider(29037): sendNotify, [notify] : null
D/BadgeProvider(29037): update, [uri] : content://com.sec.badge/apps/9
D/BadgeProvider(29037): update, [BadgeCount] : badgecount=0
D/BadgeProvider(29037): update, [UpdateCount] : 1
I/System.out(29032): adding to reverse Proxy in array list com.evernote
I/System.out(29032): adding to reverse Proxy in array list com.infinitysw.powerone
I/System.out(29032): adding to reverse Proxy in array list com.webroot.secureweb
I/System.out(29032): adding to reverse Proxy in array list com.adobe.reader
I/WarmSocketReceiver(28348): CONNECTIVITY CHANGE for TYPE: 0 mobile
I/WakeLockManager(28348): Creating WakeLock: wlHPConnChange
I/WakeLockManager(28348): WAKELOCK wlHPConnChange ACQUIRED
D/WarmSocketReceiver(28348): ---------isConnected = false WarmSocketService.m_isConnected = 1
E/ECS_EnterpriseContainerService(  815): getMountStatus() permission get it
D/ECS_StateManager(  815):  Container Id:1
D/ECS_StateManager(  815):  Got the currState in HASH
D/ECS_StateManager(  815):  Current Status in DB:6
D/ECS_StateManager(  815):  NewState :CSSTATE_VERIFY_PWD
D/ECS_EnterpriseContainerService(  815): currentStateId: 6
I/MobileHipriConnectionManager(28348): Network type: [0] mobile subtype [CDMA - 1xRTT]
I/MobileHipriConnectionManager(28348): Network type: [1] WIFI subtype []
I/MobileHipriConnectionManager(28348): Network type: [2] mobile_mms subtype [CDMA - 1xRTT]
I/MobileHipriConnectionManager(28348): Network type: [3] mobile_supl subtype [CDMA - 1xRTT]
I/MobileHipriConnectionManager(28348): Network type: [4] mobile_dun subtype [CDMA - 1xRTT]
I/MobileHipriConnectionManager(28348): Network type: [5] mobile_hipri subtype [CDMA - 1xRTT]
I/MobileHipriConnectionManager(28348): Network type: [7] BLUETOOTH_TETHER subtype []
I/MobileHipriConnectionManager(28348): Network type: [10] mobile_fota subtype [CDMA - 1xRTT]
I/MobileHipriConnectionManager(28348): Network type: [11] mobile_ims subtype [CDMA - 1xRTT]
I/MobileHipriConnectionManager(28348): Network type: [12] mobile_cbs subtype [CDMA - 1xRTT]
I/MobileHipriConnectionManager(28348): Network type: [13] WIFI_P2P subtype []
I/MobileHipriConnectionManager(28348): Network type: [24] mobile_cas subtype [CDMA - 1xRTT]
I/WakeLockManager(28348): Release: wlHPConnChange
I/WakeLockManager(28348): WAKELOCK wlHPConnChange RELEASED
E/BadgeCache( 1623): 2. Do not updateBadgeCounts!!, multiple data for appIndex=2
D/PhoneNumberLocatorBootCompletedReceiver( 1454): onReceive
D/PhoneNumberLocatorBootCompletedReceiver( 1454): Phone number locator feature is dsiabled
D/MobileConnectivityChangeReceiver(28365): onReceive Intent { act=android.net.conn.CONNECTIVITY_CHANGE flg=0x4000010 cmp=com.google.android.setupwizard/.MobileConnectivityChangeReceiver (has extras) }
D/MobileConnectivityChangeReceiver(28365): onReceive CONNECTIVITY_CHANGE networkType=0
D/MobileConnectivityChangeReceiver(28365): onReceive CONNECTIVITY_CHANGE: not connected|connecting, ignore
E/ECS_EnterpriseContainerService(  815): getMountStatus() permission get it
D/ECS_StateManager(  815):  Container Id:1
D/ECS_StateManager(  815):  Got the currState in HASH
D/ECS_StateManager(  815):  Current Status in DB:6
D/ECS_StateManager(  815):  NewState :CSSTATE_VERIFY_PWD
D/ECS_EnterpriseContainerService(  815): currentStateId: 6
I/SA      (28406): [OR] onReceive log=[SA = 1.5.0324 V = 19 HWD = 1920X1080 3.0 dpi = 480  SIZE = 2 LOCALE = en_US CSC = VZW MCC = 311 MNC 480 T = user DEVICE = jfltevzw P = jfltevzw I = KOT49H M = SCH-I545 OKLEFT false DIS KOT49H.I545VRUFNC5 PSS = 4.978872676241149  ]
I/SA      (28406): [BDLM] already registered in spp
I/SA      (28406): [OR] onReceive Intent=[ conn.CONNECTIVITY_CHANGE. ]
I/SA      (28406): [OR] == ACTION_CONNECTIVITY_CHANGE ==
I/SA      (28406): [TPMU] isSIMCardReady() - phoneType:CDMA
I/SA      (28406): [TPMU] getMccFromUsim : 311
I/SA      (28406): [SCU] saveMccToPreferece Start
I/SA      (28406): [SCU] RegionMCC : 311
I/SA      (28406): [SSP] query invoked
I/SA      (28406): [AESC] decrypt START
I/SA      (28406): [AESC] decrypt END
I/SA      (28406): [TPMU] mcc decrypted.
I/SA      (28406): [TPMU] GetMccFromDB : 310
I/SA      (28406): [SCU] getMccFromPreferece mcc = 311
I/SA      (28406): [SCU] saveMccToPreferece End
I/SA      (28406): [OR] onReceive END
E/ECS_EnterpriseContainerService(  815): getMountStatus() permission get it
D/ECS_StateManager(  815):  Container Id:1
D/ECS_StateManager(  815):  Got the currState in HASH
D/ECS_StateManager(  815):  Current Status in DB:6
D/ECS_StateManager(  815):  NewState :CSSTATE_VERIFY_PWD
D/ECS_EnterpriseContainerService(  815): currentStateId: 6
W/ContextImpl(29032): Implicit intents with startService are not safe: Intent { act=sec_container_1.com.android.email.EXCHANGE_INTENT flg=0x20 } android.content.ContextWrapper.startService:506 com.samsung.redex.proxy.app.ReDexService.startService:-1 com.android.exchange.ExchangeService$9.run:-1 
W/ContextImpl(29032): Implicit intents with startService are not safe: Intent { act=sec_container_1.com.android.email.ACCOUNT_INTENT flg=0x20 } android.content.ContextWrapper.bindService:529 com.samsung.redex.proxy.content.ReDexContext.bindService:-1 com.android.emailcommon.service.ServiceProxy.setTask:-1 
E/ECS_EnterpriseContainerService(  815): getMountStatus() permission get it
D/ECS_StateManager(  815):  Container Id:1
D/ECS_StateManager(  815):  Got the currState in HASH
D/ECS_StateManager(  815):  Current Status in DB:6
D/ECS_StateManager(  815):  NewState :CSSTATE_VERIFY_PWD
D/ECS_EnterpriseContainerService(  815): currentStateId: 6
E/ECS_EnterpriseContainerService(  815): getMountStatus() permission get it
D/ECS_StateManager(  815):  Container Id:1
D/ECS_StateManager(  815):  Got the currState in HASH
D/ECS_StateManager(  815):  Current Status in DB:6
D/ECS_StateManager(  815):  NewState :CSSTATE_VERIFY_PWD
D/ECS_EnterpriseContainerService(  815): currentStateId: 6
W/ContextImpl(29032): Implicit intents with startService are not safe: Intent { act=sec_container_1.com.android.email.ACCOUNT_INTENT flg=0x20 } android.content.ContextWrapper.bindService:529 com.samsung.redex.proxy.content.ReDexContext.bindService:-1 com.android.emailcommon.service.ServiceProxy.setTask:-1 
W/ContextImpl(29011): Implicit intents with startService are not safe: Intent { act=sec_container_1.com.android.email.EXCHANGE_INTENT flg=0x20 } android.content.ContextWrapper.startService:506 com.samsung.redex.proxy.app.ReDexService.startService:-1 com.samsung.redex.proxy.content.ReDexContext.startService:-1 
W/ContextImpl(29032): Implicit intents with startService are not safe: Intent { act=sec_container_1.com.android.email.ACCOUNT_INTENT flg=0x20 } android.content.ContextWrapper.bindService:529 com.samsung.redex.proxy.content.ReDexContext.bindService:-1 com.android.emailcommon.service.ServiceProxy.setTask:-1 
W/ContextImpl(29011): Implicit intents with startService are not safe: Intent { act=sec_container_1.com.android.email.EXCHANGE_INTENT flg=0x20 } android.content.ContextWrapper.bindService:529 com.samsung.redex.proxy.app.ReDexApplication.bindService:-1 com.samsung.redex.proxy.content.ReDexContext.bindService:-1 
E/ECS_EnterpriseContainerService(  815): getMountStatus() permission get it
D/ECS_StateManager(  815):  Container Id:1
D/ECS_StateManager(  815):  Got the currState in HASH
D/ECS_StateManager(  815):  Current Status in DB:6
D/ECS_StateManager(  815):  NewState :CSSTATE_VERIFY_PWD
D/ECS_EnterpriseContainerService(  815): currentStateId: 6
E/ECS_EnterpriseContainerService(  815): getMountStatus() permission get it
D/ECS_StateManager(  815):  Container Id:1
D/ECS_StateManager(  815):  Got the currState in HASH
D/ECS_StateManager(  815):  Current Status in DB:6
D/ECS_StateManager(  815):  NewState :CSSTATE_VERIFY_PWD
D/ECS_EnterpriseContainerService(  815): currentStateId: 6
I/KLMS-2.2.113 : (28423): MainReciver() : EventNotificationReciver- method called: AppActivityListner onReceive for Intent Action : android.net.conn.CONNECTIVITY_CHANGE , timestamp: 1405647211860
W/ContextImpl(29032): Implicit intents with startService are not safe: Intent { act=sec_container_1.com.android.email.ACCOUNT_INTENT flg=0x20 } android.content.ContextWrapper.bindService:529 com.samsung.redex.proxy.content.ReDexContext.bindService:-1 com.android.emailcommon.service.ServiceProxy.setTask:-1 
I/ActivityManager(  815): Killing 27897:com.android.vending/u0a101 (adj 15): empty #31
E/ECS_EnterpriseContainerService(  815): getMountStatus() permission get it
D/ECS_StateManager(  815):  Container Id:1
D/ECS_StateManager(  815):  Got the currState in HASH
D/ECS_StateManager(  815):  Current Status in DB:6
D/ECS_StateManager(  815):  NewState :CSSTATE_VERIFY_PWD
D/ECS_EnterpriseContainerService(  815): currentStateId: 6
E/ECS_EnterpriseContainerService(  815): getMountStatus() permission get it
D/ECS_StateManager(  815):  Container Id:1
D/ECS_StateManager(  815):  Got the currState in HASH
D/ECS_StateManager(  815):  Current Status in DB:6
D/ECS_StateManager(  815):  NewState :CSSTATE_VERIFY_PWD
D/ECS_EnterpriseContainerService(  815): currentStateId: 6
D/dalvikvm(28878): GC_CONCURRENT freed 5931K, 19% free 30882K/37940K, paused 2ms+4ms, total 83ms
D/dalvikvm(28878): WAIT_FOR_CONCURRENT_GC blocked 60ms
D/dalvikvm(28878): WAIT_FOR_CONCURRENT_GC blocked 60ms
D/FvSyncService( 4252): postScheduleNextSync nextSyncTime : 86461672, pIntent : PendingIntent{42c47138: android.os.BinderProxy@42f468d0}
V/com.amazon.dcp.messaging.OdotService$ScheduleFlushReceiver( 4252): Received Intent android.net.conn.CONNECTIVITY_CHANGE
W/ContextImpl( 4252): Implicit intents with startService are not safe: Intent { act=com.amazon.dcp.messaging.action.SCHEDULE_FLUSH } android.content.ContextWrapper.startService:506 android.content.ContextWrapper.startService:506 com.amazon.dcp.messaging.OdotService$ScheduleFlushReceiver.onReceive:52 
I/com.amazon.dcp.framework.LongRunningIntentService( 4252): LongRunningIntentService OdotService is starting.
I/com.amazon.dcp.messaging.OdotService( 4252): OdotService received intent: Intent { act=com.amazon.dcp.messaging.action.SCHEDULE_FLUSH }
V/com.amazon.dcp.messaging.MessageProcessingSchedulerService$MessageProcessingSchedulerReceiver( 4252): Received Intent android.net.conn.CONNECTIVITY_CHANGE
W/ContextImpl( 4252): Implicit intents with startService are not safe: Intent { act=com.amazon.dcp.messaging.action.CONNECTIVITY_CHANGE (has extras) } android.content.ContextWrapper.startService:506 android.content.ContextWrapper.startService:506 com.amazon.dcp.messaging.MessageProcessingSchedulerService$MessageProcessingSchedulerReceiver.onReceive:55 
I/com.amazon.dcp.messaging.OdotServiceHelper( 4252): Schedule Flush: No connectivity, cancelling alarm
I/com.amazon.dcp.framework.AmazonIntentService( 4252): Service Received: Intent { act=com.amazon.dcp.messaging.action.CONNECTIVITY_CHANGE (has extras) }
V/com.amazon.dcp.messaging.MessageProcessingSchedulerService( 4252): Received Intent com.amazon.dcp.messaging.action.CONNECTIVITY_CHANGE
V/com.amazon.dcp.messaging.MessageProcessingScheduler( 4252): Logging metric for connectivity changed -> false
I/com.amazon.dcp.metrics.SingleAppMetricsCollector( 4252): IncrementCounter: (I) Grover:Messaging:ConnectivityChanged,Disconnected=1
V/com.amazon.dcp.messaging.MessageProcessingScheduler( 4252): Attempting to refresh the message processing scheduler
I/com.amazon.dcp.messaging.MessageProcessingScheduler( 4252): Skipping message processing because we have no connection.
I/com.amazon.dcp.messaging.MessageProcessingScheduler( 4252): Skipping message processing because it hasn't been long enough since the last one.
I/com.amazon.dcp.metrics.SingleAppMetricsCollector( 4252): IncrementCounter: (I) Grover:Messaging:CheckForUpdate,NotReady=1,NotConnected=1
V/SetupWizard --> ConnectivityChangeReceiver( 6903):  Connectivity Change event Occured start the device Registration Service 
V/SetupWizard --> DeviceRegistrationService( 6903): onStartCommand
V/SetupWizard --> DeviceRegistrationService( 6903): performDeviceRegistration
V/SetupWizard --> DeviceRegistrationService( 6903):  Is Device Registration In Progress : false isEulaTermsAccepted ? false
V/SetupWizard --> DeviceRegistrationService( 6903):  Can't Start The Device Registration 
W/ContextImpl( 6903): Calling a method in the system process without a qualified user: android.app.ContextImpl.startService:1824 android.content.ContextWrapper.startService:506 android.content.ContextWrapper.startService:506 com.sec.android.app.setupwizard.deviceregistration.ConnectivityChangeReceiver.onReceive:20 android.app.ActivityThread.handleReceiver:2552 
D/com.peel.receiver.ConnectivityActionReceiver(11315): ConnectivityActionReceiver onReceive
D/com.peel.receiver.ConnectivityActionReceiver(11315): 
D/com.peel.receiver.ConnectivityActionReceiver(11315): 
D/com.peel.receiver.ConnectivityActionReceiver(11315): last run: 1405611639402 -- System.currentTimeMillis()-last_run: 35572656
D/com.peel.receiver.ConnectivityActionReceiver(11315): ... skip 
E/SPPClientService(19905): [[SystemStateMonitorService]] SystemStateMonitorService : noConnect? : true
E/SPPClientService(19905): [[SystemStateMonitorService]] No Active Internet
I/iu.Environment(28710): update connectivity state; isNetworkMetered? false, isRoaming? false, isBackgroundDataAllowed? false
D/GCM     ( 1780): GcmService start Intent { act=android.net.conn.CONNECTIVITY_CHANGE flg=0x4000010 cmp=com.google.android.gms/.gcm.GcmService (has extras) } android.net.conn.CONNECTIVITY_CHANGE
W/Settings( 1288): Setting data_roaming has moved from android.provider.Settings.Secure to android.provider.Settings.Global.
D/STATUSBAR-NetworkController( 1288): onSignalStrengthsChanged signalStrength=SignalStrength: 99 99 -100 -130 -120 -1 -1 99 2147483647 2147483647 2147483647 -1 2147483647 cdma 0x10 level=1
D/STATUSBAR-NetworkController( 1288): Data Activity icon disapeared.
D/STATUSBAR-NetworkController( 1288): updateRomaingNotification DataRoaming:false mDataRoamingTypeForVZW : 0
D/AlarmManagerService(  815): Kernel timezone updated to 240 minutes west of GMT
W/Settings( 1454): Setting airplane_mode_on has moved from android.provider.Settings.System to android.provider.Settings.Global, returning read-only value.
D/KeyguardUpdateMonitor( 1288): received broadcast android.provider.Telephony.SPN_STRINGS_UPDATED
D/KeyguardUpdateMonitor( 1288): Received SPN update on sub :0
W/Settings( 1288): Setting data_roaming has moved from android.provider.Settings.Secure to android.provider.Settings.Global.
D/SCONEProxyService( 1487): onServiceStateChanged() state=1 0 home  Unknown:0 1xRTT:6 CSS not supported 0 0 RoamInd=1 DefRoamInd=1 EmergOnly=false
D/KeyguardUpdateMonitor( 1288): handleCarrierInfoUpdate: plmn = Searching for Service, spn = null, subscription = 0
D/Mms/DownloadManager( 2747): Service state changed: Bundle[mParcelledData.dataSize=804]
D/STATUSBAR-NetworkController( 1288): onReceive() - SPN_STRINGS_UPDATED_ACTION
D/STATUSBAR-NetworkController( 1288): Data Activity icon disapeared.
D/STATUSBAR-NetworkController( 1288): updateRomaingNotification DataRoaming:false mDataRoamingTypeForVZW : 0
D/STATUSBAR-NetworkController( 1288): onServiceStateChanged voiceState=1 dataState=0
D/StatusBar.NetworkController( 1288): getDataServiceState : dataServiceState = 0
D/STATUSBAR-NetworkController( 1288): isCdma(), !isCdmaEri(), mRoamingIconId = 0
D/STATUSBAR-NetworkController( 1288): CDMA : disabled icon displayed
D/Mms/DownloadManager( 2747): roaming ------> false
D/Mms/DownloadManager( 2747): mAutoDownload ------> true
W/Settings( 1288): Setting data_roaming has moved from android.provider.Settings.Secure to android.provider.Settings.Global.
V/RcsCallTracker( 1454): Service state changed
D/PhoneApp( 1454): globalmodetype : 10
D/PhoneApp( 1454): isGlobalMode true provisioned : true doNotShow : false
D/PhoneApp( 1454): PhoneUtils.isFactoryMode() : false simInserted : true
D/PhoneApp( 1454): networkMode : 10
D/STATUSBAR-NetworkController( 1288):  isCdmaLTE - mSimStateUNKNOWN
D/STATUSBAR-NetworkController( 1288): Data Activity icon disapeared.
D/STATUSBAR-NetworkController( 1288): updateRomaingNotification DataRoaming:false mDataRoamingTypeForVZW : 0
D/STATUSBAR-NetworkController( 1288): refreshSignalCluster: data=0 bt=false
D/STATUSBAR-SignalClusterView( 1288): isSignalNull=false, mIsAirplaneMode=false, mWifiVisible=false, mMobileStrengthId=2130838118
D/STATUSBAR-SignalClusterView( 1288): isSignalNull=false, mIsAirplaneMode=false, mWifiVisible=false, mMobileStrengthId=2130838118
D/STATUSBAR-SignalClusterView( 1288): isSignalNull=false, mIsAirplaneMode=false, mWifiVisible=false, mMobileStrengthId=2130838118
D/STATUSBAR-AirplaneModeQuickSettingButton( 1288): mPhoneStateListener - inAirplaneMode: false
D/STATUSBAR-IconMerger( 1288): checkOverflow(648), More:false, Req:false Child:5
W/Settings( 1288): Setting data_roaming has moved from android.provider.Settings.Secure to android.provider.Settings.Global.
D/STATUSBAR-NetworkController( 1288): onSignalStrengthsChanged signalStrength=SignalStrength: 99 99 -120 -160 -120 -1 -1 99 2147483647 2147483647 2147483647 -1 2147483647 cdma 0x0 level=0
D/STATUSBAR-NetworkController( 1288): Data Activity icon disapeared.
D/STATUSBAR-NetworkController( 1288): updateRomaingNotification DataRoaming:false mDataRoamingTypeForVZW : 0
D/STATUSBAR-NetworkController( 1288): refreshSignalCluster: data=0 bt=false
D/STATUSBAR-SignalClusterView( 1288): isSignalNull=false, mIsAirplaneMode=false, mWifiVisible=false, mMobileStrengthId=2130838118
D/STATUSBAR-SignalClusterView( 1288): isSignalNull=false, mIsAirplaneMode=false, mWifiVisible=false, mMobileStrengthId=2130838117
D/STATUSBAR-SignalClusterView( 1288): isSignalNull=false, mIsAirplaneMode=false, mWifiVisible=false, mMobileStrengthId=2130838117
D/STATUSBAR-IconMerger( 1288): checkOverflow(648), More:false, Req:false Child:5
D/dalvikvm(28878): GC_CONCURRENT freed 3027K, 15% free 32425K/37940K, paused 3ms+4ms, total 81ms
D/dalvikvm(28878): WAIT_FOR_CONCURRENT_GC blocked 57ms
D/dalvikvm(28878): WAIT_FOR_CONCURRENT_GC blocked 63ms
D/dalvikvm(  815): GC_EXPLICIT freed 2288K, 24% free 81657K/106472K, paused 8ms+23ms, total 350ms
W/Settings( 1288): Setting data_roaming has moved from android.provider.Settings.Secure to android.provider.Settings.Global.
I/GAV2    (28743): Thread[GAThread,5,main]: No campaign data found.
D/STATUSBAR-NetworkController( 1288): onSignalStrengthsChanged signalStrength=SignalStrength: 99 99 -120 -160 -120 -1 -1 99 2147483647 2147483647 2147483647 -1 2147483647 cdma 0x0 level=0
D/STATUSBAR-NetworkController( 1288): Data Activity icon disapeared.
D/STATUSBAR-NetworkController( 1288): updateRomaingNotification DataRoaming:false mDataRoamingTypeForVZW : 0
I/GAV2    (28710): Thread[GAThread,5,main]: No campaign data found.
W/Settings( 1454): Setting airplane_mode_on has moved from android.provider.Settings.System to android.provider.Settings.Global, returning read-only value.
D/SCONEProxyService( 1487): onServiceStateChanged() state=1 0 home  Unknown:0 1xRTT:6 CSS not supported 0 0 RoamInd=1 DefRoamInd=1 EmergOnly=false
W/Settings( 1288): Setting data_roaming has moved from android.provider.Settings.Secure to android.provider.Settings.Global.
D/Mms/DownloadManager( 2747): Service state changed: Bundle[mParcelledData.dataSize=804]
D/Mms/DownloadManager( 2747): roaming ------> false
D/Mms/DownloadManager( 2747): mAutoDownload ------> true
D/STATUSBAR-NetworkController( 1288): onServiceStateChanged voiceState=1 dataState=0
D/StatusBar.NetworkController( 1288): getDataServiceState : dataServiceState = 0
D/STATUSBAR-NetworkController( 1288): isCdma(), !isCdmaEri(), mRoamingIconId = 0
D/STATUSBAR-NetworkController( 1288): CDMA : disabled icon displayed
D/STATUSBAR-NetworkController( 1288):  isCdmaLTE - mSimStateUNKNOWN
D/STATUSBAR-NetworkController( 1288): Data Activity icon disapeared.
D/STATUSBAR-NetworkController( 1288): updateRomaingNotification DataRoaming:false mDataRoamingTypeForVZW : 0
D/STATUSBAR-AirplaneModeQuickSettingButton( 1288): mPhoneStateListener - inAirplaneMode: false
E/ECS_EnterpriseContainerService(  815): getMountStatus() permission get it
D/ECS_StateManager(  815):  Container Id:1
D/ECS_StateManager(  815):  Got the currState in HASH
D/ECS_StateManager(  815):  Current Status in DB:6
D/ECS_StateManager(  815):  NewState :CSSTATE_VERIFY_PWD
D/ECS_EnterpriseContainerService(  815): currentStateId: 6
E/ECS_EnterpriseContainerService(  815): getMountStatus() permission get it
D/ECS_StateManager(  815):  Container Id:1
D/ECS_StateManager(  815):  Got the currState in HASH
D/ECS_StateManager(  815):  Current Status in DB:6
D/ECS_StateManager(  815):  NewState :CSSTATE_VERIFY_PWD
D/ECS_EnterpriseContainerService(  815): currentStateId: 6
E/ECS_EnterpriseContainerService(  815): getMountStatus() permission get it
D/ECS_StateManager(  815):  Container Id:1
D/ECS_StateManager(  815):  Got the currState in HASH
D/ECS_StateManager(  815):  Current Status in DB:6
D/ECS_StateManager(  815):  NewState :CSSTATE_VERIFY_PWD
D/ECS_EnterpriseContainerService(  815): currentStateId: 6
V/RcsCallTracker( 1454): Service state changed
E/ECS_EnterpriseContainerService(  815): getMountStatus() permission get it
D/ECS_StateManager(  815):  Container Id:1
D/ECS_StateManager(  815):  Got the currState in HASH
D/ECS_StateManager(  815):  Current Status in DB:6
D/ECS_StateManager(  815):  NewState :CSSTATE_VERIFY_PWD
D/ECS_EnterpriseContainerService(  815): currentStateId: 6
D/PhoneApp( 1454): globalmodetype : 10
D/PhoneApp( 1454): isGlobalMode true provisioned : true doNotShow : false
D/PhoneApp( 1454): PhoneUtils.isFactoryMode() : false simInserted : true
D/PhoneApp( 1454): networkMode : 10
I/SELinux (29094): Function: selinux_android_load_priority [0], There is no sepolicy file.
I/SELinux (29094):  
I/SELinux (29094): Function: selinux_android_load_priority , loading version is VE=SEPF_SCH-I545_4.4.2_0011
I/SELinux (29094):  
I/SELinux (29094):  
I/SELinux (29094): selinux_android_seapp_context_reload: seapp_contexts file is loaded from /seapp_contexts
I/ActivityManager(  815): Killing 27816:com.sec.android.app.mt/1000 (adj 15): empty #31
I/SELinux (29106): Function: selinux_android_load_priority [0], There is no sepolicy file.
I/SELinux (29106):  
I/SELinux (29106): Function: selinux_android_load_priority , loading version is VE=SEPF_SCH-I545_4.4.2_0011
I/SELinux (29106):  
I/SELinux (29106):  
I/SELinux (29106): selinux_android_seapp_context_reload: seapp_contexts file is loaded from /seapp_contexts
W/System.err(29106): java.lang.NoSuchFieldException: SYSTEM_UI_FLAG_REMOVE_NAVIGATION
W/System.err(29106): 	at java.lang.Class.getField(Class.java:724)
W/System.err(29106): 	at com.sec.android.gallery3d.util.GalleryFeature.checkSystemUiVisibility(GalleryFeature.java:1515)
W/System.err(29106): 	at com.sec.android.gallery3d.util.GalleryFeature.init(GalleryFeature.java:319)
W/System.err(29106): 	at com.sec.android.gallery3d.app.GalleryAppImpl.getDataManager(GalleryAppImpl.java:229)
W/System.err(29106): 	at com.sec.android.gallery3d.provider.GalleryProvider.onCreate(GalleryProvider.java:126)
W/System.err(29106): 	at android.content.ContentProvider.attachInfo(ContentProvider.java:1591)
W/System.err(29106): 	at android.content.ContentProvider.attachInfo(ContentProvider.java:1562)
W/System.err(29106): 	at android.app.ActivityThread.installProvider(ActivityThread.java:5053)
W/System.err(29106): 	at android.app.ActivityThread.installContentProviders(ActivityThread.java:4648)
W/System.err(29106): 	at android.app.ActivityThread.handleBindApplication(ActivityThread.java:4562)
W/System.err(29106): 	at android.app.ActivityThread.access$1600(ActivityThread.java:161)
W/System.err(29106): 	at android.app.ActivityThread$H.handleMessage(ActivityThread.java:1325)
W/System.err(29106): 	at android.os.Handler.dispatchMessage(Handler.java:102)
W/System.err(29106): 	at android.os.Looper.loop(Looper.java:157)
W/System.err(29106): 	at android.app.ActivityThread.main(ActivityThread.java:5356)
W/System.err(29106): 	at java.lang.reflect.Method.invokeNative(Native Method)
W/System.err(29106): 	at java.lang.reflect.Method.invoke(Method.java:515)
W/System.err(29106): 	at com.android.internal.os.ZygoteInit$MethodAndArgsCaller.run(ZygoteInit.java:1265)
W/System.err(29106): 	at com.android.internal.os.ZygoteInit.main(ZygoteInit.java:1081)
W/System.err(29106): 	at dalvik.system.NativeStart.main(Native Method)
W/System.err(29106): android.content.pm.PackageManager$NameNotFoundException: com.sec.android.cloudagent
W/System.err(29106): 	at android.app.ApplicationPackageManager.getPackageInfo(ApplicationPackageManager.java:104)
W/System.err(29106): 	at com.sec.android.gallery3d.cloud.CloudRefer.isCloudAgentExist(CloudRefer.java:97)
W/System.err(29106): 	at com.sec.android.gallery3d.util.GalleryFeature.checkUseCloud(GalleryFeature.java:773)
W/System.err(29106): 	at com.sec.android.gallery3d.util.GalleryFeature.init(GalleryFeature.java:335)
W/System.err(29106): 	at com.sec.android.gallery3d.app.GalleryAppImpl.getDataManager(GalleryAppImpl.java:229)
W/System.err(29106): 	at com.sec.android.gallery3d.provider.GalleryProvider.onCreate(GalleryProvider.java:126)
W/System.err(29106): 	at android.content.ContentProvider.attachInfo(ContentProvider.java:1591)
W/System.err(29106): 	at android.content.ContentProvider.attachInfo(ContentProvider.java:1562)
W/System.err(29106): 	at android.app.ActivityThread.installProvider(ActivityThread.java:5053)
W/System.err(29106): 	at android.app.ActivityThread.installContentProviders(ActivityThread.java:4648)
W/System.err(29106): 	at android.app.ActivityThread.handleBindApplication(ActivityThread.java:4562)
W/System.err(29106): 	at android.app.ActivityThread.access$1600(ActivityThread.java:161)
W/System.err(29106): 	at android.app.ActivityThread$H.handleMessage(ActivityThread.java:1325)
W/System.err(29106): 	at android.os.Handler.dispatchMessage(Handler.java:102)
W/System.err(29106): 	at android.os.Looper.loop(Looper.java:157)
W/System.err(29106): 	at android.app.ActivityThread.main(ActivityThread.java:5356)
W/System.err(29106): 	at java.lang.reflect.Method.invokeNative(Native Method)
W/System.err(29106): 	at java.lang.reflect.Method.invoke(Method.java:515)
W/System.err(29106): 	at com.android.internal.os.ZygoteInit$MethodAndArgsCaller.run(ZygoteInit.java:1265)
W/System.err(29106): 	at com.android.internal.os.ZygoteInit.main(ZygoteInit.java:1081)
W/System.err(29106): 	at dalvik.system.NativeStart.main(Native Method)
D/EnterpriseDeviceManager(  815): ContainerId: 0
D/Spen    (29106): SpenSdk jar version = 55
D/Spen    (29106): SpenSdk apk version = 3.0.33
D/Spen    (29106): Server UPDATE Check
W/linker  (29106): libSPenBase.so has text relocations. This is wasting memory and is a security risk. Please fix.
D/SPenError(29106): JNI_OnLoad
D/JNI_Bitmap(29106): Init .. Done
D/SPenSpiDecoder(29106): JNI_OnLoad .. Done
D/SPenError(29106): JNI_OnLoad Success
D/PluginManager(29106): Registering com/samsung/android/sdk/pen/plugin/framework/JniPluginManager natives
D/PluginManager(29106): Registering com/samsung/android/sdk/pen/plugin/framework/SpenPluginManager$PluginListener natives
D/Init_SPenSdk_Jni(29106): JNI_OnLoad
D/Init_SPenSdk_Jni(29106): JNI_OnLoad .. Done
E/MP-Decision( 2198): num online cores: 4 reqd : 2 available : 4 rq_depth:1.100000 hotplug_avg_load_dw: 167
E/MP-Decision( 2198): DOWN cpu:3 core_idx:3 Ns:3.100000 Ts:240 rq:1.100000 seq:245.000000
E/MP-Decision( 2198): DOWN cpu:2 core_idx:2 Ns:2.100000 Ts:240 rq:1.100000 seq:245.000000
D/Model_ObjectBase_Jni(29106): JNI_OnLoad .. Done
D/Model_ObjectStroke_Jni(29106): JNI_OnLoad .. Done
D/Model_ObjectImage_Jni(29106): JNI_OnLoad .. Done
D/Model_ObjectText_Jni(29106): JNI_OnLoad .. Done
D/Model_ObjectContainer_Jni(29106): JNI_OnLoad .. Done
D/Model_PageDoc_Jni(29106): JNI_OnLoad .. Done
D/Model_NoteDoc_Jni(29106): check build type eng[0]
D/Model_NoteDoc_Jni(29106): JNI_OnLoad .. Done
D/Model_NoteFile_Jni(29106): JNI_OnLoad .. Done
D/Model_ObjectUtil_Jni(29106): JNI_OnLoad .. Done
D/Model   (29106): OnLoad class Done
D/dalvikvm(29106): No JNI_OnLoad found in /system/lib/libSPenSkia.so 0x429171f0, skipping init
D/SPen_Library(29106): Draw Engine JNI_OnLoad enter!!
D/SPen_Library(29106): Canvas JNI_OnLoad enter!!
D/SPen_Library(29106): Canvas JNI_OnLoad Success
D/SPen_Library(29106): TextView JNI_OnLoad enter!!
D/SPen_Library(29106): TextView JNI_OnLoad Success
D/SPen_Library(29106): Text JNI_OnLoad enter!!
D/SPen_Library(29106): Text JNI_OnLoad Success
D/SPen_Library(29106): FontManager JNI_OnLoad enter!!
D/SPen_Library(29106): FontManager JNI_OnLoad Success
D/SPen_Library(29106): CapturePage JNI_OnLoad enter!!
D/SPen_Library(29106): CapturePage JNI_OnLoad Success
D/SPen_Library(29106): Multi JNI_OnLoad enter!!
D/SPen_Library(29106): Multi JNI_OnLoad Success
D/SPen_Library(29106): Draw Engine JNI_OnLoad Success
D/SPen_Library(29106): Brush JNI_OnLoad enter!!
D/SPen_Library(29106): Brush JNI_OnLoad Success
D/SPen_Library(29106): ChineseBrush JNI_OnLoad enter!!
D/SPen_Library(29106): ChineseBrush JNI_OnLoad Success
D/SPen_Library(29106): InkPen JNI_OnLoad enter!!
D/SPen_Library(29106): InkPen JNI_OnLoad Success
D/SPen_Library(29106): Marker JNI_OnLoad enter!!
D/SPen_Library(29106): Marker JNI_OnLoad Success
D/SPen_Library(29106): Pencil JNI_OnLoad enter!!
D/SPen_Library(29106): Pencil JNI_OnLoad Success
D/SPen_Library(29106): NativePen JNI_OnLoad enter!!
D/SPen_Library(29106): NativePen JNI_OnLoad Success
D/SPen_Library(29106): MagicPen JNI_OnLoad enter!!
D/SPen_Library(29106): MagicPen JNI_OnLoad Success
W/linker  (29106): libSPenHSV.so has text relocations. This is wasting memory and is a security risk. Please fix.
D/dalvikvm(29106): No JNI_OnLoad found in /system/lib/libSPenHSV.so 0x429171f0, skipping init
D/dalvikvm(29106): No JNI_OnLoad found in /system/lib/libSPenVIRecognition.so 0x429171f0, skipping init
D/dalvikvm(29106): No JNI_OnLoad found in /system/lib/libSPenVITextAll.so 0x429171f0, skipping init
D/Spen    (29106): SpenSdk Libraries are loaded.
D/Init_SPenSdk_Jni(29106): SPenSdk_init2
D/Init_SPenSdk(29106): Init - screen_width = 1080, screen_height = 1920, maxCacheSize = 5 M
D/Init_SPenSdk(29106): Total S Pen SDK Directory Size = 0
D/Spen    (29106): initialize complete
W/ContextImpl(29106): Implicit intents with startService are not safe: Intent { act=com.sec.knox.containeragent.service.containerinstallermanager.ContainerInstallerManagerService } android.content.ContextWrapper.bindService:529 com.sec.knox.containeragent.ContainerInstallerManager.<init>:64 com.sec.android.gallery3d.util.GalleryUtils.setKNOXInstallMode:2028 
I/ContainerAgent( 4504): ContainerInstallerManagerService: ContainerInstallerManagerService onCreate()
I/ContainerAgent( 4504): ContainerInstallerManagerService: ContainerAppInstallManagerService onBind()
D/NearbySource(29106): Nearby Source Create!
D/NearbyContext(29106): Nearby Context Create!
W/EDMNativeHelper(  265): EDMNativeHelperService is published
E/cutils  (  255): Failed to mkdirat(/storage/extSdCard/Android): Read-only file system
W/ContextImpl(29106): Failed to ensure directory: /storage/extSdCard/Android/data/com.sec.android.gallery3d/cache
W/Vold    (  255): Returning OperationFailed - no handler for errno 30
D/dalvikvm(29106): No JNI_OnLoad found in /system/lib/libXIVGallery2013.so 0x429171f0, skipping init
D/FavoriteProvider(29106): onReceive(), com.sec.android.intent.action.HOME_RESUME
I/ActivityManager(  815): Killing 28220:com.android.defcontainer/u0a39 (adj 15): empty #31
I/ContainerInstallerManager(29106): onServiceConnected() name=ComponentInfo{com.sec.knox.containeragent/com.sec.knox.containeragent.service.containerinstallermanager.ContainerInstallerManagerService}, conn=com.sec.knox.containeragent.ContainerInstallerManager$1@42954c18
I/dalvikvm(29106): Could not find method com.sec.knox.containeragent.IContainerInstallerManagerCallback$Stub.asInterface, referenced from method com.sec.knox.containeragent.service.containerinstallermanager.IContainerInstallerManagerService$Stub.onTransact
W/dalvikvm(29106): VFY: unable to resolve static method 35391: Lcom/sec/knox/containeragent/IContainerInstallerManagerCallback$Stub;.asInterface (Landroid/os/IBinder;)Lcom/sec/knox/containeragent/IContainerInstallerManagerCallback;
D/dalvikvm(29106): VFY: replacing opcode 0x71 at 0x001d
I/dalvikvm(29106): Could not find method com.sec.knox.containeragent.IContainerInstallerManagerCallback$Stub.asInterface, referenced from method com.sec.knox.containeragent.service.containerinstallermanager.IContainerInstallerManagerService$Stub.onTransact
W/dalvikvm(29106): VFY: unable to resolve static method 35391: Lcom/sec/knox/containeragent/IContainerInstallerManagerCallback$Stub;.asInterface (Landroid/os/IBinder;)Lcom/sec/knox/containeragent/IContainerInstallerManagerCallback;
D/dalvikvm(29106): VFY: replacing opcode 0x71 at 0x003c
W/dalvikvm(29106): VFY: unable to find class referenced in signature (Lcom/sec/knox/containeragent/IContainerInstallerManagerCallback;)
I/dalvikvm(29106): Could not find method com.sec.knox.containeragent.IContainerInstallerManagerCallback.asBinder, referenced from method com.sec.knox.containeragent.service.containerinstallermanager.IContainerInstallerManagerService$Stub$Proxy.installPackage
W/dalvikvm(29106): VFY: unable to resolve interface method 35392: Lcom/sec/knox/containeragent/IContainerInstallerManagerCallback;.asBinder ()Landroid/os/IBinder;
D/dalvikvm(29106): VFY: replacing opcode 0x72 at 0x0014
W/dalvikvm(29106): VFY: unable to find class referenced in signature (Lcom/sec/knox/containeragent/IContainerInstallerManagerCallback;)
I/dalvikvm(29106): Could not find method com.sec.knox.containeragent.IContainerInstallerManagerCallback.asBinder, referenced from method com.sec.knox.containeragent.service.containerinstallermanager.IContainerInstallerManagerService$Stub$Proxy.uninstallPackage
W/dalvikvm(29106): VFY: unable to resolve interface method 35392: Lcom/sec/knox/containeragent/IContainerInstallerManagerCallback;.asBinder ()Landroid/os/IBinder;
D/dalvikvm(29106): VFY: replacing opcode 0x72 at 0x0013
V/AlarmManager(  815): waitForAlarm result :4
D/Mms/UIEventReceiver( 2747): ui event
V/AlarmManager(  815): trigger ELAPSED_REALTIME_WAKEUP or RTC_WAKEUP
I/SELinux (29126): Function: selinux_android_load_priority [0], There is no sepolicy file.
I/SELinux (29126):  
I/SELinux (29126): Function: selinux_android_load_priority , loading version is VE=SEPF_SCH-I545_4.4.2_0011
I/SELinux (29126):  
I/SELinux (29126):  
I/SELinux (29126): selinux_android_seapp_context_reload: seapp_contexts file is loaded from /seapp_contexts
D/BatteryService(  815): level:22, scale:100, status:2, health:2, present:true, voltage: 3707, temperature: 356, technology: Li-ion, AC powered:false, USB powered:true, Wireless powered:false, icon:17303409, invalid charger:0, online:4, current avg:460, charge type:1
D/BatteryService(  815): Sending ACTION_BATTERY_CHANGED.
D/ContactProvider(29106): getAllContactInfoList Start
E/MP-Decision( 2198): num online cores: 2 reqd : 4 available : 4 rq_depth:7.100000 hotplug_avg_load_dw: 140
E/MP-Decision( 2198): UP cpu:1 core_idx:1 Nw:1.900000 Tw:140 rq:7.100000 seq:0.000000
E/MP-Decision( 2198): UP cpu:2 core_idx:2 Nw:2.700000 Tw:90 rq:7.100000 seq:98.000000
E/MP-Decision( 2198): UP cpu:3 core_idx:3 Nw:3.500000 Tw:90 rq:7.100000 seq:98.000000
D/KeyguardUpdateMonitor( 1288): received broadcast android.intent.action.BATTERY_CHANGED
D/KeyguardUpdateMonitor( 1288): handleBatteryUpdate
W/System.err( 6194): LOG: Warning Unknown dock level ignored.
D/InCallScreen( 1454): ACTION_BATTERY_CHANGED
D/InCallScreen( 1454): mBatteryLevel : 22
D/InCallScreen( 1454): mBatteryStatus : 2
D/InCallScreen( 1454): islowbatterysoundplayed : false
D/STATUSBAR-PhoneStatusBar( 1288):  mBrightnessEnablebySettings = true mBrightnessEnablebyBattery = true mBrightnessEnablebyDisableFlag = true mPmsBrightnessEnablebySettings = true
D/BatteryMeterView( 1288): ACTION_BATTERY_CHANGED : level:22 status:2 health:2
D/UiModeManager(  815): mCoverManager.getCoverState() : true
D/EnterpriseDeviceManager(  815): ContainerId: 0
D/EnterpriseDeviceManager(  815): ContainerId: 0
W/LicenseLogService(  815): log() is called by non admin
W/LicenseLogService(  815): log() is called by non admin
I/SELinux (29149): Function: selinux_android_load_priority [0], There is no sepolicy file.
I/SELinux (29149):  
I/SELinux (29149): Function: selinux_android_load_priority , loading version is VE=SEPF_SCH-I545_4.4.2_0011
I/SELinux (29149):  
I/SELinux (29149):  
I/SELinux (29149): selinux_android_seapp_context_reload: seapp_contexts file is loaded from /seapp_contexts
I/ActivityManager(  815): Killing 28554:com.amazon.fv:Settings/u0a17 (adj 15): empty #31
I/person  (29106): thread: 28876, name = 
I/person  (29106): thread: 28876, id = 
I/person  (29106): thread: 28876, key = 
D/ContactProvider(29106): getAllContactInfoList End
I/syncContacts(29106): thread: 28876, sync time = 244
I/ActivityManager(  815): Killing 23317:com.amazon.mp3/u0a15 (adj 15): empty #31
I/SELinux (29161): Function: selinux_android_load_priority [0], There is no sepolicy file.
I/SELinux (29161):  
I/SELinux (29161): Function: selinux_android_load_priority , loading version is VE=SEPF_SCH-I545_4.4.2_0011
I/SELinux (29161):  
I/SELinux (29161):  
I/SELinux (29161): selinux_android_seapp_context_reload: seapp_contexts file is loaded from /seapp_contexts
W/MediaFocusControl(  815):   RemoteControlClient died
V/KeyguardUpdateMonitor( 1288): handleSetGenerationId(g=510, clear=true)
I/SELinux (29174): Function: selinux_android_load_priority [0], There is no sepolicy file.
I/SELinux (29174):  
I/SELinux (29174): Function: selinux_android_load_priority , loading version is VE=SEPF_SCH-I545_4.4.2_0011
I/SELinux (29174):  
I/SELinux (29174):  
I/SELinux (29174): selinux_android_seapp_context_reload: seapp_contexts file is loaded from /seapp_contexts
I/ActivityManager(  815): Killing 28763:com.google.android.gms.wearable/u0a62 (adj 12): empty #31
D/dalvikvm(  278): GC_EXPLICIT freed 42K, 36% free 17181K/26488K, paused 3ms+4ms, total 36ms
D/dalvikvm(  278): GC_EXPLICIT freed <1K, 36% free 17181K/26488K, paused 2ms+3ms, total 25ms
D/dalvikvm(  278): GC_EXPLICIT freed <1K, 36% free 17181K/26488K, paused 2ms+3ms, total 25ms
I/SELinux (29187): Function: selinux_android_load_priority [0], There is no sepolicy file.
I/SELinux (29187):  
I/SELinux (29187): Function: selinux_android_load_priority , loading version is VE=SEPF_SCH-I545_4.4.2_0011
I/SELinux (29187):  
I/SELinux (29187):  
I/SELinux (29187): selinux_android_seapp_context_reload: seapp_contexts file is loaded from /seapp_contexts
I/ActivityManager(  815): Killing 28314:com.asurion.android.verizon.vms/u0a165 (adj 15): empty #31
V/TaskCloserActivity(29187): TaskCloserActivity enter()
V/TaskCloserActivity(29187): TaskCloserActivity onReceive() - com.sec.android.intent.action.HOME_RESUME
W/ContextImpl(29187): Implicit intents with startService are not safe: Intent { act=com.sec.android.app.controlpanel.service.REMOTE_SERVICE } android.content.ContextWrapper.bindService:529 com.sec.android.widgetapp.programmonitorwidget.taskcloser.TaskCloserActivity.onReceive:212 com.sec.android.widgetapp.programmonitorwidget.ProgramMonitorProvider.onReceive:1032 
I/SELinux (29200): Function: selinux_android_load_priority [0], There is no sepolicy file.
I/SELinux (29200):  
I/SELinux (29200): Function: selinux_android_load_priority , loading version is VE=SEPF_SCH-I545_4.4.2_0011
I/SELinux (29200):  
I/SELinux (29200):  
I/SELinux (29200): selinux_android_seapp_context_reload: seapp_contexts file is loaded from /seapp_contexts
I/ActivityManager(  815): Killing 28348:com.cequint.ecid/u0a184 (adj 15): empty #31
I/SELinux (29212): Function: selinux_android_load_priority [0], There is no sepolicy file.
I/SELinux (29212):  
I/SELinux (29212): Function: selinux_android_load_priority , loading version is VE=SEPF_SCH-I545_4.4.2_0011
I/SELinux (29212):  
I/SELinux (29212):  
I/SELinux (29212): selinux_android_seapp_context_reload: seapp_contexts file is loaded from /seapp_contexts
I/dalvikvm(29212): Enabling JNI app bug workarounds for target SDK version 7...
D/dalvikvm(28878): GC_CONCURRENT freed 4536K, 15% free 32936K/38636K, paused 3ms+7ms, total 110ms
D/dalvikvm(28878): WAIT_FOR_CONCURRENT_GC blocked 67ms
I/ActivityManager(  815): Killing 28365:com.google.android.setupwizard/u0a145 (adj 15): empty #31
I/System.out(29212): Setting level ERROR to path com.asurion.android.sync
I/System.out(29212): Created a new node and set the level
I/System.out(29212): Set com.asurion.android.sync to log level [ERROR]
W/System.err(29212): microlog: Could not find appender class ConsoleAppender
W/System.err(29212): microlog: Could not find appender class AndroidAppender
I/ActivityManager(  815): Killing 28406:com.osp.app.signin/u0a130 (adj 15): empty #31
I/elm     ( 2025): MainReceiver.onReceive() : Intent { act=android.intent.action.PACKAGE_REMOVED dat=package:com.phonegap.helloworld flg=0x4000010 cmp=com.sec.esdk.elm/.receiver.MainReceiver (has extras) }
I/elm     ( 2025): MainReceiver.onReceive() END - - - - - : Intent { act=android.intent.action.PACKAGE_REMOVED dat=package:com.phonegap.helloworld flg=0x4000010 cmp=com.sec.esdk.elm/.receiver.MainReceiver (has extras) }
I/SELinux (29227): Function: selinux_android_load_priority [0], There is no sepolicy file.
I/SELinux (29227):  
I/SELinux (29227): Function: selinux_android_load_priority , loading version is VE=SEPF_SCH-I545_4.4.2_0011
I/SELinux (29227):  
I/SELinux (29227):  
I/SELinux (29227): selinux_android_seapp_context_reload: seapp_contexts file is loaded from /seapp_contexts
W/dalvikvm(29227): Refusing to reopen boot DEX '/system/framework/commonimsinterface.jar'
I/SELinux (29241): Function: selinux_android_load_priority [0], There is no sepolicy file.
I/SELinux (29241):  
I/SELinux (29241): Function: selinux_android_load_priority , loading version is VE=SEPF_SCH-I545_4.4.2_0011
I/SELinux (29241):  
I/SELinux (29241):  
I/SELinux (29241): selinux_android_seapp_context_reload: seapp_contexts file is loaded from /seapp_contexts
I/ActivityManager(  815): Killing 29037:com.sec.android.provider.badge/u0a21 (adj 15): empty #31
I/SELinux (29253): Function: selinux_android_load_priority [0], There is no sepolicy file.
I/SELinux (29253):  
I/SELinux (29253): Function: selinux_android_load_priority , loading version is VE=SEPF_SCH-I545_4.4.2_0011
I/SELinux (29253):  
I/SELinux (29253):  
I/SELinux (29253): selinux_android_seapp_context_reload: seapp_contexts file is loaded from /seapp_contexts
I/ActivityManager(  815): Killing 28423:com.samsung.klmsagent/u0a253 (adj 15): empty #31
D/EnterpriseDeviceManager(  815): ContainerId: 0
W/LicenseLogService(  815): log() is called by non admin
D/EnterpriseDeviceManager(  815): ContainerId: 0
I/SELinux (29267): Function: selinux_android_load_priority [0], There is no sepolicy file.
I/SELinux (29267):  
I/SELinux (29267): Function: selinux_android_load_priority , loading version is VE=SEPF_SCH-I545_4.4.2_0011
I/SELinux (29267):  
I/SELinux (29267):  
I/SELinux (29267): selinux_android_seapp_context_reload: seapp_contexts file is loaded from /seapp_contexts
W/LicenseLogService(  815): log() is called by non admin
D/EnterpriseDeviceManager(  815): ContainerId: 0
W/LicenseLogService(  815): log() is called by non admin
D/EnterpriseDeviceManager(  815): ContainerId: 0
W/LicenseLogService(  815): log() is called by non admin
I/ActivityManager(  815): Killing 29032:sec_container_1.com.android.exchange/u0a339 (adj 15): empty #31
E/MP-Decision( 2198): num online cores: 4 reqd : 3 available : 4 rq_depth:2.900000 hotplug_avg_load_dw: 124
E/MP-Decision( 2198): DOWN cpu:3 core_idx:3 Ns:3.100000 Ts:240 rq:2.900000 seq:245.000000
I/SELinux (29283): Function: selinux_android_load_priority [0], There is no sepolicy file.
I/SELinux (29283):  
I/SELinux (29283): Function: selinux_android_load_priority , loading version is VE=SEPF_SCH-I545_4.4.2_0011
I/SELinux (29283):  
I/SELinux (29283):  
I/SELinux (29283): selinux_android_seapp_context_reload: seapp_contexts file is loaded from /seapp_contexts
I/ActivityManager(  815): Killing 28452:com.policydm/1000 (adj 15): empty #31
W/ContextImpl(28522): Implicit intents with startService are not safe: Intent { act=com.amazon.mp3.download.service.DOWNLOADSERVICE (has extras) } android.content.ContextWrapper.startService:506 com.amazon.mp3.AmazonApplication$4.run:588 <bottom of call stack> 
I/SELinux (29295): Function: selinux_android_load_priority [0], There is no sepolicy file.
I/SELinux (29295):  
I/SELinux (29295): Function: selinux_android_load_priority , loading version is VE=SEPF_SCH-I545_4.4.2_0011
I/SELinux (29295):  
I/SELinux (29295):  
I/SELinux (29295): selinux_android_seapp_context_reload: seapp_contexts file is loaded from /seapp_contexts
I/SA      (29283): [SSP] onCreated
I/com.amazon.dcp.settings.BackgroundSynchronizer(29295): Requesting sync with content provider.
I/com.amazon.dcp.settings.BackgroundSynchronizer(29295): Waiting for initial sync...
I/SA      (29283): [TPM] There is no property file
I/SA      (29283): [SCU] isHaveSA() - true
I/SA      (29283): [TPM] getModelProperty : null
I/SA      (29283): [TPM] getCSCProperty : null
I/SA      (29283): support phone number id : true
E/kickstart( 1044): EVENT: Received 48 bytes
E/kickstart( 1044): EVENT: RECEIVED <-- SAHARA_HELLO
E/kickstart( 1044): EVENT: SENDING --> SAHARA_HELLO_RESPONSE
E/kickstart( 1044): EVENT: sahara_mode                         = 2
E/kickstart( 1044): EVENT: m_comm->sahara_hello_packet_rx.mode = 2
E/kickstart( 1044): EVENT: helloRx.mode                        = 2
E/kickstart( 1044): Wrote to /sys/power/wake_lock
E/kickstart( 1044): EVENT: Waiting for data to read
E/kickstart( 1044): EVENT: Data available to read
E/kickstart( 1044): EVENT: Received 16 bytes
E/kickstart( 1044): EVENT: RECEIVED <-- SAHARA_MEMORY_DEBUG
E/kickstart( 1044): EVENT: SENDING --> SAHARA_MEMORY_READ
I/SELinux (29313): Function: selinux_android_load_priority [0], There is no sepolicy file.
I/SELinux (29313):  
E/kickstart( 1044): EVENT: Sent SAHARA_MEMORY_READ, address 41506290, length 52
E/kickstart( 1044): EVENT: Waiting for data to read
E/kickstart( 1044): EVENT: Data available to read
I/SELinux (29313): Function: selinux_android_load_priority , loading version is VE=SEPF_SCH-I545_4.4.2_0011
I/SELinux (29313):  
I/SELinux (29313):  
I/SELinux (29313): selinux_android_seapp_context_reload: seapp_contexts file is loaded from /seapp_contexts
E/kickstart( 1044): EVENT: Received 52 bytes
E/kickstart( 1044): EVENT: 0x46980000, len=000C0000, "m9kefs2", ""
E/kickstart( 1044): EVENT: STATE <-- SAHARA_WAIT_MEMORY_REGION
E/kickstart( 1044): EVENT: Saving "/dev/block/platform/msm_sdcc.1/by-name/m9kefs2"
E/kickstart( 1044): EVENT: SENDING --> SAHARA_MEMORY_READ
E/kickstart( 1044): EVENT: Sent SAHARA_MEMORY_READ, address 46980000, length 786432
E/kickstart( 1044): EVENT: Waiting for data to read
E/kickstart( 1044): EVENT: Data available to read
I/SA      (29283): [DM] init START
I/SA      (29283): [DM] SetupWizard doesn't exist
I/SA      (29283): [DM] This device is not a Vodafone
I/SA      (29283): support phone number id : true
I/SA      (29283): [DM] init END
I/SA      (29283): [SUR] onReceive log=[SA = 1.5.0324 V = 19 HWD = 1920X1080 3.0 dpi = 480  SIZE = 2 LOCALE = en_US CSC = VZW MCC = 311 MNC 480 T = user DEVICE = jfltevzw P = jfltevzw I = KOT49H M = SCH-I545 OKLEFT false DIS KOT49H.I545VRUFNC5 PSS = 4.978872676241149  ]
I/SA      (29283): [SUR] onReceive Intent=[ action_PACKAGE_REMOVED package ]
E/kickstart( 1044): EVENT: Received 16384 bytes
E/kickstart( 1044): EVENT: Waiting for data to read
E/kickstart( 1044): EVENT: Data available to read
I/ActivityManager(  815): Killing 28493:com.samsung.android.service.travel/u0a161 (adj 15): empty #31
E/kickstart( 1044): EVENT: Received 81920 bytes
E/kickstart( 1044): EVENT: Waiting for data to read
E/kickstart( 1044): EVENT: Data available to read
E/kickstart( 1044): EVENT: Received 81920 bytes
E/kickstart( 1044): EVENT: Waiting for data to read
E/kickstart( 1044): EVENT: Data available to read
E/kickstart( 1044): EVENT: Received 81920 bytes
E/kickstart( 1044): EVENT: Waiting for data to read
E/kickstart( 1044): EVENT: Data available to read
E/kickstart( 1044): EVENT: Received 65536 bytes
E/kickstart( 1044): EVENT: Waiting for data to read
E/kickstart( 1044): EVENT: Data available to read
E/kickstart( 1044): EVENT: Received 81920 bytes
E/kickstart( 1044): EVENT: Waiting for data to read
E/kickstart( 1044): EVENT: Data available to read
