W/Resources(  815): Converting to string: TypedValue{t=0x12/d=0xffffffff a=-1}
I/CrashAnrDetector(  815): onPackageUpdateFinished : com.phonegap.helloworld
V/AlarmManager(  815): waitForAlarm result :8
D/SSRMv2:CoolDownMode(  815): battTemp is 356
D/SSRMv2:Monitor(  815): SIOP:: AP = 500, Prev AP = 470, Duration = 10014, PST = 489
D/SSRMv2:AmoledAdjustTimer(  815): prevTemp = 355, currTemp = 356, prevStep = 5, currStep = 5
E/MP-Decision( 2198): num online cores: 4 reqd : 3 available : 4 rq_depth:2.000000 hotplug_avg_load_dw: 177
E/MP-Decision( 2198): DOWN cpu:3 core_idx:3 Ns:3.100000 Ts:240 rq:2.000000 seq:245.000000
E/MP-Decision( 2198): num online cores: 3 reqd : 2 available : 4 rq_depth:2.000000 hotplug_avg_load_dw: 137
E/MP-Decision( 2198): DOWN cpu:2 core_idx:2 Ns:2.100000 Ts:240 rq:2.000000 seq:242.000000
V/AlarmManager(  815): waitForAlarm result :4
V/AlarmManager(  815): trigger ELAPSED_REALTIME_WAKEUP or RTC_WAKEUP
W/ApplicationPackageManager(28522): getCSCPackageItemText()
E/MP-Decision( 2198): num online cores: 2 reqd : 3 available : 4 rq_depth:2.900000 hotplug_avg_load_dw: 139
E/MP-Decision( 2198): UP cpu:1 core_idx:1 Nw:1.900000 Tw:140 rq:2.900000 seq:0.000000
E/MP-Decision( 2198): UP cpu:2 core_idx:2 Nw:2.700000 Tw:90 rq:2.900000 seq:98.000000
D/SSRMv2:CustomFrequencyManagerService(  815): acquireDVFSLockLocked : type : DVFS_MAX_LIMIT  frequency : 1782000  uid : 1000  pid : 815  pkgName : SS_CPU_MAX@26
V/AlarmManager(  815): waitForAlarm result :4
V/AlarmManager(  815): trigger ELAPSED_REALTIME_WAKEUP or RTC_WAKEUP
D/PackageManager(  815): [MSG] CHECK_PENDING_VERIFICATION
W/ApplicationPackageManager(28522): getCSCPackageItemText()
W/ApplicationPackageManager(28522): getCSCPackageItemText()
D/ActivityThread(28522): Loading provider com.amazon.mp3.urbanairship.provider: com.urbanairship.UrbanAirshipProvider
D/Amazon Music APID(28522): null
W/Settings(28522): Setting download_manager_max_bytes_over_mobile has moved from android.provider.Settings.Secure to android.provider.Settings.Global.
W/Settings(28522): Setting download_manager_recommended_max_bytes_over_mobile has moved from android.provider.Settings.Secure to android.provider.Settings.Global.
I/ActivityManager(  815): Killing 27423:com.tripadvisor.tripadvisor/u0a164 (adj 15): empty #31
D/com.peel.receiver.ConnectivityActionReceiver(11315): ConnectivityActionReceiver onReceive
D/com.peel.receiver.ConnectivityActionReceiver(11315): 
D/com.peel.receiver.ConnectivityActionReceiver(11315): 
D/com.peel.receiver.ConnectivityActionReceiver(11315): last run: 1405611639402 -- System.currentTimeMillis()-last_run: 35566771
D/com.peel.receiver.ConnectivityActionReceiver(11315): ... skip 
I/SELinux (28630): Function: selinux_android_load_priority [0], There is no sepolicy file.
I/SELinux (28630):  
I/SELinux (28630): Function: selinux_android_load_priority , loading version is VE=SEPF_SCH-I545_4.4.2_0011
I/SELinux (28630):  
I/SELinux (28630):  
I/SELinux (28630): selinux_android_seapp_context_reload: seapp_contexts file is loaded from /seapp_contexts
I/ActivityManager(  815): Killing 27435:com.chrome.beta/u0a254 (adj 15): empty #31
D/dalvikvm(  278): GC_EXPLICIT freed 42K, 36% free 17181K/26488K, paused 3ms+4ms, total 35ms
D/dalvikvm(  278): GC_EXPLICIT freed <1K, 36% free 17181K/26488K, paused 3ms+3ms, total 25ms
E/MP-Decision( 2198): num online cores: 3 reqd : 4 available : 4 rq_depth:3.700000 hotplug_avg_load_dw: 158
E/MP-Decision( 2198): UP cpu:1 core_idx:1 Nw:1.900000 Tw:140 rq:3.700000 seq:0.000000
E/MP-Decision( 2198): UP cpu:2 core_idx:2 Nw:2.700000 Tw:90 rq:3.700000 seq:0.000000
E/MP-Decision( 2198): UP cpu:3 core_idx:3 Nw:3.500000 Tw:90 rq:3.700000 seq:99.000000
D/dalvikvm(  278): GC_EXPLICIT freed <1K, 36% free 17181K/26488K, paused 1ms+3ms, total 25ms
E/cutils  (  255): Failed to mkdirat(/storage/extSdCard/Android): Read-only file system
W/Vold    (  255): Returning OperationFailed - no handler for errno 30
W/ContextImpl(28630): Failed to ensure directory: /storage/extSdCard/Android/data/flipboard.app/files/cache
E/cutils  (  255): Failed to mkdirat(/storage/extSdCard/Android): Read-only file system
W/ContextImpl(28630): Failed to ensure directory: /storage/extSdCard/Android/data/flipboard.app/files/cache
W/Vold    (  255): Returning OperationFailed - no handler for errno 30
I/System.out(28630): Reading bundled version for config.json
I/System.out(28630): Reading bundled version for services.json
I/System.out(28630): Reading bundled version for dynamicStrings.json
I/System.out(28630): Parsed section Cover Stories, private: false
I/ActivityManager(  815): Killing 27448:com.google.android.gms.wearable/u0a62 (adj 12): empty #31
I/SELinux (28679): Function: selinux_android_load_priority [0], There is no sepolicy file.
I/SELinux (28679):  
I/SELinux (28679): Function: selinux_android_load_priority , loading version is VE=SEPF_SCH-I545_4.4.2_0011
I/SELinux (28679):  
I/SELinux (28679):  
I/SELinux (28679): selinux_android_seapp_context_reload: seapp_contexts file is loaded from /seapp_contexts
E/MP-Decision( 2198): num online cores: 4 reqd : 3 available : 4 rq_depth:2.500000 hotplug_avg_load_dw: 166
E/MP-Decision( 2198): DOWN cpu:3 core_idx:3 Ns:3.100000 Ts:240 rq:2.500000 seq:245.000000
I/ActivityManager(  815): Killing 27465:com.HBO/u0a279 (adj 15): empty #31
D/YouTube MDX(27513): discoveryRequestChanged : null
I/SELinux (28696): Function: selinux_android_load_priority [0], There is no sepolicy file.
I/SELinux (28696):  
I/SELinux (28696): Function: selinux_android_load_priority , loading version is VE=SEPF_SCH-I545_4.4.2_0011
I/SELinux (28696):  
I/SELinux (28696):  
I/SELinux (28696): selinux_android_seapp_context_reload: seapp_contexts file is loaded from /seapp_contexts
D/CordovaWebViewClient(28507): onPageFinished(file:///android_asset/www/index.html)
D/CordovaActivity(28507): onMessage(onPageFinished,file:///android_asset/www/index.html)
D/CordovaActivity(28507): onMessage(spinner,stop)
D/KeyguardViewMediator( 1288): setHidden false
D/KeyguardUpdateMonitor( 1288): sendKeyguardVisibilityChanged(true)
D/KeyguardUpdateMonitor( 1288): handleKeyguardVisibilityChanged(1)
E/MP-Decision( 2198): num online cores: 3 reqd : 4 available : 4 rq_depth:4.100000 hotplug_avg_load_dw: 154
E/MP-Decision( 2198): UP cpu:1 core_idx:1 Nw:1.900000 Tw:140 rq:4.100000 seq:0.000000
E/MP-Decision( 2198): UP cpu:2 core_idx:2 Nw:2.700000 Tw:90 rq:4.100000 seq:0.000000
E/MP-Decision( 2198): UP cpu:3 core_idx:3 Nw:3.500000 Tw:90 rq:4.100000 seq:98.000000
I/SELinux (28710): Function: selinux_android_load_priority [0], There is no sepolicy file.
I/SELinux (28710):  
I/SELinux (28710): Function: selinux_android_load_priority , loading version is VE=SEPF_SCH-I545_4.4.2_0011
I/SELinux (28710):  
I/SELinux (28710):  
I/SELinux (28710): selinux_android_seapp_context_reload: seapp_contexts file is loaded from /seapp_contexts
I/ActivityManager(  815): Killing 27501:com.tinder/u0a346 (adj 15): empty #31
I/chromium(28507): [INFO:async_pixel_transfer_manager_android.cc(56)] Async pixel transfers not supported
I/chromium(28507): [INFO:async_pixel_transfer_manager_android.cc(56)] Async pixel transfers not supported
E/qdutils (28507): FBIOGET_FSCREENINFO failed
D/CordovaLog(28507): data:text/html,chromewebdata: Line 12 : Not allowed to load local resource: file:///android_asset/webkit/android-weberror.png
I/chromium(28507): [INFO:CONSOLE(12)] "Not allowed to load local resource: file:///android_asset/webkit/android-weberror.png", source: data:text/html,chromewebdata (12)
D/dalvikvm(28710): Trying to load lib /data/app-lib/com.google.android.apps.plus-1/libcrashreporter.so 0x42912c18
D/dalvikvm(28710): Added shared lib /data/app-lib/com.google.android.apps.plus-1/libcrashreporter.so 0x42912c18
D/dalvikvm( 6729): GC_EXPLICIT freed 346K, 33% free 17946K/26488K, paused 2ms+5ms, total 41ms
E/MP-Decision( 2198): num online cores: 4 reqd : 3 available : 4 rq_depth:1.000000 hotplug_avg_load_dw: 136
E/MP-Decision( 2198): DOWN cpu:3 core_idx:3 Ns:3.100000 Ts:240 rq:1.000000 seq:245.000000
D/EnterpriseDeviceManager(  815): ContainerId: 0
W/LicenseLogService(  815): log() is called by non admin
D/EnterpriseDeviceManager(  815): ContainerId: 0
W/LicenseLogService(  815): log() is called by non admin
D/EnterpriseDeviceManager(  815): ContainerId: 0
E/SPPClientService(19905): [[SystemStateMonitorService]] No Active Internet
W/LicenseLogService(  815): log() is called by non admin
D/EnterpriseDeviceManager(  815): ContainerId: 0
W/LicenseLogService(  815): log() is called by non admin
D/EnterpriseDeviceManager(  815): ContainerId: 0
W/LicenseLogService(  815): log() is called by non admin
D/EnterpriseDeviceManager(  815): ContainerId: 0
W/LicenseLogService(  815): log() is called by non admin
I/ImageResourceManager(28710): ImageResourceManager: uninitalized
I/iu.Environment(28710): update battery state; isPlugged? true*
I/iu.Environment(28710): update connectivity state; isNetworkMetered? false, isRoaming? false, isBackgroundDataAllowed? false
I/iu.Environment(28710): update connectivity state; isNetworkMetered? false, isRoaming? false, isBackgroundDataAllowed? false
I/SELinux (28743): Function: selinux_android_load_priority [0], There is no sepolicy file.
I/SELinux (28743):  
I/SELinux (28743): Function: selinux_android_load_priority , loading version is VE=SEPF_SCH-I545_4.4.2_0011
I/SELinux (28743):  
I/SELinux (28743):  
I/SELinux (28743): selinux_android_seapp_context_reload: seapp_contexts file is loaded from /seapp_contexts
I/ActivityManager(  815): Killing 27513:com.google.android.youtube/u0a181 (adj 15): empty #31
E/cutils  (  255): Failed to mkdirat(/storage/extSdCard/Android): Read-only file system
W/Vold    (  255): Returning OperationFailed - no handler for errno 30
W/ContextImpl(28743): Failed to ensure directory: /storage/extSdCard/Android/data/com.google.android.apps.magazines/cache
E/cutils  (  255): Failed to mkdirat(/storage/extSdCard/Android): Read-only file system
W/ContextImpl(28743): Failed to ensure directory: /storage/extSdCard/Android/data/com.google.android.apps.magazines/files
W/Vold    (  255): Returning OperationFailed - no handler for errno 30
D/dalvikvm(28710): GC_FOR_ALLOC freed 602K, 16% free 22347K/26488K, paused 25ms, total 26ms
W/GAV2    (28743): Thread[main,5,main]: Need to call initialize() and be in fallback mode to start dispatch.
E/cutils  (  255): Failed to mkdirat(/storage/extSdCard/Android): Read-only file system
W/ContextImpl(28743): Failed to ensure directory: /storage/extSdCard/Android/data/com.google.android.apps.magazines/cache
W/Vold    (  255): Returning OperationFailed - no handler for errno 30
E/cutils  (  255): Failed to mkdirat(/storage/extSdCard/Android): Read-only file system
W/ContextImpl(28743): Failed to ensure directory: /storage/extSdCard/Android/data/com.google.android.apps.magazines/files
W/Vold    (  255): Returning OperationFailed - no handler for errno 30
I/dalvikvm-heap(28710): Grow heap (frag case) to 29.493MB for 4792336-byte allocation
D/dalvikvm(28710): GC_CONCURRENT freed 8K, 14% free 27022K/31172K, paused 3ms+2ms, total 21ms
I/SELinux (28763): Function: selinux_android_load_priority [0], There is no sepolicy file.
I/SELinux (28763):  
I/SELinux (28763): Function: selinux_android_load_priority , loading version is VE=SEPF_SCH-I545_4.4.2_0011
I/SELinux (28763):  
I/SELinux (28763):  
I/SELinux (28763): selinux_android_seapp_context_reload: seapp_contexts file is loaded from /seapp_contexts
I/iu.UploadsManager(28710): #reloadSettings(); account: null; pageID: none; IU: disabled; IS: disabled; photoWiFi: true; videoWiFi: true; roam: false; battery: true; size: FULL; maxMobile: 157286400
E/MP-Decision( 2198): num online cores: 3 reqd : 4 available : 4 rq_depth:3.700000 hotplug_avg_load_dw: 147
E/MP-Decision( 2198): UP cpu:1 core_idx:1 Nw:1.900000 Tw:140 rq:3.700000 seq:0.000000
E/MP-Decision( 2198): UP cpu:2 core_idx:2 Nw:2.700000 Tw:90 rq:3.700000 seq:0.000000
E/MP-Decision( 2198): UP cpu:3 core_idx:3 Nw:3.500000 Tw:90 rq:3.700000 seq:98.000000
I/iu.UploadsManager(28710): End new media; added: 0, uploading: 0, time: 75 ms
I/MultiDex(28763): install
I/MultiDex(28763): MultiDexExtractor.load(/data/app/com.google.android.gms-5.apk, false)
I/iu.FingerprintManager(28710): Start processing all media
I/MultiDex(28763): loading existing secondary dex files
I/MultiDex(28763): load found 1 secondary dex files
I/iu.FingerprintManager(28710): Start processing media store URI: content://media/external/images/media
I/MultiDex(28763): install done
V/WebViewChromium(28743): Binding Chromium to the main looper Looper (main, tid 1) {4290b2c0}
I/chromium(28743): [INFO:library_loader_hooks.cc(112)] Chromium logging enabled: level = 0, default verbosity = 0
I/BrowserProcessMain(28743): Initializing chromium process, renderers=0
I/AmazonMP3_RequestDispatcher(28522): ensureFordSyncConnection
E/MP-Decision( 2198): num online cores: 4 reqd : 2 available : 4 rq_depth:1.000000 hotplug_avg_load_dw: 157
E/MP-Decision( 2198): DOWN cpu:3 core_idx:3 Ns:3.100000 Ts:240 rq:1.000000 seq:245.000000
E/MP-Decision( 2198): DOWN cpu:2 core_idx:2 Ns:2.100000 Ts:240 rq:1.000000 seq:245.000000
D/dalvikvm(  815): GC_EXPLICIT freed 3619K, 23% free 82035K/106472K, paused 8ms+27ms, total 314ms
W/chromium(28743): [WARNING:proxy_service.cc(888)] PAC support disabled because there is no system implementation
W/ApplicationPackageManager(28743): getCSCPackageItemText()
I/Adreno-EGL(28743): <qeglDrvAPI_eglInitialize:381>: EGL 1.4 QUALCOMM build:  (CL3869936)
I/Adreno-EGL(28743): OpenGL ES Shader Compiler Version: 17.01.11.SPL
I/Adreno-EGL(28743): Build Date: 01/17/14 Fri
I/Adreno-EGL(28743): Local Branch: 
I/Adreno-EGL(28743): Remote Branch: 
I/Adreno-EGL(28743): Local Patches: 
I/Adreno-EGL(28743): Reconstruct Branch: 
W/Settings( 1288): Setting data_roaming has moved from android.provider.Settings.Secure to android.provider.Settings.Global.
D/STATUSBAR-NetworkController( 1288): onSignalStrengthsChanged signalStrength=SignalStrength: 99 99 -100 -130 -120 -1 -1 99 2147483647 2147483647 2147483647 -1 2147483647 cdma 0x10 level=1
D/STATUSBAR-NetworkController( 1288): Data Activity icon disapeared.
D/STATUSBAR-NetworkController( 1288): updateRomaingNotification DataRoaming:false mDataRoamingTypeForVZW : 0
E/MP-Decision( 2198): num online cores: 2 reqd : 4 available : 4 rq_depth:7.700000 hotplug_avg_load_dw: 142
E/MP-Decision( 2198): UP cpu:1 core_idx:1 Nw:1.900000 Tw:140 rq:7.700000 seq:0.000000
E/MP-Decision( 2198): UP cpu:2 core_idx:2 Nw:2.700000 Tw:90 rq:7.700000 seq:98.000000
E/MP-Decision( 2198): UP cpu:3 core_idx:3 Nw:3.500000 Tw:90 rq:7.700000 seq:98.000000
I/ProviderInstaller(28763): Insert disabled by gate 'gms:security:enable_conscrypt_in_gms_application'
I/iu.FingerprintManager(28710): Start processing media store URI: content://media/external/video/media
I/NSApplication(28743): Starting up...
I/iu.FingerprintManager(28710): Start processing media store URI: content://media/phoneStorage/images/media
I/iu.FingerprintManager(28710): Start processing media store URI: content://media/phoneStorage/video/media
I/iu.FingerprintManager(28710): Finished generating fingerprints; 0.534 seconds
I/iu.FingerprintManager(28710):   numSeen=169 numGenerated=0 numDeleted=0 numFailed=0
I/ActivityManager(  815): Killing 27596:com.fidelity.android/u0a245 (adj 15): empty #31
D/GCM     ( 1780): GcmService start Intent { act=android.net.conn.CONNECTIVITY_CHANGE flg=0x4000010 cmp=com.google.android.gms/.gcm.GcmService (has extras) } android.net.conn.CONNECTIVITY_CHANGE
W/EDMNativeHelper(  265): EDMNativeHelperService is published
I/SELinux (28826): Function: selinux_android_load_priority [0], There is no sepolicy file.
I/SELinux (28826):  
I/SELinux (28826): Function: selinux_android_load_priority , loading version is VE=SEPF_SCH-I545_4.4.2_0011
I/SELinux (28826):  
I/SELinux (28826):  
I/SELinux (28826): selinux_android_seapp_context_reload: seapp_contexts file is loaded from /seapp_contexts
I/ActivityManager(  815): Killing 27631:com.snapchat.android/u0a215 (adj 15): empty #31
I/SELinux (28843): Function: selinux_android_load_priority [0], There is no sepolicy file.
I/SELinux (28843):  
I/SELinux (28843): Function: selinux_android_load_priority , loading version is VE=SEPF_SCH-I545_4.4.2_0011
I/SELinux (28843):  
I/SELinux (28843):  
I/SELinux (28843): selinux_android_seapp_context_reload: seapp_contexts file is loaded from /seapp_contexts
I/ActivityManager(  815): Killing 27682:com.touchtype.swiftkey/u0a203 (adj 15): empty #31
D/assets  (28763): performGC: starting
D/assets  (28763): performGC: complete, purged 0 assets in 4 ms
I/ActivityManager(  815): Killing 27744:sec_container_1.com.sec.android.provider.snote/u0a331 (adj 15): empty #31
I/SELinux (28856): Function: selinux_android_load_priority [0], There is no sepolicy file.
I/SELinux (28856):  
I/SELinux (28856): Function: selinux_android_load_priority , loading version is VE=SEPF_SCH-I545_4.4.2_0011
I/SELinux (28856):  
I/SELinux (28856):  
I/SELinux (28856): selinux_android_seapp_context_reload: seapp_contexts file is loaded from /seapp_contexts
D/dalvikvm( 5882): GC_CONCURRENT freed 1872K, 29% free 18849K/26488K, paused 16ms+3ms, total 89ms
E/MP-Decision( 2198): num online cores: 4 reqd : 3 available : 4 rq_depth:1.100000 hotplug_avg_load_dw: 119
E/MP-Decision( 2198): DOWN cpu:3 core_idx:3 Ns:3.100000 Ts:240 rq:1.100000 seq:245.000000
D/dalvikvm(28856): Trying to load lib /data/app-lib/com.HBO-2/libnexadaptation_layer_for_dlsdk.so 0x42913370
D/dalvikvm(28856): Added shared lib /data/app-lib/com.HBO-2/libnexadaptation_layer_for_dlsdk.so 0x42913370
D/dalvikvm(28856): No JNI_OnLoad found in /data/app-lib/com.HBO-2/libnexadaptation_layer_for_dlsdk.so 0x42913370, skipping init
D/dalvikvm(28856): Trying to load lib /data/app-lib/com.HBO-2/libnexalfactory.so 0x42913370
D/dalvikvm(28856): Added shared lib /data/app-lib/com.HBO-2/libnexalfactory.so 0x42913370
D/dalvikvm(28856): Trying to load lib /data/app-lib/com.HBO-2/libnexadaptation_layer_for_dlsdk.so 0x42913370
D/dalvikvm(28856): Shared lib '/data/app-lib/com.HBO-2/libnexadaptation_layer_for_dlsdk.so' already loaded in same CL 0x42913370
D/dalvikvm(28856): Trying to load lib /data/app-lib/com.HBO-2/libnexalfactory.so 0x42913370
D/dalvikvm(28856): Shared lib '/data/app-lib/com.HBO-2/libnexalfactory.so' already loaded in same CL 0x42913370
I/dalvikvm(28856): threadid=1: recursive native library load attempt (/data/app-lib/com.HBO-2/libnexalfactory.so)
D/dalvikvm(28856): Trying to load lib /data/app-lib/com.HBO-2/libnexplayerengine.so 0x42913370
W/linker  (28856): libnexplayerengine.so has text relocations. This is wasting memory and is a security risk. Please fix.
D/dalvikvm(28856): Added shared lib /data/app-lib/com.HBO-2/libnexplayerengine.so 0x42913370
E/NEXPLAYER_JNI(28856): [nexplayer_jni 5140] cacheIds Ended
W/NEXPLAYER_JNI(28856): [SetLicenseKeyBuffer] called. 
I/NEXPLAYER_JNI(28856): [nexPlayerSDK_InitALFactoryPolicy] Called
E/NEXPLAYER_JNI(28856): getNexALFactoryContext 0x6D9C4350
D/CordovaActivity(28507): onMessage(spinner,stop)
W/linker  (28856): libnexcralbody_mc_jb.so has text relocations. This is wasting memory and is a security risk. Please fix.
W/nexcral_mc(28856): ========================================================
W/nexcral_mc(28856): NexRALBody_MC Version : 1.0.6 (106N_5)
W/nexcral_mc(28856): NexRALBody_MC Information : Official Release
W/nexcral_mc(28856): ========================================================
I/NEXPLAYER_JNI(28856): [nexPlayerSDK_Constructor] Called
I/NEXPLAYER(28856): =================================================
I/NEXPLAYER(28856):     Powered by NexPlayerSDK version 6.18.0.221
I/NEXPLAYER(28856):                             build at Apr 30 2014
I/NEXPLAYER(28856):     Information : Release
I/NEXPLAYER(28856):      SDK Name : SW_HW
I/NEXPLAYER(28856):             Copyright(c) NexStreaming Corporation.
I/NEXPLAYER(28856): =================================================
I/NEXPLAYER(28856): 
I/NEXPLAYER(28856): pkgName is com.HBO
I/NEXPLAYER(28856): Finish pkgname check 0
I/NEXPLAYER(28856): Engine_Destroy done.
I/NEXTREAMING(28856): MEM cnt: 0
D/DRMAgentNativeBridge(28856): Importing PKI
D/DRMUtilities(28856): Found application directory in the application info: /data/data/com.HBO
D/DRMUtilities(28856): Application data directory resolved and verified to: /data/data/com.HBO/
D/DRMAgentNativeBridge(28856): Request to load agent library
D/DRMUtilities(28856): Found native library directory in the application info: /data/app-lib/com.HBO-2
D/DRMUtilities(28856): Found and validated native library directory: /data/app-lib/com.HBO-2
D/DRMAgentNativeBridge(28856): Attempting to load DRM agent native library from: /data/app-lib/com.HBO-2/libdrmagent_downloadable_jni.so
D/DRMAgentNativeBridge(28856): Loading DRM agent native library from: /data/app-lib/com.HBO-2/libdrmagent_downloadable_jni.so
D/dalvikvm(28856): Trying to load lib /data/app-lib/com.HBO-2/libdrmagent_downloadable_jni.so 0x42913370
D/dalvikvm(28856): Added shared lib /data/app-lib/com.HBO-2/libdrmagent_downloadable_jni.so 0x42913370
V/drmagent-jni(28856): [JNI_OnLoad] Entering JNI_OnLoad
V/drmagent-jni(28856): [JNI_OnLoad] looking up DRMAgentNativeBridge
V/drmagent-jni(28856): [JNI_OnLoad] will pre-load HTTP callback method on class=11100019
V/drmagent-jni(28856): [JNI_OnLoad] HTTP callback method loaded mid=6d9ceb40
V/drmagent-jni(28856): [JNI_OnLoad] Report download callback method loaded mid=6d9cebb0
V/drmagent-jni(28856): [JNI_OnLoad] Current stack limits: 8388608B/4294967295B
V/drmagent-jni(28856): [JNI_OnLoad] Leaving JNI_OnLoad (result=0x10006)
D/DRMAgentNativeBridge(28856): DRM agent native library successfully loaded from: /data/app-lib/com.HBO-2/libdrmagent_downloadable_jni.so
D/DRMAgentNativeBridge(28856): Agent library loaded successfully
D/DRMAgentNativeBridge(28856): Importing PKI
D/DRMAgentNativeBridge(28856): Native library already loaded, will skip this time
D/DRMAgentNativeBridge(28856): Importing PKI
D/DRMAgentNativeBridge(28856): Native library already loaded, will skip this time
D/DRMAgentNativeBridge(28856): Importing PKI
D/DRMAgentNativeBridge(28856): Native library already loaded, will skip this time
D/DRMAgentNativeBridge(28856): ==========================================================================================
D/DRMAgentNativeBridge(28856): INSIDE Secure DRM Fusion Downloadable Agent
D/DRMAgentNativeBridge(28856):     API Version:          v1.4.5.a built on May 14 2014 (e2448aa332eda151f47260aa987a32f254686561)
D/DRMAgentNativeBridge(28856):     Platform Information: SCH-I545/jfltevzw/19/samsung
D/DRMAgentNativeBridge(28856):     OS Information:       Linux/3.4.0-1151670/armv7l
D/DRMAgentNativeBridge(28856):     CPU Vendor:           SAMSUNG JF
D/DRMAgentNativeBridge(28856):     CPU Model:            ARMv7 Processor rev 0 (v7l)
D/DRMAgentNativeBridge(28856): ==========================================================================================
D/DRMAgentNativeBridge(28856): Native library already loaded, will skip this time
D/DRMUtilities(28856): Found native library directory in the application info: /data/app-lib/com.HBO-2
D/DRMUtilities(28856): Found and validated native library directory: /data/app-lib/com.HBO-2
I/DRMUtilities(28856): Retrieving device parameters from context: com.hbo.HBOApplication@42914428
I/DRMUtilities(28856): Retrieved device identifier: 990003461118420
V/drmagent-jni(28856): [nativeInitializeAgent] initialize agent called called appPath=0xc210001d deviceID=0x6b400025 logLevel=3
V/drmagent-jni(28856): [nativeInitializeAgent] Initialization data is available: 392 bytes @ 0x725df470
V/drmagent-jni(28856): [nativeInitializeAgent] Initializing SSL
V/drmagent-jni(28856): [nativeInitializeAgent] SSL initialized
V/drmagent-jni(28856): [nativeInitializeAgent] Protected build
V/drmagent-jni(28856): [drm_wrapper_initialize] entered appPath=/data/data/com.HBO/ PID=28856 cert location=/data/data/com.HBO/
V/drmagent-jni(28856): [core-agent] CreateContext() called.
V/drmagent-jni(28856): [core-agent]  * AppID: jni
V/drmagent-jni(28856): [core-agent]  * AppPath: /data/data/com.HBO
V/drmagent-jni(28856): [core-agent]  * Flags: 0
V/drmagent-jni(28856): [core-agent]  * Device ID: 990003461118420
V/drmagent-jni(28856): [core-agent] Device ID: 5ccff21f990003461118420
V/drmagent-jni(28856): [core-agent] Initializing PlayReady Context.
V/drmagent-jni(28856): [core-agent]  * HDS File: /data/data/com.HBO/playready.hds
E/MP-Decision( 2198): num online cores: 3 reqd : 2 available : 4 rq_depth:1.300000 hotplug_avg_load_dw: 127
E/MP-Decision( 2198): DOWN cpu:2 core_idx:2 Ns:2.100000 Ts:240 rq:1.300000 seq:287.000000
V/drmagent-jni(28856): [drm_wrapper_initialize] Agent initialization returned 0 agentContext=0x726bde20
V/drmagent-jni(28856): [drm_wrapper_initialize] Initialization complete: result: 0
V/drmagent-jni(28856): [nativeInitializeAgent] Agent initialized context: 0x726bde08
D/DRMUtilities(28856): A new thread safe HTTPClient created.
D/DRMAgentImpl(28856): Updated configuration: DRMAgentConfiguration{_useNativePlayer=false, _nativePlayerBufferSize=10000, _httpConnectionHelper=com.hbo.videoplayer.a.c$3@42a1fa28, _userAgent='InsideSecure/X (DRM Fusion Agent Reference Player)', _httpConnectionTimeout=15, _httpConnectionDataTimeout=15, _httpsTrustAllSSLCertificates=false, _numSecondsToIgnoreSameError=3, _ignoreMimetypeValidationErrors=true, _contentCachePath='/data/data/com.HBO/content-cache', _useHeadlessHLS=false, _joinDomainFriendlyName='null', _deviceProperties={}, _drmLicenseAcquisitionHandler=com.hbo.videoplayer.a.c$2@42a1ea38}
D/DRMAgentImpl(28856): Updated configuration: DRMAgentConfiguration{_useNativePlayer=false, _nativePlayerBufferSize=10000, _httpConnectionHelper=com.hbo.videoplayer.a.c$3@42a24630, _userAgent='InsideSecure/X (DRM Fusion Agent Reference Player)', _httpConnectionTimeout=15, _httpConnectionDataTimeout=15, _httpsTrustAllSSLCertificates=false, _numSecondsToIgnoreSameError=3, _ignoreMimetypeValidationErrors=true, _contentCachePath='/data/data/com.HBO/content-cache', _useHeadlessHLS=false, _joinDomainFriendlyName='null', _deviceProperties={}, _drmLicenseAcquisitionHandler=com.hbo.videoplayer.a.c$2@42a24608}
D/DRMAgentNativeBridge(28856): Performing database store reset
V/drmagent-jni(28856): [getAgentContext] Retrieving context: 0x726bde08
V/drmagent-jni(28856): [nativeDatabaseStoreReset]
I/drmagent-jni(28856): Resetting the DRM database
V/drmagent-jni(28856): [core-agent] DataStore_FullReset() called.
D/DRMAgentImpl(28856): Updated configuration: DRMAgentConfiguration{_useNativePlayer=false, _nativePlayerBufferSize=10000, _httpConnectionHelper=com.hbo.videoplayer.a.c$3@42a262a8, _userAgent='InsideSecure/X (DRM Fusion Agent Reference Player)', _httpConnectionTimeout=15, _httpConnectionDataTimeout=15, _httpsTrustAllSSLCertificates=false, _numSecondsToIgnoreSameError=3, _ignoreMimetypeValidationErrors=true, _contentCachePath='/data/data/com.HBO/content-cache', _useHeadlessHLS=false, _joinDomainFriendlyName='null', _deviceProperties={}, _drmLicenseAcquisitionHandler=com.hbo.videoplayer.a.c$2@42a26280}
D/WifiDisplayAdapter(  815): getWifiDisplayStatusLocked: result=WifiDisplayStatus{featureState=1, scanState=0, activeDisplayState=0, activeDisplay=null, displays=[], sessionInfo=WifiDisplaySessionInfo: Client/Owner: Client GroupId:  Passphrase:  SessionId: 0 IP Address: , connectedState=-1, networkQoS=0}
D/WifiDisplayAdapter(  815): getWifiDisplayStatusLocked: result=WifiDisplayStatus{featureState=1, scanState=0, activeDisplayState=0, activeDisplay=null, displays=[], sessionInfo=WifiDisplaySessionInfo: Client/Owner: Client GroupId:  Passphrase:  SessionId: 0 IP Address: , connectedState=-1, networkQoS=0}
I/AudioService(  815): getStreamVolume 3 index 150
I/MediaRouter(28856): Found default route: MediaRouter.RouteInfo{ uniqueId=android/.support.v7.media.s:DEFAULT_ROUTE, name=Phone, description=null, enabled=true, connecting=false, playbackType=0, playbackStream=3, volumeHandling=1, volume=15, volumeMax=15, presentationDisplayId=-1, extras=null, providerPackageName=android }
I/SELinux (28878): Function: selinux_android_load_priority [0], There is no sepolicy file.
I/SELinux (28878):  
I/SELinux (28878): Function: selinux_android_load_priority , loading version is VE=SEPF_SCH-I545_4.4.2_0011
I/SELinux (28878):  
I/SELinux (28878):  
I/SELinux (28878): selinux_android_seapp_context_reload: seapp_contexts file is loaded from /seapp_contexts
D/WifiDisplayAdapter(  815): getWifiDisplayStatusLocked: result=WifiDisplayStatus{featureState=1, scanState=0, activeDisplayState=0, activeDisplay=null, displays=[], sessionInfo=WifiDisplaySessionInfo: Client/Owner: Client GroupId:  Passphrase:  SessionId: 0 IP Address: , connectedState=-1, networkQoS=0}
I/SELinux (28890): Function: selinux_android_load_priority [0], There is no sepolicy file.
I/SELinux (28890):  
I/SELinux (28890): Function: selinux_android_load_priority , loading version is VE=SEPF_SCH-I545_4.4.2_0011
I/SELinux (28890):  
I/SELinux (28890):  
I/SELinux (28890): selinux_android_seapp_context_reload: seapp_contexts file is loaded from /seapp_contexts
I/ActivityManager(  815): Killing 27727:com.sec.android.provider.badge/u0a21 (adj 15): empty #31
W/MdnsDeviceScanner( 1691): No network interfaces to scan on!
I/CrittercismInstance(28878): Initializing Crittercism...
D/YouTube (28890): apps.youtube.common.network.l.a:40 HttpClient.UserAgent: com.google.android.youtube/5.7.41(Linux; U; Android 4.4.2; en_US; SCH-I545 Build/KOT49H)
D/dalvikvm( 1780): GC_EXPLICIT freed 374K, 32% free 18261K/26488K, paused 6ms+5ms, total 47ms
E/MP-Decision( 2198): num online cores: 2 reqd : 3 available : 4 rq_depth:3.100000 hotplug_avg_load_dw: 127
E/MP-Decision( 2198): UP cpu:1 core_idx:1 Nw:1.900000 Tw:140 rq:3.100000 seq:0.000000
E/MP-Decision( 2198): UP cpu:2 core_idx:2 Nw:2.700000 Tw:90 rq:3.100000 seq:98.000000
D/YouTube (28890): apps.youtube.common.network.l.a:40 HttpClient.UserAgent: com.google.android.youtube/5.7.41(Linux; U; Android 4.4.2; en_US; SCH-I545 Build/KOT49H)
D/YouTube (28890): apps.youtube.common.network.l.a:40 HttpClient.UserAgent: com.google.android.youtube/5.7.41(Linux; U; Android 4.4.2; en_US; SCH-I545 Build/KOT49H)
D/YouTube (28890): apps.youtube.common.cache.f.run:163 Cache is below limit, no need to shrink: [size=110549, limit=20971520]
D/dalvikvm(28878): GC_FOR_ALLOC freed 1072K, 10% free 23984K/26488K, paused 22ms, total 22ms
I/dalvikvm-heap(28878): Grow heap (frag case) to 28.083MB for 1638416-byte allocation
W/ActivityManager(  815): Unable to start service Intent { cmp=com.tinder/.managers.ManagerLocation } U=0: not found
D/YouTube (28890): apps.youtube.core.player.Director.c:388 VideoStage: NEW
I/SELinux (28942): Function: selinux_android_load_priority [0], There is no sepolicy file.
I/SELinux (28942):  
I/SELinux (28942): Function: selinux_android_load_priority , loading version is VE=SEPF_SCH-I545_4.4.2_0011
I/SELinux (28942):  
I/SELinux (28942):  
I/SELinux (28942): selinux_android_seapp_context_reload: seapp_contexts file is loaded from /seapp_contexts
I/ActivityManager(  815): Killing 27769:com.google.android.calendar/u0a63 (adj 15): empty #31
D/dalvikvm(  278): GC_EXPLICIT freed 42K, 36% free 17181K/26488K, paused 2ms+3ms, total 29ms
E/MP-Decision( 2198): num online cores: 3 reqd : 4 available : 4 rq_depth:7.500000 hotplug_avg_load_dw: 168
E/MP-Decision( 2198): UP cpu:1 core_idx:1 Nw:1.900000 Tw:140 rq:7.500000 seq:0.000000
E/MP-Decision( 2198): UP cpu:2 core_idx:2 Nw:2.700000 Tw:90 rq:7.500000 seq:0.000000
E/MP-Decision( 2198): UP cpu:3 core_idx:3 Nw:3.500000 Tw:90 rq:7.500000 seq:90.000000
D/dalvikvm(  278): GC_EXPLICIT freed <1K, 36% free 17181K/26488K, paused 2ms+3ms, total 23ms
D/dalvikvm(  278): GC_EXPLICIT freed <1K, 36% free 17181K/26488K, paused 2ms+3ms, total 22ms
D/dalvikvm(28878): GC_CONCURRENT freed 151K, 8% free 26003K/28092K, paused 3ms+3ms, total 22ms
D/WifiDisplayAdapter(  815): getWifiDisplayStatusLocked: result=WifiDisplayStatus{featureState=1, scanState=0, activeDisplayState=0, activeDisplay=null, displays=[], sessionInfo=WifiDisplaySessionInfo: Client/Owner: Client GroupId:  Passphrase:  SessionId: 0 IP Address: , connectedState=-1, networkQoS=0}
I/AudioService(  815): getStreamVolume 3 index 150
I/MediaRouter(28890): Found default route: MediaRouter.RouteInfo{ uniqueId=android/.support.v7.media.bj:DEFAULT_ROUTE, name=Phone, description=null, enabled=true, connecting=false, playbackType=0, playbackStream=3, volumeHandling=1, volume=15, volumeMax=15, presentationDisplayId=-1, extras=null, providerPackageName=android }
D/WifiDisplayAdapter(  815): getWifiDisplayStatusLocked: result=WifiDisplayStatus{featureState=1, scanState=0, activeDisplayState=0, activeDisplay=null, displays=[], sessionInfo=WifiDisplaySessionInfo: Client/Owner: Client GroupId:  Passphrase:  SessionId: 0 IP Address: , connectedState=-1, networkQoS=0}
D/YouTube (28890): apps.youtube.core.client.ab.a:115 event [version=5.7.41-s2000, action=Startup, label=NORMAL_STARTUP, value=-1]
W/ApplicationPackageManager(28890): getCSCPackageItemText()
I/ActivityManager(  815): Killing 27720:sec_container_1.com.android.exchange/u0a339 (adj 15): empty #31
I/GoogleConversionPing(28890): Pinging: http://www.googleadservices.com/pagead/conversion/1001680686/?label=4dahCKKczAYQrt7R3QM&value=&muid=ocsvmsWBbMb77e_EbfJ0Qw&bundleid=com.google.android.youtube&appversion=5.7.41&osversion=4.4.2&sdkversion=ct-sdk-a-v1.1.0&remarketing_only=1&timestamp=1405647210&data=screen_name%3D%3CAndroid_YT_Open_App%3E
E/GoogleConversionPing(28890): Error sending ping
E/cutils  (  255): Failed to mkdirat(/storage/extSdCard/Android): Read-only file system
W/ContextImpl(28890): Failed to ensure directory: /storage/extSdCard/Android/data/com.google.android.youtube/cache
W/Vold    (  255): Returning OperationFailed - no handler for errno 30
I/ActivityManager(  815): Killing 27697:sec_container_1.com.android.email/u0a338 (adj 15): empty #31
D/WifiDisplayAdapter(  815): getWifiDisplayStatusLocked: result=WifiDisplayStatus{featureState=1, scanState=0, activeDisplayState=0, activeDisplay=null, displays=[], sessionInfo=WifiDisplaySessionInfo: Client/Owner: Client GroupId:  Passphrase:  SessionId: 0 IP Address: , connectedState=-1, networkQoS=0}
D/YouTube (28890): apps.youtube.common.e.j.e:170 Scheduling task com.google.android.apps.youtube.datalib.offline.o with ScheduledExecutorService for repeating execution.
D/YouTube MDX(28890): discoveryRequestChanged : DiscoveryRequest{ selector=MediaRouteSelector{ controlCategories=[com.google.android.gms.cast.CATEGORY_CAST/01CE20A3] }, activeScan=false, isValid=true }
I/SELinux (28982): Function: selinux_android_load_priority [0], There is no sepolicy file.
I/SELinux (28982):  
I/SELinux (28982): Function: selinux_android_load_priority , loading version is VE=SEPF_SCH-I545_4.4.2_0011
I/SELinux (28982):  
I/SELinux (28982):  
I/SELinux (28982): selinux_android_seapp_context_reload: seapp_contexts file is loaded from /seapp_contexts
D/dalvikvm(28878): GC_CONCURRENT freed 1953K, 11% free 26992K/30072K, paused 3ms+3ms, total 49ms
D/dalvikvm(28878): WAIT_FOR_CONCURRENT_GC blocked 25ms
D/dalvikvm(28878): WAIT_FOR_CONCURRENT_GC blocked 25ms
D/dalvikvm(28878): WAIT_FOR_CONCURRENT_GC blocked 26ms
I/ActivityManager(  815): Killing 27849:sec_container_1.com.android.providers.calendar/u0a335 (adj 15): empty #31
I/SELinux (28996): Function: selinux_android_load_priority [0], There is no sepolicy file.
I/SELinux (28996):  
I/SELinux (28996): Function: selinux_android_load_priority , loading version is VE=SEPF_SCH-I545_4.4.2_0011
I/SELinux (28996):  
I/SELinux (28996):  
I/SELinux (28996): selinux_android_seapp_context_reload: seapp_contexts file is loaded from /seapp_contexts
E/ECS_EnterpriseContainerService(  815): getMountStatus() permission get it
D/ECS_StateManager(  815):  Container Id:1
D/ECS_StateManager(  815):  Got the currState in HASH
D/ECS_StateManager(  815):  Current Status in DB:6
D/ECS_StateManager(  815):  NewState :CSSTATE_VERIFY_PWD
D/ECS_EnterpriseContainerService(  815): currentStateId: 6
I/ActivityManager(  815): Killing 27830:sec_container_1.com.sec.android.widgetapp.SPlannerAppWidget/u0a333 (adj 15): empty #31
E/ECS_EnterpriseContainerService(  815): getMountStatus() permission get it
D/ECS_StateManager(  815):  Container Id:1
D/ECS_StateManager(  815):  Got the currState in HASH
D/ECS_StateManager(  815):  Current Status in DB:6
D/ECS_StateManager(  815):  NewState :CSSTATE_VERIFY_PWD
D/ECS_EnterpriseContainerService(  815): currentStateId: 6
E/ECS_EnterpriseContainerService(  815): getMountStatus() permission get it
D/ECS_StateManager(  815):  Container Id:1
D/ECS_StateManager(  815):  Got the currState in HASH
D/ECS_StateManager(  815):  Current Status in DB:6
D/ECS_StateManager(  815):  NewState :CSSTATE_VERIFY_PWD
D/ECS_EnterpriseContainerService(  815): currentStateId: 6
I/SELinux (29011): Function: selinux_android_load_priority [0], There is no sepolicy file.
I/SELinux (29011):  
I/SELinux (29011): Function: selinux_android_load_priority , loading version is VE=SEPF_SCH-I545_4.4.2_0011
I/SELinux (29011):  
I/SELinux (29011):  
I/SELinux (29011): selinux_android_seapp_context_reload: seapp_contexts file is loaded from /seapp_contexts
I/SELinux (29011): Found 1 digits, container_level:1
I/SELinux (29011): Found 1 digits, container_level:1
I/SELinux (29011): Found 1 digits, container_level:1
I/System.out(29011): adding to reverse Proxy in array list com.evernote
I/System.out(29011): adding to reverse Proxy in array list com.infinitysw.powerone
I/System.out(29011): adding to reverse Proxy in array list com.webroot.secureweb
I/System.out(29011): adding to reverse Proxy in array list com.adobe.reader
E/ECS_EnterpriseContainerService(  815): getMountStatus() permission get it
D/ECS_StateManager(  815):  Container Id:1
D/ECS_StateManager(  815):  Got the currState in HASH
D/ECS_StateManager(  815):  Current Status in DB:6
D/ECS_StateManager(  815):  NewState :CSSTATE_VERIFY_PWD
D/ECS_EnterpriseContainerService(  815): currentStateId: 6
E/ECS_EnterpriseContainerService(  815): getMountStatus() permission get it
D/ECS_StateManager(  815):  Container Id:1
D/ECS_StateManager(  815):  Got the currState in HASH
D/ECS_StateManager(  815):  Current Status in DB:6
D/ECS_StateManager(  815):  NewState :CSSTATE_VERIFY_PWD
D/ECS_EnterpriseContainerService(  815): currentStateId: 6
E/ECS_EnterpriseContainerService(  815): getMountStatus() permission get it
D/ECS_StateManager(  815):  Container Id:1
D/ECS_StateManager(  815):  Got the currState in HASH
D/ECS_StateManager(  815):  Current Status in DB:6
D/ECS_StateManager(  815):  NewState :CSSTATE_VERIFY_PWD
D/ECS_EnterpriseContainerService(  815): currentStateId: 6
E/ECS_EnterpriseContainerService(  815): getMountStatus() permission get it
D/ECS_StateManager(  815):  Container Id:1
D/ECS_StateManager(  815):  Got the currState in HASH
D/ECS_StateManager(  815):  Current Status in DB:6
D/ECS_StateManager(  815):  NewState :CSSTATE_VERIFY_PWD
D/ECS_EnterpriseContainerService(  815): currentStateId: 6
E/ECS_EnterpriseContainerService(  815): getMountStatus() permission get it
D/ECS_StateManager(  815):  Container Id:1
D/ECS_StateManager(  815):  Got the currState in HASH
D/ECS_StateManager(  815):  Current Status in DB:6
D/ECS_StateManager(  815):  NewState :CSSTATE_VERIFY_PWD
D/ECS_EnterpriseContainerService(  815): currentStateId: 6
E/ECS_EnterpriseContainerService(  815): getMountStatus() permission get it
D/ECS_StateManager(  815):  Container Id:1
D/ECS_StateManager(  815):  Got the currState in HASH
D/ECS_StateManager(  815):  Current Status in DB:6
D/ECS_StateManager(  815):  NewState :CSSTATE_VERIFY_PWD
D/ECS_EnterpriseContainerService(  815): currentStateId: 6
E/ECS_EnterpriseContainerService(  815): getMountStatus() permission get it
D/ECS_StateManager(  815):  Container Id:1
D/ECS_StateManager(  815):  Got the currState in HASH
D/ECS_StateManager(  815):  Current Status in DB:6
D/ECS_StateManager(  815):  NewState :CSSTATE_VERIFY_PWD
D/ECS_EnterpriseContainerService(  815): currentStateId: 6
E/ECS_EnterpriseContainerService(  815): getMountStatus() permission get it
D/ECS_StateManager(  815):  Container Id:1
D/ECS_StateManager(  815):  Got the currState in HASH
D/ECS_StateManager(  815):  Current Status in DB:6
D/ECS_StateManager(  815):  NewState :CSSTATE_VERIFY_PWD
D/ECS_EnterpriseContainerService(  815): currentStateId: 6
E/ECS_EnterpriseContainerService(  815): getMountStatus() permission get it
D/ECS_StateManager(  815):  Container Id:1
D/ECS_StateManager(  815):  Got the currState in HASH
D/ECS_StateManager(  815):  Current Status in DB:6
D/ECS_StateManager(  815):  NewState :CSSTATE_VERIFY_PWD
D/ECS_EnterpriseContainerService(  815): currentStateId: 6
E/ECS_EnterpriseContainerService(  815): getMountStatus() permission get it
D/ECS_StateManager(  815):  Container Id:1
D/ECS_StateManager(  815):  Got the currState in HASH
D/ECS_StateManager(  815):  Current Status in DB:6
D/ECS_StateManager(  815):  NewState :CSSTATE_VERIFY_PWD
D/ECS_EnterpriseContainerService(  815): currentStateId: 6
E/ECS_EnterpriseContainerService(  815): getMountStatus() permission get it
D/ECS_StateManager(  815):  Container Id:1
D/ECS_StateManager(  815):  Got the currState in HASH
D/ECS_StateManager(  815):  Current Status in DB:6
D/ECS_StateManager(  815):  NewState :CSSTATE_VERIFY_PWD
D/ECS_EnterpriseContainerService(  815): currentStateId: 6
E/ECS_EnterpriseContainerService(  815): getMountStatus() permission get it
D/ECS_StateManager(  815):  Container Id:1
D/ECS_StateManager(  815):  Got the currState in HASH
D/ECS_StateManager(  815):  Current Status in DB:6
D/ECS_StateManager(  815):  NewState :CSSTATE_VERIFY_PWD
D/ECS_EnterpriseContainerService(  815): currentStateId: 6
E/ECS_EnterpriseContainerService(  815): getMountStatus() permission get it
D/ECS_StateManager(  815):  Container Id:1
D/ECS_StateManager(  815):  Got the currState in HASH
D/ECS_StateManager(  815):  Current Status in DB:6
D/ECS_StateManager(  815):  NewState :CSSTATE_VERIFY_PWD
D/ECS_EnterpriseContainerService(  815): currentStateId: 6
E/ECS_EnterpriseContainerService(  815): getMountStatus() permission get it
D/ECS_StateManager(  815):  Container Id:1
D/ECS_StateManager(  815):  Got the currState in HASH
D/ECS_StateManager(  815):  Current Status in DB:6
D/ECS_StateManager(  815):  NewState :CSSTATE_VERIFY_PWD
D/ECS_EnterpriseContainerService(  815): currentStateId: 6
E/ECS_EnterpriseContainerService(  815): getMountStatus() permission get it
D/ECS_StateManager(  815):  Container Id:1
D/ECS_StateManager(  815):  Got the currState in HASH
D/ECS_StateManager(  815):  Current Status in DB:6
D/ECS_StateManager(  815):  NewState :CSSTATE_VERIFY_PWD
D/ECS_EnterpriseContainerService(  815): currentStateId: 6
E/ECS_EnterpriseContainerService(  815): getMountStatus() permission get it
D/ECS_StateManager(  815):  Container Id:1
D/ECS_StateManager(  815):  Got the currState in HASH
D/ECS_StateManager(  815):  Current Status in DB:6
D/ECS_StateManager(  815):  NewState :CSSTATE_VERIFY_PWD
D/ECS_EnterpriseContainerService(  815): currentStateId: 6
W/ContextImpl(29011): Implicit intents with startService are not safe: Intent { act=sec_container_1.com.android.email.EXCHANGE_INTENT flg=0x20 } android.content.ContextWrapper.bindService:529 com.samsung.redex.proxy.app.ReDexApplication.bindService:-1 com.samsung.redex.proxy.content.ReDexContext.bindService:-1 
I/SELinux (29032): Function: selinux_android_load_priority [0], There is no sepolicy file.
I/SELinux (29032):  
I/SELinux (29032): Function: selinux_android_load_priority , loading version is VE=SEPF_SCH-I545_4.4.2_0011
I/SELinux (29032):  
I/SELinux (29032):  
I/SELinux (29032): selinux_android_seapp_context_reload: seapp_contexts file is loaded from /seapp_contexts
W/ContextImpl(29011): Implicit intents with startService are not safe: Intent { act=sec_container_1.com.android.email.EXCHANGE_INTENT flg=0x20 } android.content.ContextWrapper.bindService:529 com.samsung.redex.proxy.app.ReDexApplication.bindService:-1 com.samsung.redex.proxy.content.ReDexContext.bindService:-1 
D/EnterpriseDeviceManager(  815): ContainerId: 1
I/SELinux (29032): Found 1 digits, container_level:1
I/SELinux (29032): Found 1 digits, container_level:1
I/SELinux (29032): Found 1 digits, container_level:1
E/ECS_EnterpriseContainerService(  815): getMountStatus() permission get it
D/ECS_StateManager(  815):  Container Id:1
D/ECS_StateManager(  815):  Got the currState in HASH
D/ECS_StateManager(  815):  Current Status in DB:6
D/ECS_StateManager(  815):  NewState :CSSTATE_VERIFY_PWD
D/ECS_EnterpriseContainerService(  815): currentStateId: 6
D/ApplicationPolicy(  815): KNOX system is ready, start : sec_container_1.com.android.email
I/SELinux (29037): Function: selinux_android_load_priority [0], There is no sepolicy file.
I/SELinux (29037):  
I/SELinux (29037): Function: selinux_android_load_priority , loading version is VE=SEPF_SCH-I545_4.4.2_0011
I/SELinux (29037):  
I/SELinux (29037):  
I/SELinux (29037): selinux_android_seapp_context_reload: seapp_contexts file is loaded from /seapp_contexts
W/LicenseLogService(  815): log() is called by non admin
D/EnterpriseDeviceManager(  815): ContainerId: 1
E/ECS_EnterpriseContainerService(  815): getMountStatus() permission get it
D/ECS_StateManager(  815):  Container Id:1
D/ECS_StateManager(  815):  Got the currState in HASH
D/ECS_StateManager(  815):  Current Status in DB:6
D/ECS_StateManager(  815):  NewState :CSSTATE_VERIFY_PWD
D/ECS_EnterpriseContainerService(  815): currentStateId: 6
D/ApplicationPolicy(  815): KNOX system is ready, start : sec_container_1.com.android.email
W/LicenseLogService(  815): log() is called by non admin
D/EnterpriseDeviceManager(  815): ContainerId: 1
E/ECS_EnterpriseContainerService(  815): getMountStatus() permission get it
D/ECS_StateManager(  815):  Container Id:1
D/ECS_StateManager(  815):  Got the currState in HASH
D/ECS_StateManager(  815):  Current Status in DB:6
D/ECS_StateManager(  815):  NewState :CSSTATE_VERIFY_PWD
D/ECS_EnterpriseContainerService(  815): currentStateId: 6
D/ApplicationPolicy(  815): KNOX system is ready, start : sec_container_1.com.android.email
W/LicenseLogService(  815): log() is called by non admin
D/EnterpriseDeviceManager(  815): ContainerId: 1
E/ECS_EnterpriseContainerService(  815): getMountStatus() permission get it
D/ECS_StateManager(  815):  Container Id:1
D/ECS_StateManager(  815):  Got the currState in HASH
D/ECS_StateManager(  815):  Current Status in DB:6
D/ECS_StateManager(  815):  NewState :CSSTATE_VERIFY_PWD
D/ECS_EnterpriseContainerService(  815): currentStateId: 6
D/ApplicationPolicy(  815): KNOX system is ready, start : sec_container_1.com.android.email
W/LicenseLogService(  815): log() is called by non admin
D/EnterpriseDeviceManager(  815): ContainerId: 1
E/ECS_EnterpriseContainerService(  815): getMountStatus() permission get it
D/ECS_StateManager(  815):  Container Id:1
D/ECS_StateManager(  815):  Got the currState in HASH
D/ECS_StateManager(  815):  Current Status in DB:6
D/ECS_StateManager(  815):  NewState :CSSTATE_VERIFY_PWD
D/ECS_EnterpriseContainerService(  815): currentStateId: 6
D/ApplicationPolicy(  815): KNOX system is ready, start : sec_container_1.com.android.email
D/EnterpriseDeviceManager(  815): ContainerId: 1
E/ECS_EnterpriseContainerService(  815): getMountStatus() permission get it
D/ECS_StateManager(  815):  Container Id:1
D/ECS_StateManager(  815):  Got the currState in HASH
D/ECS_StateManager(  815):  Current Status in DB:6
D/ECS_StateManager(  815):  NewState :CSSTATE_VERIFY_PWD
D/ECS_EnterpriseContainerService(  815): currentStateId: 6
D/ApplicationPolicy(  815): KNOX system is ready, start : sec_container_1.com.android.email
W/LicenseLogService(  815): log() is called by non admin
W/LicenseLogService(  815): log() is called by non admin
E/ECS_EnterpriseContainerService(  815): getMountStatus() permission get it
D/ECS_StateManager(  815):  Container Id:1
D/ECS_StateManager(  815):  Got the currState in HASH
D/ECS_StateManager(  815):  Current Status in DB:6
D/ECS_StateManager(  815):  NewState :CSSTATE_VERIFY_PWD
D/ECS_EnterpriseContainerService(  815): currentStateId: 6
D/EnterpriseDeviceManager(  815): ContainerId: 1
E/ECS_EnterpriseContainerService(  815): getMountStatus() permission get it
D/ECS_StateManager(  815):  Container Id:1
D/ECS_StateManager(  815):  Got the currState in HASH
D/ECS_StateManager(  815):  Current Status in DB:6
D/ECS_StateManager(  815):  NewState :CSSTATE_VERIFY_PWD
D/ECS_EnterpriseContainerService(  815): currentStateId: 6
D/ApplicationPolicy(  815): KNOX system is ready, start : sec_container_1.com.android.email
W/LicenseLogService(  815): log() is called by non admin
D/EnterpriseDeviceManager(  815): ContainerId: 1
E/ECS_EnterpriseContainerService(  815): getMountStatus() permission get it
D/ECS_StateManager(  815):  Container Id:1
D/ECS_StateManager(  815):  Got the currState in HASH
D/ECS_StateManager(  815):  Current Status in DB:6
D/ECS_StateManager(  815):  NewState :CSSTATE_VERIFY_PWD
D/ECS_EnterpriseContainerService(  815): currentStateId: 6
D/ApplicationPolicy(  815): KNOX system is ready, start : sec_container_1.com.android.email
W/LicenseLogService(  815): log() is called by non admin
D/EnterpriseDeviceManager(  815): ContainerId: 1
E/ECS_EnterpriseContainerService(  815): getMountStatus() permission get it
D/ECS_StateManager(  815):  Container Id:1
D/ECS_StateManager(  815):  Got the currState in HASH
D/ECS_StateManager(  815):  Current Status in DB:6
D/ECS_StateManager(  815):  NewState :CSSTATE_VERIFY_PWD
D/ECS_EnterpriseContainerService(  815): currentStateId: 6
D/ApplicationPolicy(  815): KNOX system is ready, start : sec_container_1.com.android.email
