D/PackageManager(  815): returnCode: 1
D/dalvikvm(28209): GC_CONCURRENT freed 97K, 14% free 670K/772K, paused 0ms+0ms, total 4ms
D/EnterpriseDeviceManager(  815): ContainerId: 0
I/PackageManager(  815):   Action: "android.intent.action.SENDTO"
I/PackageManager(  815):   Category: "android.intent.category.DEFAULT"
I/PackageManager(  815):   Scheme: "mmsto"
I/PackageManager(  815): Adding preferred activity ComponentInfo{com.android.mms/com.android.mms.ui.ConversationComposer} for user 0 :
W/ApplicationPackageManager( 1454): getCSCPackageItemText()
W/ApplicationPackageManager( 1454): getCSCPackageItemText()
V/EmergencyMode( 1454): [EmergencyManager] mService is null.
D/EnterpriseDeviceManager(  815): ContainerId: 0
D/EnterpriseDeviceManager(  815): ContainerId: 0
I/PackageManager(  815):   Action: "android.intent.action.SENDTO"
I/PackageManager(  815):   Category: "android.intent.category.DEFAULT"
I/PackageManager(  815):   Scheme: "sms"
I/PackageManager(  815): Adding preferred activity ComponentInfo{com.android.mms/com.android.mms.ui.ConversationComposer} for user 0 :
D/EnterpriseDeviceManager(  815): ContainerId: 0
D/KLMS-2.2.113 : (28423): KLMSValidator() : checkQATesting()
W/ResourceType( 2892): Failure getting entry for 0x7f0200fa (t=1 e=250) in package 0 (error -75)
I/PackageManager(  815):   Action: "android.intent.action.SENDTO"
I/PackageManager(  815):   Category: "android.intent.category.DEFAULT"
I/PackageManager(  815):   Scheme: "smsto"
I/PackageManager(  815): Adding preferred activity ComponentInfo{com.android.mms/com.android.mms.ui.ConversationComposer} for user 0 :
D/dalvikvm(  815): GC_EXPLICIT freed 2013K, 24% free 81790K/106472K, paused 8ms+28ms, total 369ms
V/AlarmManager(  815): waitForAlarm result :4
D/BatteryService(  815): level:22, scale:100, status:2, health:2, present:true, voltage: 3715, temperature: 356, technology: Li-ion, AC powered:false, USB powered:true, Wireless powered:false, icon:17303409, invalid charger:0, online:4, current avg:460, charge type:1
D/PackageManager(  815): queryIntentReceivers - Execution time: 168 ms
D/EnterpriseDeviceManager(  815): ContainerId: 0
W/ResourceType( 2892): Failure getting entry for 0x7f0201b7 (t=1 e=439) in package 0 (error -75)
I/KLMS-2.2.113 : (28423): MainReciver() : EventNotificationReciver- method called: AppActivityListner onReceive for Intent Action : android.net.conn.CONNECTIVITY_CHANGE , timestamp: 1405647202395
D/OldVpnPolicy(  815): Vpn Receiver : android.intent.action.PACKAGE_REMOVED
I/HarmonyEASService(  815): onReceive : android.intent.action.PACKAGE_REMOVED for 0
I/PackageManager(  815):   Action: "android.intent.action.SENDTO"
I/OldVpnPolicy(  815): vpn handle : Message received
I/PackageManager(  815):   Category: "android.intent.category.DEFAULT"
D/OldVpnPolicy(  815): vpn handle : Handle MSG package remove
I/PackageManager(  815):   Scheme: "mms"
V/AlarmManager(  815): trigger ELAPSED_REALTIME_WAKEUP or RTC_WAKEUP
I/PackageManager(  815): Adding preferred activity ComponentInfo{com.android.mms/com.android.mms.ui.ConversationComposer} for user 0 :
E/MP-Decision( 2198): num online cores: 4 reqd : 3 available : 4 rq_depth:2.300000 hotplug_avg_load_dw: 191
E/MP-Decision( 2198): DOWN cpu:3 core_idx:3 Ns:3.100000 Ts:240 rq:2.300000 seq:245.000000
D/EnterpriseDeviceManager(  815): ContainerId: 0
I/PackageManager(  815):   Action: "android.intent.action.SENDTO"
I/PackageManager(  815):   Category: "android.intent.category.DEFAULT"
I/PackageManager(  815):   Scheme: "mmsto"
I/PackageManager(  815): Adding preferred activity ComponentInfo{com.android.mms/com.android.mms.ui.ConversationComposer} for user 0 :
D/AndroidRuntime(28437): 
D/AndroidRuntime(28437): >>>>>> AndroidRuntime START com.android.internal.os.RuntimeInit <<<<<<
D/AndroidRuntime(28437): CheckJNI is OFF
D/AndroidRuntime(28437): setted country_code = USA
D/AndroidRuntime(28437): setted countryiso_code = US
D/AndroidRuntime(28437): setted sales_code = VZW
D/AndroidRuntime(28437): readGMSProperty: start
D/AndroidRuntime(28437): readGMSProperty: already setted!!
D/AndroidRuntime(28437): readGMSProperty: end
D/AndroidRuntime(28437): addProductProperty: start
D/PackageManager(  815): checkUidPermission - Execution time: 138 ms
D/dalvikvm(28437): Trying to load lib libjavacore.so 0x0
D/dalvikvm(28437): Added shared lib libjavacore.so 0x0
D/dalvikvm(28437): Trying to load lib libnativehelper.so 0x0
D/dalvikvm(28437): Added shared lib libnativehelper.so 0x0
D/dalvikvm(28437): No JNI_OnLoad found in libnativehelper.so 0x0, skipping init
D/EnterpriseDeviceManager(  815): ContainerId: 0
I/PackageManager(  815):   Action: "android.intent.action.SENDTO"
I/PackageManager(  815):   Category: "android.intent.category.DEFAULT"
I/PackageManager(  815):   Scheme: "sms"
I/PackageManager(  815): Adding preferred activity ComponentInfo{com.android.mms/com.android.mms.ui.ConversationComposer} for user 0 :
D/EnterpriseDeviceManager(  815): ContainerId: 0
I/PackageManager(  815):   Action: "android.intent.action.SENDTO"
I/PackageManager(  815):   Category: "android.intent.category.DEFAULT"
I/PackageManager(  815):   Scheme: "smsto"
I/PackageManager(  815): Adding preferred activity ComponentInfo{com.android.mms/com.android.mms.ui.ConversationComposer} for user 0 :
E/memtrack(28437): Couldn't load memtrack module (No such file or directory)
E/android.os.Debug(28437): failed to load memtrack module: -2
I/SELinux (28452): Function: selinux_android_load_priority [0], There is no sepolicy file.
I/SELinux (28452):  
I/SELinux (28452): Function: selinux_android_load_priority , loading version is VE=SEPF_SCH-I545_4.4.2_0011
I/SELinux (28452):  
I/SELinux (28452):  
I/SELinux (28452): selinux_android_seapp_context_reload: seapp_contexts file is loaded from /seapp_contexts
D/EnterpriseDeviceManager(  815): ContainerId: 0
I/PackageManager(  815):   Action: "android.intent.action.SENDTO"
I/PackageManager(  815):   Category: "android.intent.category.DEFAULT"
I/PackageManager(  815):   Scheme: "mms"
I/PackageManager(  815): Adding preferred activity ComponentInfo{com.android.mms/com.android.mms.ui.ConversationComposer} for user 0 :
E/MP-Decision( 2198): num online cores: 3 reqd : 4 available : 4 rq_depth:5.700000 hotplug_avg_load_dw: 188
E/MP-Decision( 2198): UP cpu:1 core_idx:1 Nw:1.900000 Tw:140 rq:5.700000 seq:0.000000
E/MP-Decision( 2198): UP cpu:2 core_idx:2 Nw:2.700000 Tw:90 rq:5.700000 seq:0.000000
E/MP-Decision( 2198): UP cpu:3 core_idx:3 Nw:3.500000 Tw:90 rq:5.700000 seq:98.000000
D/dalvikvm(28437): Note: class Landroid/app/ActivityManagerNative; has 187 unimplemented (abstract) methods
I/ActivityManager(  815): Killing 27316:com.amazon.mShop.android/u0a16 (adj 15): empty #31
D/EnterpriseDeviceManager(  815): ContainerId: 0
D/AndroidRuntime(28437): Calling main entry com.android.commands.input.Input
I/Input   (28437): injectKeyEvent: KeyEvent { action=ACTION_DOWN, keyCode=KEYCODE_MENU, scanCode=0, metaState=0, flags=0x0, repeatCount=0, eventTime=60462510, downTime=60462510, deviceId=-1, displayId=0, source=0x101 }
I/PackageManager(  815):   Action: "android.intent.action.SENDTO"
I/PackageManager(  815):   Category: "android.intent.category.DEFAULT"
I/PackageManager(  815):   Scheme: "mmsto"
I/PackageManager(  815): Adding preferred activity ComponentInfo{com.android.mms/com.android.mms.ui.ConversationComposer} for user 0 :
D/lights  (  815): button : 1 +
D/lights  (  815): button : 1 -
I/InputDispatcher(  815): Delivering key to: action: 0x0 (0)
W/ApplicationPackageManager( 1454): getCSCPackageItemText()
W/ApplicationPackageManager( 1454): getCSCPackageItemText()
V/EmergencyMode( 1454): [EmergencyManager] mService is null.
D/PowerManagerService(  815): [s] UserActivityState : 0 -> 1
D/DisplayPowerController(  815): animation target = 160 (PSM:true, AB limit:(-1 ~ -1) MB Limit:(-1 ~ -1) MAdj:(0, (0, 255)))
D/PowerManagerService(  815): [s] mDisplayPowerControllerCallbacks : onStateChanged()
D/EnterpriseDeviceManager(  815): ContainerId: 0
D/lights  (  815): lcd : 35 +
W/ApplicationPackageManager( 1623): getCSCPackageItemText()
D/EnterpriseDeviceManager(  815): ContainerId: 0
W/LicenseLogService(  815): log() is called by non admin
I/PackageManager(  815):   Action: "android.intent.action.SENDTO"
I/PackageManager(  815):   Category: "android.intent.category.DEFAULT"
I/PackageManager(  815):   Scheme: "sms"
I/PackageManager(  815): Adding preferred activity ComponentInfo{com.android.mms/com.android.mms.ui.ConversationComposer} for user 0 :
D/lights  (  815): lcd : 35 -
D/lights  (  815): lcd : 68 +
D/lights  (  815): lcd : 68 -
D/lights  (  815): lcd : 135 +
D/RampAnimator(  815): Light Animator Finished currentValue=160
D/EnterpriseDeviceManager(  815): ContainerId: 0
I/PackageManager(  815):   Action: "android.intent.action.SENDTO"
I/PackageManager(  815):   Category: "android.intent.category.DEFAULT"
I/PackageManager(  815):   Scheme: "smsto"
I/Input   (28437): injectKeyEvent: KeyEvent { action=ACTION_UP, keyCode=KEYCODE_MENU, scanCode=0, metaState=0, flags=0x0, repeatCount=0, eventTime=60462510, downTime=60462510, deviceId=-1, displayId=0, source=0x101 }
D/EnterpriseDeviceManagerService(  815): onPackageUpdateFinished - packageName: com.phonegap.helloworld, uid: 10351
D/EnterpriseDeviceManagerService(  815): Package has changed for user 0
D/EnterpriseDeviceManagerService(  815): Admin package name: com.sec.knox.containeragent
I/PackageManager(  815): Adding preferred activity ComponentInfo{com.android.mms/com.android.mms.ui.ConversationComposer} for user 0 :
D/lights  (  815): lcd : 135 -
D/lights  (  815): lcd : 160 +
D/lights  (  815): lcd : 160 -
D/EnterpriseDeviceManager(  815): ContainerId: 0
I/InputDispatcher(  815): Delivering key to: action: 0x1 (0)
W/LicenseLogService(  815): log() is called by non admin
I/PackageManager(  815):   Action: "android.intent.action.SENDTO"
I/PackageManager(  815):   Category: "android.intent.category.DEFAULT"
I/PackageManager(  815):   Scheme: "mms"
I/PackageManager(  815): Adding preferred activity ComponentInfo{com.android.mms/com.android.mms.ui.ConversationComposer} for user 0 :
E/MP-Decision( 2198): num online cores: 4 reqd : 3 available : 4 rq_depth:2.100000 hotplug_avg_load_dw: 183
E/MP-Decision( 2198): DOWN cpu:3 core_idx:3 Ns:3.100000 Ts:240 rq:2.100000 seq:245.000000
I/SpenGestureManager(  815): setFocusWindow0
D/EnterpriseDeviceManager(  815): ContainerId: 0
D/PointerIcon(  815): setMouseIconStyle1 pointerType: 1001iconType:101 flag:0
D/PointerIcon(  815): setMouseCustomIcon IconType is same.101
D/PointerIcon(  815): setHoveringSpenIconStyle1 pointerType: 10001iconType:1 flag:0
D/PointerIcon(  815): setHoveringSpenCustomIcon IconType is same.1
D/AndroidRuntime(28437): Shutting down VM
D/STATUSBAR-StatusBarManagerService(  815): manageDisableList what=0x0 pkg=WindowManager.LayoutParams
D/RestrictionPolicy(  815): isStatusBarExpansionAllowed : true
D/AbsListView( 1623): unregisterIRListener() is called 
D/dalvikvm(28437): GC_CONCURRENT freed 100K, 14% free 675K/780K, paused 1ms+0ms, total 3ms
D/EnterpriseDeviceManager(  815): ContainerId: 0
I/SurfaceFlinger(  277): id=666 createSurf (1x1),1 flag=4, Mauncher
D/KeyguardViewMediator( 1288): setHidden false
D/KeyguardUpdateMonitor( 1288): sendKeyguardVisibilityChanged(true)
D/KeyguardUpdateMonitor( 1288): handleKeyguardVisibilityChanged(1)
I/PackageManager(  815):   Action: "android.intent.action.SENDTO"
I/PackageManager(  815):   Category: "android.intent.category.DEFAULT"
I/PackageManager(  815):   Scheme: "mmsto"
I/PackageManager(  815): Adding preferred activity ComponentInfo{com.android.mms/com.android.mms.ui.ConversationComposer} for user 0 :
D/KeyguardViewMediator( 1288): setHidden false
D/KeyguardUpdateMonitor( 1288): sendKeyguardVisibilityChanged(true)
D/KeyguardUpdateMonitor( 1288): handleKeyguardVisibilityChanged(1)
D/AbsListView( 1623): unregisterIRListener() is called 
D/AbsListView( 1623): unregisterIRListener() is called 
D/KeyguardViewMediator( 1288): setHidden false
D/KeyguardUpdateMonitor( 1288): sendKeyguardVisibilityChanged(true)
D/KeyguardUpdateMonitor( 1288): handleKeyguardVisibilityChanged(1)
D/AbsListView( 1623): unregisterIRListener() is called 
D/EnterpriseDeviceManager(  815): ContainerId: 0
D/KeyguardViewMediator( 1288): setHidden false
D/KeyguardUpdateMonitor( 1288): sendKeyguardVisibilityChanged(true)
D/KeyguardUpdateMonitor( 1288): handleKeyguardVisibilityChanged(1)
I/PackageManager(  815):   Action: "android.intent.action.SENDTO"
I/PackageManager(  815):   Category: "android.intent.category.DEFAULT"
I/PackageManager(  815):   Scheme: "sms"
D/AbsListView( 1623): unregisterIRListener() is called 
I/PackageManager(  815): Adding preferred activity ComponentInfo{com.android.mms/com.android.mms.ui.ConversationComposer} for user 0 :
D/dalvikvm(28452): Trying to load lib /data/data/com.policydm/files/libjni.so 0x42913780
D/dalvikvm(28452): Added shared lib /data/data/com.policydm/files/libjni.so 0x42913780
W/EDMNativeHelper(  265): EDMNativeHelperService is published
W/Resources(  815): Converting to string: TypedValue{t=0x12/d=0xffffffff a=-1}
D/EnterpriseDeviceManager(  815): ContainerId: 0
W/qdhwcomposer(  277): Excessive delay reading vsync: took 5867 ms
I/PackageManager(  815):   Action: "android.intent.action.SENDTO"
I/PackageManager(  815):   Category: "android.intent.category.DEFAULT"
I/PackageManager(  815):   Scheme: "smsto"
I/PackageManager(  815): Adding preferred activity ComponentInfo{com.android.mms/com.android.mms.ui.ConversationComposer} for user 0 :
D/EnterpriseDeviceManager(  815): ContainerId: 0
I/PackageManager(  815):   Action: "android.intent.action.SENDTO"
I/PackageManager(  815):   Category: "android.intent.category.DEFAULT"
I/PackageManager(  815):   Scheme: "mms"
I/ActivityManager(  815): Killing 27350:com.google.android.apps.magazines/u0a79 (adj 15): empty #31
I/PackageManager(  815): Adding preferred activity ComponentInfo{com.android.mms/com.android.mms.ui.ConversationComposer} for user 0 :
D/KeyguardViewMediator( 1288): setHidden false
D/KeyguardUpdateMonitor( 1288): sendKeyguardVisibilityChanged(true)
D/KeyguardUpdateMonitor( 1288): handleKeyguardVisibilityChanged(1)
D/EnterpriseDeviceManager(  815): ContainerId: 0
I/PackageManager(  815):   Action: "android.intent.action.SENDTO"
I/PackageManager(  815):   Category: "android.intent.category.DEFAULT"
I/PackageManager(  815):   Scheme: "mmsto"
I/PackageManager(  815): Adding preferred activity ComponentInfo{com.android.mms/com.android.mms.ui.ConversationComposer} for user 0 :
D/PackageManager(  815): resolveContentProvider - Execution time: 228 ms
W/Resources(  815): Converting to string: TypedValue{t=0x12/d=0xffffffff a=-1}
W/Resources(  815): Converting to string: TypedValue{t=0x12/d=0x0 a=-1}
W/Resources(  815): Converting to string: TypedValue{t=0x12/d=0xffffffff a=-1}
W/Resources(  815): Converting to string: TypedValue{t=0x12/d=0xffffffff a=-1}
E/MP-Decision( 2198): num online cores: 3 reqd : 4 available : 4 rq_depth:6.100000 hotplug_avg_load_dw: 182
E/MP-Decision( 2198): UP cpu:1 core_idx:1 Nw:1.900000 Tw:140 rq:6.100000 seq:0.000000
E/MP-Decision( 2198): UP cpu:2 core_idx:2 Nw:2.700000 Tw:90 rq:6.100000 seq:0.000000
E/MP-Decision( 2198): UP cpu:3 core_idx:3 Nw:3.500000 Tw:90 rq:6.100000 seq:98.000000
D/AndroidRuntime(28478): 
D/AndroidRuntime(28478): >>>>>> AndroidRuntime START com.android.internal.os.RuntimeInit <<<<<<
D/AndroidRuntime(28478): CheckJNI is OFF
D/AndroidRuntime(28478): setted country_code = USA
D/AndroidRuntime(28478): setted countryiso_code = US
D/AndroidRuntime(28478): setted sales_code = VZW
D/AndroidRuntime(28478): readGMSProperty: start
D/AndroidRuntime(28478): readGMSProperty: already setted!!
D/AndroidRuntime(28478): readGMSProperty: end
D/AndroidRuntime(28478): addProductProperty: start
D/dalvikvm(28478): Trying to load lib libjavacore.so 0x0
V/AlarmManager(  815): waitForAlarm result :4
D/dalvikvm(28478): Added shared lib libjavacore.so 0x0
D/dalvikvm(28478): Trying to load lib libnativehelper.so 0x0
D/dalvikvm(28478): Added shared lib libnativehelper.so 0x0
D/dalvikvm(28478): No JNI_OnLoad found in libnativehelper.so 0x0, skipping init
D/FvSyncService( 4252): postScheduleNextSync nextSyncTime : 86461672, pIntent : PendingIntent{42c47138: android.os.BinderProxy@42f468d0}
V/AlarmManager(  815): trigger ELAPSED_REALTIME_WAKEUP or RTC_WAKEUP
D/dalvikvm( 1503): GC_CONCURRENT freed 1675K, 30% free 18701K/26488K, paused 2ms+2ms, total 39ms
D/dalvikvm( 1503): WAIT_FOR_CONCURRENT_GC blocked 27ms
V/com.amazon.dcp.messaging.OdotService$ScheduleFlushReceiver( 4252): Received Intent android.net.conn.CONNECTIVITY_CHANGE
W/ContextImpl( 4252): Implicit intents with startService are not safe: Intent { act=com.amazon.dcp.messaging.action.SCHEDULE_FLUSH } android.content.ContextWrapper.startService:506 android.content.ContextWrapper.startService:506 com.amazon.dcp.messaging.OdotService$ScheduleFlushReceiver.onReceive:52 
I/com.amazon.dcp.framework.LongRunningIntentService( 4252): LongRunningIntentService OdotService is starting.
I/com.amazon.dcp.messaging.OdotService( 4252): OdotService received intent: Intent { act=com.amazon.dcp.messaging.action.SCHEDULE_FLUSH }
V/com.amazon.dcp.messaging.MessageProcessingSchedulerService$MessageProcessingSchedulerReceiver( 4252): Received Intent android.net.conn.CONNECTIVITY_CHANGE
W/ContextImpl( 4252): Implicit intents with startService are not safe: Intent { act=com.amazon.dcp.messaging.action.CONNECTIVITY_CHANGE (has extras) } android.content.ContextWrapper.startService:506 android.content.ContextWrapper.startService:506 com.amazon.dcp.messaging.MessageProcessingSchedulerService$MessageProcessingSchedulerReceiver.onReceive:55 
I/com.amazon.dcp.messaging.OdotServiceHelper( 4252): Schedule Flush: No connectivity, cancelling alarm
I/com.amazon.dcp.framework.AmazonIntentService( 4252): Service Received: Intent { act=com.amazon.dcp.messaging.action.CONNECTIVITY_CHANGE (has extras) }
V/com.amazon.dcp.messaging.MessageProcessingSchedulerService( 4252): Received Intent com.amazon.dcp.messaging.action.CONNECTIVITY_CHANGE
V/com.amazon.dcp.messaging.MessageProcessingScheduler( 4252): Logging metric for connectivity changed -> false
I/com.amazon.dcp.metrics.SingleAppMetricsCollector( 4252): IncrementCounter: (I) Grover:Messaging:ConnectivityChanged,Disconnected=1
V/com.amazon.dcp.messaging.MessageProcessingScheduler( 4252): Attempting to refresh the message processing scheduler
I/com.amazon.dcp.messaging.MessageProcessingScheduler( 4252): Skipping message processing because we have no connection.
I/com.amazon.dcp.messaging.MessageProcessingScheduler( 4252): Skipping message processing because it hasn't been long enough since the last one.
I/com.amazon.dcp.metrics.SingleAppMetricsCollector( 4252): IncrementCounter: (I) Grover:Messaging:CheckForUpdate,NotReady=1,NotConnected=1
V/SetupWizard --> ConnectivityChangeReceiver( 6903):  Connectivity Change event Occured start the device Registration Service 
V/SetupWizard --> DeviceRegistrationService( 6903): onStartCommand
V/SetupWizard --> DeviceRegistrationService( 6903): performDeviceRegistration
V/SetupWizard --> DeviceRegistrationService( 6903):  Is Device Registration In Progress : false isEulaTermsAccepted ? false
V/SetupWizard --> DeviceRegistrationService( 6903):  Can't Start The Device Registration 
W/ContextImpl( 6903): Calling a method in the system process without a qualified user: android.app.ContextImpl.startService:1824 android.content.ContextWrapper.startService:506 android.content.ContextWrapper.startService:506 com.sec.android.app.setupwizard.deviceregistration.ConnectivityChangeReceiver.onReceive:20 android.app.ActivityThread.handleReceiver:2552 
E/memtrack(28478): Couldn't load memtrack module (No such file or directory)
E/android.os.Debug(28478): failed to load memtrack module: -2
D/BackupManagerService(  815): Received broadcast Intent { act=android.intent.action.PACKAGE_REMOVED dat=package:com.phonegap.helloworld flg=0x4000010 (has extras) }
D/dalvikvm(28478): Note: class Landroid/app/ActivityManagerNative; has 187 unimplemented (abstract) methods
I/SELinux (28493): Function: selinux_android_load_priority [0], There is no sepolicy file.
I/SELinux (28493):  
I/SELinux (28493): Function: selinux_android_load_priority , loading version is VE=SEPF_SCH-I545_4.4.2_0011
I/SELinux (28493):  
I/SELinux (28493):  
I/SELinux (28493): selinux_android_seapp_context_reload: seapp_contexts file is loaded from /seapp_contexts
D/OldVpnPolicy(  815): Vpn Receiver : android.intent.action.PACKAGE_ADDED
I/OldVpnPolicy(  815): vpn handle : Message received
D/OldVpnPolicy(  815): vpn handle : Handle MSG package add
D/ApduServiceInfo( 1503): No android.nfc.cardemulation.se_extensions meta-data
D/AndroidRuntime(28478): Calling main entry com.android.commands.am.Am
D/BackupManagerService(  815): Received broadcast Intent { act=android.intent.action.PACKAGE_ADDED dat=package:com.phonegap.helloworld flg=0x4000010 (has extras) }
V/BackupManagerService(  815): removePackageParticipantsLocked: uid=10351 #1
V/BackupManagerService(  815): addPackageParticipantsLocked: #1
D/ECS_EnterpriseContainerService(  815): <<< Intent action is >>> : android.intent.action.PACKAGE_ADDED
D/ECS_EnterpriseContainerService(  815): <<< Intent data is   >>> : package:com.phonegap.helloworld
I/ECS_EnterpriseContainerService(  815): Inside package added listener
D/ECS_EnterpriseContainerService(  815): <<< Intent action is >>> : android.intent.action.PACKAGE_REPLACED
D/ECS_EnterpriseContainerService(  815): <<< Intent data is   >>> : package:com.phonegap.helloworld
I/ECS_EnterpriseContainerService(  815): Inside package added listener
D/KeyguardUpdateMonitor( 1288): received broadcast android.intent.action.BATTERY_CHANGED
D/KeyguardUpdateMonitor( 1288): handleBatteryUpdate
D/BatteryService(  815): Sending ACTION_BATTERY_CHANGED.
D/STATUSBAR-PhoneStatusBar( 1288):  mBrightnessEnablebySettings = true mBrightnessEnablebyBattery = true mBrightnessEnablebyDisableFlag = true mPmsBrightnessEnablebySettings = true
D/BatteryMeterView( 1288): ACTION_BATTERY_CHANGED : level:22 status:2 health:2
D/UiModeManager(  815): mCoverManager.getCoverState() : true
W/System.err( 6194): LOG: Warning Unknown dock level ignored.
D/InCallScreen( 1454): ACTION_BATTERY_CHANGED
D/InCallScreen( 1454): mBatteryLevel : 22
D/InCallScreen( 1454): mBatteryStatus : 2
D/InCallScreen( 1454): islowbatterysoundplayed : false
D/EnterpriseDeviceManager(  815): ContainerId: 0
V/ApplicationPolicy(  815): isApplicationStateBlocked userId 0 pkgname com.phonegap.helloworld
I/SurfaceFlinger(  277): id=667 createSurf (16x16),-1 flag=20004, EimLayer
W/ActivityManager(  815): mDVFSHelper.acquire()
I/SurfaceFlinger(  277): id=668 createSurf (16x16),-1 flag=20004, EimLayer
D/KeyguardViewMediator( 1288): setHidden false
D/KeyguardUpdateMonitor( 1288): sendKeyguardVisibilityChanged(true)
D/KeyguardUpdateMonitor( 1288): handleKeyguardVisibilityChanged(1)
D/Launcher.HomeView( 1623): onPause
W/ContextImpl(  815): Calling a method in the system process without a qualified user: android.app.ContextImpl.sendBroadcast:1482 com.android.server.am.ActivityStack.startPausingLocked:1006 com.android.server.am.ActivityStackSupervisor.pauseBackStacks:677 com.android.server.am.ActivityStack.resumeTopActivityLocked:1941 com.android.server.am.ActivityStackSupervisor.resumeTopActivitiesLocked:3099 
D/EnterpriseDeviceManager(  815): ContainerId: 0
I/SurfaceFlinger(  277): id=669 createSurf (1x1),1 flag=404, ielloworld
D/Launcher.Workspace( 1623): exitWidgetResizeMode State: NORMAL, newDragStarted: false
D/STATUSBAR-StatusBarManagerService(  815): manageDisableList what=0x0 pkg=WindowManager.LayoutParams
D/RestrictionPolicy(  815): isStatusBarExpansionAllowed : true
V/SmartFaceService - 3rd party pause(  815): onReceive [android.intent.action.ACTIVITY_STATE/com.sec.android.app.launcher/pause]
D/KeyguardViewMediator( 1288): setHidden false
D/KeyguardUpdateMonitor( 1288): sendKeyguardVisibilityChanged(true)
D/KeyguardUpdateMonitor( 1288): handleKeyguardVisibilityChanged(1)
I/PCWCLIENTTRACE_SYSTEMReceiver(28369): mConnectivityHandler : connected
D/KeyguardViewMediator( 1288): setHidden false
D/KeyguardUpdateMonitor( 1288): sendKeyguardVisibilityChanged(true)
D/KeyguardUpdateMonitor( 1288): handleKeyguardVisibilityChanged(1)
D/PointerIcon(  815): setMouseIconStyle1 pointerType: 1001iconType:101 flag:0
D/PointerIcon(  815): setMouseCustomIcon IconType is same.101
D/PointerIcon(  815): setHoveringSpenIconStyle1 pointerType: 10001iconType:1 flag:0
D/PointerIcon(  815): setHoveringSpenCustomIcon IconType is same.1
D/PCWCLIENTTRACE_PushUtil(28369): Scheduling retry, backoff = 1000(com.sec.pcw.device.NETWORK_ERROR_RETRY)
I/SELinux (28507): Function: selinux_android_load_priority [0], There is no sepolicy file.
I/SELinux (28507):  
I/SELinux (28507): Function: selinux_android_load_priority , loading version is VE=SEPF_SCH-I545_4.4.2_0011
I/SELinux (28507):  
I/SELinux (28507):  
I/SELinux (28507): selinux_android_seapp_context_reload: seapp_contexts file is loaded from /seapp_contexts
D/AbsListView( 1623): unregisterIRListener() is called 
D/dalvikvm(28507): Late-enabling CheckJNI
D/KeyguardViewMediator( 1288): setHidden false
D/KeyguardUpdateMonitor( 1288): sendKeyguardVisibilityChanged(true)
D/KeyguardUpdateMonitor( 1288): handleKeyguardVisibilityChanged(1)
I/ActivityManager(  815): Killing 27290:com.google.android.apps.plus/u0a106 (adj 15): empty #31
V/WindowOrientationListener(  815): mSContextAutoRotationListener.getProposedRotation, mbResultFaceDectection: false
V/WindowOrientationListener(  815): mSContextAutoRotationListener.getProposedRotation, Rotation: -1
V/WindowOrientationListener(  815): mSContextAutoRotationListener.getProposedRotation, mbResultFaceDectection: false
V/WindowOrientationListener(  815): mSContextAutoRotationListener.getProposedRotation, Rotation: -1
V/WindowManager(  815): rotationForOrientationLw(orient=-1, last=0); user=0 USER_ROTATION_LOCKED sensorRotation=-1 mLidState=-1 mDockMode=0 mHdmiPlugged=false mAccelerometerDefault=false gripRotationLock=false
D/Launcher.HomeView( 1623): onStop
D/AbsListView( 1623): onVisibilityChanged() is called, visibility : 4
D/AbsListView( 1623): unregisterIRListener() is called 
D/SurfaceWidgetView( 1623): onVisibilityChanged
D/SurfaceWidgetClient$ISurfaceWidgetStub( 1993): [123491/1] Surface widget visibility changed visibility = false on instance = 1
D/AbsListView( 1623): onVisibilityChanged() is called, visibility : 4
D/AbsListView( 1623): unregisterIRListener() is called 
D/AbsListView( 1623): onDetachedFromWindow
D/AbsListView( 1623): unregisterIRListener() is called 
D/KeyguardViewMediator( 1288): setHidden false
D/KeyguardUpdateMonitor( 1288): sendKeyguardVisibilityChanged(true)
D/KeyguardUpdateMonitor( 1288): handleKeyguardVisibilityChanged(1)
D/SurfaceWidgetView( 1623): destroyHardwareResources():1123905240
W/Resources(  815): Converting to boolean: TypedValue{t=0x3/d=0x18 "false" a=-1}
W/Resources(  815): Converting to boolean: TypedValue{t=0x3/d=0x17 "false" a=-1}
W/ContextImpl(  815): Calling a method in the system process without a qualified user: android.app.ContextImpl.sendBroadcast:1482 com.android.server.am.ActivityStackSupervisor.realStartActivityLocked:1161 com.android.server.am.ActivityStackSupervisor.attachApplicationLocked:595 com.android.server.am.ActivityManagerService.attachApplicationLocked:6026 com.android.server.am.ActivityManagerService.attachApplication:6086 
D/KeyguardViewMediator( 1288): setHidden false
D/KeyguardUpdateMonitor( 1288): sendKeyguardVisibilityChanged(true)
D/KeyguardUpdateMonitor( 1288): handleKeyguardVisibilityChanged(1)
D/Launcher( 1623): onTrimMemory. Level: 20
D/KeyguardViewMediator( 1288): setHidden false
D/KeyguardUpdateMonitor( 1288): sendKeyguardVisibilityChanged(true)
D/KeyguardUpdateMonitor( 1288): handleKeyguardVisibilityChanged(1)
D/EnterpriseDeviceManager(  815): ContainerId: 0
D/KeyguardViewMediator( 1288): setHidden false
D/KeyguardUpdateMonitor( 1288): sendKeyguardVisibilityChanged(true)
D/STATUSBAR-StatusBarManagerService(  815): manageDisableList what=0x0 pkg=WindowManager.LayoutParams
D/RestrictionPolicy(  815): isStatusBarExpansionAllowed : true
D/KeyguardViewMediator( 1288): setHidden false
D/KeyguardUpdateMonitor( 1288): sendKeyguardVisibilityChanged(true)
D/KeyguardViewMediator( 1288): setHidden false
D/KeyguardUpdateMonitor( 1288): sendKeyguardVisibilityChanged(true)
D/KeyguardViewMediator( 1288): setHidden false
D/KeyguardUpdateMonitor( 1288): sendKeyguardVisibilityChanged(true)
D/KeyguardUpdateMonitor( 1288): handleKeyguardVisibilityChanged(1)
D/KeyguardUpdateMonitor( 1288): handleKeyguardVisibilityChanged(1)
D/KeyguardUpdateMonitor( 1288): handleKeyguardVisibilityChanged(1)
D/SurfaceWidgetView( 1623): destroyHardwareResources():1123905240
D/KeyguardViewMediator( 1288): setHidden false
D/KeyguardUpdateMonitor( 1288): sendKeyguardVisibilityChanged(true)
W/Resources(  815): Converting to string: TypedValue{t=0x12/d=0xffffffff a=-1}
D/KeyguardUpdateMonitor( 1288): handleKeyguardVisibilityChanged(1)
D/KeyguardUpdateMonitor( 1288): handleKeyguardVisibilityChanged(1)
V/SmartFaceService - 3rd party pause(  815): onReceive [android.intent.action.ACTIVITY_STATE/com.phonegap.helloworld/create]
E/SPPClientService(19905): [[SystemStateMonitorService]] SystemStateMonitorService : noConnect? : false
I/SELinux (28522): Function: selinux_android_load_priority [0], There is no sepolicy file.
I/SELinux (28522):  
I/SELinux (28522): Function: selinux_android_load_priority , loading version is VE=SEPF_SCH-I545_4.4.2_0011
I/SELinux (28522):  
I/SELinux (28522):  
I/SELinux (28522): selinux_android_seapp_context_reload: seapp_contexts file is loaded from /seapp_contexts
W/ApplicationPackageManager(28507): getCSCPackageItemText()
I/CordovaLog(28507): Changing log level to DEBUG(3)
W/Resources(  815): Converting to string: TypedValue{t=0x12/d=0xffffffff a=-1}
D/Whitelist(28507): Unlimited access to network resources
D/CordovaActivity(28507): CordovaActivity.onCreate()
V/WebViewChromium(28507): Binding Chromium to the background looper Looper (main, tid 1) {4290f3d0}
I/chromium(28507): [INFO:library_loader_hooks.cc(112)] Chromium logging enabled: level = 0, default verbosity = 0
I/BrowserProcessMain(28507): Initializing chromium process, renderers=0
W/Resources(  815): Converting to string: TypedValue{t=0x12/d=0xffffffff a=-1}
W/chromium(28507): [WARNING:proxy_service.cc(888)] PAC support disabled because there is no system implementation
W/ApplicationPackageManager(28507): getCSCPackageItemText()
I/Adreno-EGL(28507): <qeglDrvAPI_eglInitialize:381>: EGL 1.4 QUALCOMM build:  (CL3869936)
I/Adreno-EGL(28507): OpenGL ES Shader Compiler Version: 17.01.11.SPL
I/Adreno-EGL(28507): Build Date: 01/17/14 Fri
I/Adreno-EGL(28507): Local Branch: 
I/Adreno-EGL(28507): Remote Branch: 
I/Adreno-EGL(28507): Local Patches: 
I/Adreno-EGL(28507): Reconstruct Branch: 
D/lights  (  815): button : 0 +
D/lights  (  815): button : 0 -
D/CordovaWebView(28507): CordovaWebView is running on device made by: samsung
D/JsMessageQueue(28507): Set native->JS mode to 2
D/CordovaActivity(28507): CordovaActivity.init()
D/CordovaWebView(28507): >>> loadUrl(file:///android_asset/www/index.html)
D/PluginManager(28507): init()
D/CordovaWebView(28507): >>> loadUrlNow()
I/com.amazon.dcp.settings.BackgroundSynchronizer(28522): Requesting sync with content provider.
I/SELinux (28554): Function: selinux_android_load_priority [0], There is no sepolicy file.
I/SELinux (28554):  
I/SELinux (28554): Function: selinux_android_load_priority , loading version is VE=SEPF_SCH-I545_4.4.2_0011
I/SELinux (28554):  
I/SELinux (28554):  
I/SELinux (28554): selinux_android_seapp_context_reload: seapp_contexts file is loaded from /seapp_contexts
I/CordovaLog(28507): Changing log level to DEBUG(3)
D/Whitelist(28507): Unlimited access to network resources
D/CordovaActivity(28507): Resuming the App
D/CordovaActivity(28507): CB-3064: The errorUrl is null
I/com.amazon.dcp.settings.BackgroundSynchronizer(28522): Waiting for initial sync...
D/SoftKeyboardDetect(28507): Ignore this event
D/KeyguardViewMediator( 1288): setHidden false
D/KeyguardUpdateMonitor( 1288): sendKeyguardVisibilityChanged(true)
D/KeyguardUpdateMonitor( 1288): handleKeyguardVisibilityChanged(1)
I/SurfaceFlinger(  277): id=670 createSurf (1080x1920),1 flag=404, IelloWorld
I/SpenGestureManager(  815): setFocusWindow21055
D/KeyguardViewMediator( 1288): setHidden false
D/KeyguardUpdateMonitor( 1288): sendKeyguardVisibilityChanged(true)
D/PointerIcon(  815): setMouseIconStyle1 pointerType: 1001iconType:101 flag:0
D/PointerIcon(  815): setMouseCustomIcon IconType is same.101
D/PointerIcon(  815): setHoveringSpenIconStyle1 pointerType: 10001iconType:1 flag:0
D/PointerIcon(  815): setHoveringSpenCustomIcon IconType is same.1
D/KeyguardUpdateMonitor( 1288): handleKeyguardVisibilityChanged(1)
D/OpenGLRenderer(28507): Enabling debug mode 0
D/KeyguardViewMediator( 1288): setHidden false
D/KeyguardUpdateMonitor( 1288): sendKeyguardVisibilityChanged(true)
I/SurfaceFlinger(  277): id=665 Removed Mauncher (19/32)
I/SurfaceFlinger(  277): id=665 Removed Mauncher (-2/32)
I/SurfaceFlinger(  277): id=666 Removed Mauncher (22/31)
I/SurfaceFlinger(  277): id=666 Removed Mauncher (-2/31)
D/KeyguardViewMediator( 1288): setHidden false
D/KeyguardUpdateMonitor( 1288): sendKeyguardVisibilityChanged(true)
D/KeyguardViewMediator( 1288): setHidden false
D/KeyguardUpdateMonitor( 1288): sendKeyguardVisibilityChanged(true)
D/EnterpriseDeviceManager(  815): ContainerId: 0
D/KeyguardUpdateMonitor( 1288): handleKeyguardVisibilityChanged(1)
D/KeyguardUpdateMonitor( 1288): handleKeyguardVisibilityChanged(1)
D/KeyguardUpdateMonitor( 1288): handleKeyguardVisibilityChanged(1)
W/LicenseLogService(  815): log() is called by non admin
D/SoftKeyboardDetect(28507): Ignore this event
D/RestrictionPolicy(  815): isUseSecureKeypadEnabled : false
W/ContextImpl(  815): Calling a method in the system process without a qualified user: android.app.ContextImpl.sendBroadcast:1468 com.android.server.InputMethodManagerService$4.run:2747 java.lang.Thread.run:841 <bottom of call stack> <bottom of call stack> 
D/AndroidRuntime(28478): Shutting down VM
D/KeyguardViewMediator( 1288): setHidden false
D/KeyguardUpdateMonitor( 1288): sendKeyguardVisibilityChanged(true)
D/KeyguardUpdateMonitor( 1288): handleKeyguardVisibilityChanged(1)
W/ActivityManager(  815): mDVFSHelper.release()
D/dalvikvm(28478): GC_CONCURRENT freed 99K, 13% free 713K/816K, paused 0ms+1ms, total 3ms
D/KeyguardViewMediator( 1288): setHidden false
D/KeyguardUpdateMonitor( 1288): sendKeyguardVisibilityChanged(true)
D/KeyguardUpdateMonitor( 1288): handleKeyguardVisibilityChanged(1)
D/KeyguardViewMediator( 1288): setHidden false
D/KeyguardUpdateMonitor( 1288): sendKeyguardVisibilityChanged(true)
D/KeyguardUpdateMonitor( 1288): handleKeyguardVisibilityChanged(1)
D/PhoneStatusBar( 1288): Status bar WINDOW_STATE_HIDING
W/ContextImpl(  815): Calling a method in the system process without a qualified user: android.app.ContextImpl.sendBroadcast:1468 com.android.internal.policy.impl.PhoneWindowManager.notifyToSSRM:5440 com.android.internal.policy.impl.PhoneWindowManager.access$200:167 com.android.internal.policy.impl.PhoneWindowManager$PolicyHandler.handleMessage:694 android.os.Handler.dispatchMessage:102 
I/com.amazon.dcp.settings.SettingsCacheUpdater(28522): Starting sync with content provider.
D/SSRMv2:AirViewOnOff(  815): DeviceInfo:: 00000000000
D/SSRMv2:AirViewOnOff(  815): SettingsAirViewInfo:: 000100000
W/com.amazon.dcp.settings.SettingsProvider(28554): No device defaults DB found. This is normal on 3rd party devices.
D/KeyguardViewMediator( 1288): setHidden false
D/KeyguardUpdateMonitor( 1288): sendKeyguardVisibilityChanged(true)
I/com.amazon.dcp.settings.SettingsProvider(28554): Process com.amazon.mp3:downloadmanager(28522) allowed access to namespace com.amazon.mp3.
D/KeyguardUpdateMonitor( 1288): handleKeyguardVisibilityChanged(1)
I/com.amazon.device.crashmanager.CrashDetectionHelper(28554): Installing crash detector as default exception handler.
I/com.amazon.fv.authentication.SSOInit(28554): Changing Async task behavior to gingerbread default
I/DPLogger(28554): DPLogger - Name was too long. Truncating; original name: TComm.HttpClientSrrManager, truncated name: TComm.HttpClientSrrMana
I/DPLogger(28554): DPLogger - Name was too long. Truncating; original name: CrashUploadService.DetUtil, truncated name: CrashUploadService.DetU
W/com.amazon.dcp.settings.SettingsProvider(28554): No device defaults DB found. This is normal on 3rd party devices.
I/com.amazon.fv.authentication.SSOInit(28554): Initalizing application Grover
I/com.amazon.fv.authentication.SSOInit(28554): SSO version 90 loaded on OS Build: I545VRUFNC5.
I/DPLogger(28554): DPLogger - Name was too long. Truncating; original name: AbstractDetArtifactProcessor, truncated name: AbstractDetArtifactProc
I/DPLogger(28554): DPLogger - Name was too long. Truncating; original name: JavaCrashArtifactProcessor, truncated name: JavaCrashArtifactProces
I/com.amazon.identity.framework.MetricsCollectorHolder(28554): Running normally, creating new metrics collector
I/com.amazon.dcp.settings.SettingsProvider(28554): Process com.amazon.mp3:downloadmanager(28522) allowed access to namespace -device-.
V/ArtifactUploader(28554): uploadCrashEntries - Uploading artifacts.;
E/com.amazon.identity.framework.ClassConfigurationParser(28554): The configuration file does not have a key for MetricCollector
I/com.amazon.dcp.settings.SettingsCacheUpdater(28522): Sync with content provider complete. Values processed: 0
E/com.amazon.device.crashmanager.AppFileArtifactSource(28554): Failed to delete crash report.
I/com.amazon.dcp.settings.BackgroundSynchronizer(28522): Wait for initial sync complete.
I/com.amazon.identity.framework.ClassConfigurationParser(28554): Attempting to create class com.amazon.dcp.metrics.CentralDeviceMetricsCollector with android.content.Context constructor.
W/Settings(28522): Setting download_manager_max_bytes_over_mobile has moved from android.provider.Settings.Secure to android.provider.Settings.Global.
W/Settings(28522): Setting download_manager_recommended_max_bytes_over_mobile has moved from android.provider.Settings.Secure to android.provider.Settings.Global.
I/com.amazon.identity.framework.ClassConfigurationParser(28554): Attempting to create class com.amazon.fv.IdentitySSODeviceInfo with android.content.Context constructor.
I/com.amazon.dcp.settings.BackgroundSynchronizer(28554): Requesting sync with content provider.
I/com.amazon.dcp.settings.SettingsCacheUpdater(28554): Starting sync with content provider.
I/com.amazon.fv.authentication.SSOInit(28554): Initalizing SSO
I/com.amazon.fv.authentication.DCPInit(28554): Changing Async task behavior to gingerbread default
I/com.amazon.fv.authentication.DCPInit(28554): Initalizing application Grover
I/com.amazon.fv.authentication.DCPInit(28554): DCP version 90 loaded on OS Build: I545VRUFNC5.
I/com.amazon.dcp.framework.ClassConfigurationParser(28554): Attempting to create class com.amazon.fv.DCPDeviceInfo with android.content.Context constructor.
E/com.amazon.dcp.settings.SettingsCache(28554): Attempted to set context on SettingsCache more than once.
I/com.amazon.dcp.metrics.MetricsCollectorHolder(28554): Running normally, creating new metrics collector
I/com.amazon.dcp.framework.ClassConfigurationParser(28554): Attempting to create class com.amazon.dcp.metrics.SingleAppMetricsCollector with android.content.Context constructor.
W/com.amazon.dcp.settings.SettingsProvider(28554): No device defaults DB found. This is normal on 3rd party devices.
I/com.amazon.fv.authentication.DCPInit(28554): Initalizing Metrics
I/com.amazon.fv.authentication.DCPInit(28554): Initalizing Messaging
I/com.amazon.dcp.settings.BackgroundSynchronizer(28554): Waiting for initial sync...
I/com.amazon.dcp.settings.SettingsProvider(28554): Process com.amazon.fv:Settings(28554) allowed access to namespace com.amazon.fv.
E/com.amazon.dcp.settings.SettingsCache(28522): Attempted to set context on SettingsCache more than once.
D/com.amazon.identity.common.ThirdPartyDeviceUtils(28554): DCP generated third party serial number is 9f4cb7fcb79c4be48ebb225e50524658
I/com.amazon.identity.framework.VersionUtils(28554): SSO was found in package com.amazon.fv
D/AuthenticationHelper(28554): updatePFM ATVPDKIKX0DER
D/AuthenticationHelper(28554): getPFM ATVPDKIKX0DER
W/com.amazon.dcp.settings.SettingsProvider(28554): No device defaults DB found. This is normal on 3rd party devices.
W/Unknown/com.amazon.identity.auth.device.utils.ReflectionHelper(28522): Failed to locate class named com.amazon.acos.util.AmazonBuild. If this is not a Kindle device, you can ignore this warning.
I/com.amazon.identity.framework.VersionUtils(28554): SSO was found in package com.amazon.fv
I/com.amazon.dcp.settings.SettingsProvider(28554): Process com.amazon.fv:Settings(28554) allowed access to namespace -device-.
I/com.amazon.dcp.settings.SettingsCacheUpdater(28554): Sync with content provider complete. Values processed: 47
I/com.amazon.dcp.settings.BackgroundSynchronizer(28554): Wait for initial sync complete.
I/com.amazon.fv.authentication.DCPInit(28554): Settings database has not been updated from the cloud. Updating now.
D/AuthenticationHelper(28554): updatePFM ATVPDKIKX0DER
E/com.amazon.dcp.settings.SettingsCache(28522): Attempted to set context on SettingsCache more than once.
W/ContextImpl(28554): Implicit intents with startService are not safe: Intent { act=com.amazon.dcp.settings.action.ACTION_UPDATE_CLOUD_SETTINGS } android.content.ContextWrapper.startService:506 android.content.ContextWrapper.startService:506 com.amazon.fv.authentication.DCPInit$4.run:354 
V/com.amazon.dcp.messaging.MessageProcessingScheduler(28554): Attempting to refresh the message processing scheduler
I/Unknown/com.amazon.identity.auth.device.utils.VersionUtils(28522): SSO was found in package com.amazon.fv
I/com.amazon.mp3/com.amazon.identity.auth.device.api.MAPInit(28522): Initalizing MAP (110037310) for app com.amazon.mp3
I/com.amazon.mp3/com.amazon.identity.auth.device.api.MAPInit(28522): Initalizing MAP SSO
W/qdhwcomposer(  277): Excessive delay reading vsync: took 1496 ms
D/CordovaWebViewClient(28507): onPageStarted(file:///android_asset/www/index.html)
D/CordovaActivity(28507): onMessage(onPageStarted,file:///android_asset/www/index.html)
W/Resources(  815): Converting to string: TypedValue{t=0x12/d=0xffffffff a=-1}
D/KeyguardViewMediator( 1288): setHidden false
D/KeyguardUpdateMonitor( 1288): sendKeyguardVisibilityChanged(true)
D/KeyguardUpdateMonitor( 1288): handleKeyguardVisibilityChanged(1)
I/SurfaceFlinger(  277): id=669 Removed ielloworld (25/30)
I/SurfaceFlinger(  277): id=669 Removed ielloworld (-2/30)
D/KeyguardViewMediator( 1288): setHidden false
D/KeyguardUpdateMonitor( 1288): sendKeyguardVisibilityChanged(true)
D/KeyguardUpdateMonitor( 1288): handleKeyguardVisibilityChanged(1)
W/Resources(  815): Converting to string: TypedValue{t=0x12/d=0xffffffff a=-1}
W/Resources(  815): Converting to string: TypedValue{t=0x12/d=0xffffffff a=-1}
W/Resources(  815): Converting to string: TypedValue{t=0x12/d=0x0 a=-1}
W/Resources(  815): Converting to string: TypedValue{t=0x12/d=0xffffffff a=-1}
W/Resources(  815): Converting to string: TypedValue{t=0x12/d=0x0 a=-1}
I/AmazonMP3_Configuration(28522): active endpoint = local
W/ContextImpl(28522): Implicit intents with startService are not safe: Intent { act=com.amazon.mp3.service.ACTION_CHECK_COMPONENTS (has extras) } android.content.ContextWrapper.startService:506 com.amazon.mp3.service.ComponentCheckService.start:40 com.amazon.mp3.service.ComponentCheckService.startOnApplicationStarted:34 
W/Resources(  815): Converting to string: TypedValue{t=0x12/d=0xffffffff a=-1}
I/dalvikvm(28522): Could not find method amazon.profile.TLoggerFactory.getPlatformLogger, referenced from method android.provider.GlobalControlSettingsProvider.<clinit>
W/dalvikvm(28522): VFY: unable to resolve static method 592: Lamazon/profile/TLoggerFactory;.getPlatformLogger (Ljava/lang/String;)Lamazon/profile/TLogger;
D/dalvikvm(28522): VFY: replacing opcode 0x71 at 0x0003
D/EnterpriseDeviceManager(  815): ContainerId: 0
I/dalvikvm(28522): Could not find method android.app.INotificationManager.cancelNotificationWithTag, referenced from method android.provider.GlobalControlSettingsProvider.disableParentalControls
W/dalvikvm(28522): VFY: unable to resolve interface method 820: Landroid/app/INotificationManager;.cancelNotificationWithTag (Ljava/lang/String;Ljava/lang/String;I)V
D/dalvikvm(28522): VFY: replacing opcode 0x72 at 0x0018
I/dalvikvm(28522): Could not find method android.app.admin.DevicePolicyManager.getCurrentBatteryLevel, referenced from method android.provider.GlobalControlSettingsProvider.enforceBatteryLevel
W/dalvikvm(28522): VFY: unable to resolve virtual method 900: Landroid/app/admin/DevicePolicyManager;.getCurrentBatteryLevel ()I
D/dalvikvm(28522): VFY: replacing opcode 0x6e at 0x001a
E/dalvikvm(28522): Could not find class 'com.android.internal.app.DeviceControlsUtils', referenced from method android.provider.GlobalControlSettingsProvider.doesDeviceControlPasswordExist
W/dalvikvm(28522): VFY: unable to resolve new-instance 5952 (Lcom/android/internal/app/DeviceControlsUtils;) in Landroid/provider/GlobalControlSettingsProvider;
D/dalvikvm(28522): VFY: replacing opcode 0x22 at 0x0009
I/dalvikvm(28522): Could not find method amazon.profile.TLogger.l, referenced from method android.provider.GlobalControlSettingsProvider.getPermissionValue
W/dalvikvm(28522): VFY: unable to resolve virtual method 591: Lamazon/profile/TLogger;.l (IIILjava/lang/String;)V
D/dalvikvm(28522): VFY: replacing opcode 0x6e at 0x0009
W/LicenseLogService(  815): log() is called by non admin
E/dalvikvm(28522): Could not find class 'com.android.internal.app.DeviceControlsUtils', referenced from method android.provider.GlobalControlSettingsProvider.setDeviceControlsPassword
W/dalvikvm(28522): VFY: unable to resolve new-instance 5952 (Lcom/android/internal/app/DeviceControlsUtils;) in Landroid/provider/GlobalControlSettingsProvider;
D/dalvikvm(28522): VFY: replacing opcode 0x22 at 0x000f
D/EnterpriseDeviceManager(  815): ContainerId: 0
I/dalvikvm(28522): Could not find method com.android.internal.app.DeviceControlsUtils.saveLockPassword, referenced from method android.provider.GlobalControlSettingsProvider.setDeviceControlsPassword
W/dalvikvm(28522): VFY: unable to resolve virtual method 43622: Lcom/android/internal/app/DeviceControlsUtils;.saveLockPassword (Ljava/lang/String;I)V
D/dalvikvm(28522): VFY: replacing opcode 0x6e at 0x001b
I/dalvikvm(28522): Could not find method android.provider.Settings$Secure.putBoolean, referenced from method android.provider.GlobalControlSettingsProvider.setKSMActive
W/dalvikvm(28522): VFY: unable to resolve static method 2121: Landroid/provider/Settings$Secure;.putBoolean (Landroid/content/ContentResolver;Ljava/lang/String;Z)Z
D/dalvikvm(28522): VFY: replacing opcode 0x71 at 0x0009
D/dalvikvm(28522): DexOpt: unable to opt direct call 0xaa65 at 0x0d in Landroid/provider/GlobalControlSettingsProvider;.doesDeviceControlPasswordExist
D/dalvikvm(28522): DexOpt: unable to opt direct call 0xaa65 at 0x13 in Landroid/provider/GlobalControlSettingsProvider;.setDeviceControlsPassword
W/dalvikvm(28522): Exception Ljava/lang/NoClassDefFoundError; thrown while initializing Landroid/provider/GlobalControlSettingsProvider;
W/LicenseLogService(  815): log() is called by non admin
W/ContextImpl(28554): Implicit intents with startService are not safe: Intent { act=com.amazon.dcp.metrics.action.START_LOG_CAPTURE (has extras) } android.content.ContextWrapper.startService:506 android.content.ContextWrapper.startService:506 com.amazon.fv.authentication.DCPInit.startLogCapture:127 
I/com.amazon.dcp.metrics.MetricsService( 4252): Log capture already started, ignoring
D/EnterpriseDeviceManager(  815): ContainerId: 0
W/LicenseLogService(  815): log() is called by non admin
D/EnterpriseDeviceManager(  815): ContainerId: 0
W/LicenseLogService(  815): log() is called by non admin
W/Resources(  815): Converting to string: TypedValue{t=0x12/d=0xffffffff a=-1}
W/Resources(  815): Converting to string: TypedValue{t=0x12/d=0xffffffff a=-1}
W/Resources(  815): Converting to string: TypedValue{t=0x12/d=0xffffffff a=-1}
W/Resources(  815): Converting to string: TypedValue{t=0x12/d=0x0 a=-1}
W/Resources(  815): Converting to string: TypedValue{t=0x12/d=0xffffffff a=-1}
W/Resources(  815): Converting to string: TypedValue{t=0x12/d=0xffffffff a=-1}
W/Resources(  815): Converting to boolean: TypedValue{t=0x3/d=0x18 "false" a=-1}
W/Resources(  815): Converting to boolean: TypedValue{t=0x3/d=0x17 "false" a=-1}
W/Resources(  815): Converting to string: TypedValue{t=0x12/d=0xffffffff a=-1}
W/Resources(  815): Converting to string: TypedValue{t=0x12/d=0xffffffff a=-1}
W/Resources(  815): Converting to string: TypedValue{t=0x12/d=0xffffffff a=-1}
D/KeyguardViewMediator( 1288): setHidden false
D/KeyguardUpdateMonitor( 1288): sendKeyguardVisibilityChanged(true)
D/KeyguardUpdateMonitor( 1288): handleKeyguardVisibilityChanged(1)
D/PhoneStatusBar( 1288): Status bar WINDOW_STATE_HIDDEN
W/Resources(  815): Converting to string: TypedValue{t=0x12/d=0xffffffff a=-1}
W/Resources(  815): Converting to string: TypedValue{t=0x12/d=0xffffffff a=-1}
W/Resources(  815): Converting to string: TypedValue{t=0x12/d=0xffffffff a=-1}
W/Resources(  815): Converting to string: TypedValue{t=0x12/d=0x0 a=-1}
W/Resources(  815): Converting to string: TypedValue{t=0x12/d=0xffffffff a=-1}
W/Resources(  815): Converting to string: TypedValue{t=0x12/d=0x0 a=-1}
W/Resources(  815): Converting to string: TypedValue{t=0x12/d=0xffffffff a=-1}
