V/MediaScanner(23687): postscan time: 3ms (bulkDeleter : 0), (delete DeadThumbnail time : 0ms)
V/MediaScanner(23687):    total time: 1918ms
V/MediaScanner(23687): checked files: 1619  directories : 228  (I: 0, U: 0)
D/MediaProvider(23687): restorePlaylistTableConfiguration started
D/MediaProvider(23687): restorePlaylistTableConfiguration finished
D/MediaScannerService(23687): !@done scanning volume external
I/ActivityManager(  816): Killing 5609:com.android.musicfx/u0a95 (adj 15): empty #31
D/SSRMv2:CoolDownMode(  816): battTemp is 301
D/SSRMv2:Monitor(  816): SIOP:: AP = 400, Prev AP = 380, Duration = 10036, PST = 394
D/SSRMv2:AmoledAdjustTimer(  816): prevTemp = 301, currTemp = 301, prevStep = 5, currStep = 5
D/STATUSBAR-NetworkController( 1220): onSignalStrengthsChanged signalStrength=SignalStrength: 99 99 -90 -90 -120 -1 -1 99 2147483647 2147483647 2147483647 -1 2147483647 cdma 0x10 level=1
D/STATUSBAR-NetworkController( 1220): Data Activity icon disapeared.
D/STATUSBAR-NetworkController( 1220): updateRomaingNotification DataRoaming:false mDataRoamingTypeForVZW : 0
D/STATUSBAR-NetworkController( 1220): onServiceStateChanged voiceState=0 dataState=1
D/StatusBar.NetworkController( 1220): getDataServiceState : dataServiceState = 1
D/STATUSBAR-NetworkController( 1220): isCdma(), !isCdmaEri(), mRoamingIconId = 0
D/STATUSBAR-NetworkController( 1220): CDMA : disabled icon displayed
D/STATUSBAR-NetworkController( 1220):  isCdmaLTE - mSimStateUNKNOWN
D/STATUSBAR-NetworkController( 1220): Data Activity icon disapeared.
D/STATUSBAR-NetworkController( 1220): updateRomaingNotification DataRoaming:false mDataRoamingTypeForVZW : 0
D/STATUSBAR-AirplaneModeQuickSettingButton( 1220): mPhoneStateListener - inAirplaneMode: false
D/WifiService(  816): onDataConnectionStateChanged: state -0, networkType - UNKNOWN
D/MobileDataStateTracker(  816): fota: Broadcast received: android.intent.action.ANY_DATA_STATE apnType=fota
D/MobileDataStateTracker(  816): fota: Received state=DISCONNECTED, old=DISCONNECTED, reason=dataDetached
D/STATUSBAR-NetworkController( 1220): onDataConnectionStateChanged: state=0 type=0
D/STATUSBAR-NetworkController( 1220): isCdma(), !isCdmaEri(), mRoamingIconId = 0
D/STATUSBAR-NetworkController( 1220): CDMA : disabled icon displayed
D/STATUSBAR-NetworkController( 1220):  isCdmaLTE - mSimStateUNKNOWN
D/STATUSBAR-NetworkController( 1220): Data Activity icon disapeared.
D/STATUSBAR-NetworkController( 1220): updateRomaingNotification DataRoaming:false mDataRoamingTypeForVZW : 0
D/STATUSBAR-NetworkController( 1220): refreshSignalCluster: data=0 bt=false
D/STATUSBAR-SignalClusterView( 1220): isSignalNull=false, mIsAirplaneMode=false, mWifiVisible=true, mMobileStrengthId=2130838118
D/STATUSBAR-SignalClusterView( 1220): isSignalNull=false, mIsAirplaneMode=false, mWifiVisible=true, mMobileStrengthId=2130838118
D/STATUSBAR-SignalClusterView( 1220): data type is gone : mMobileDataState = 0 mBtTetherState = false mHasService = true
D/STATUSBAR-SignalClusterView( 1220): isSignalNull=false, mIsAirplaneMode=false, mWifiVisible=true, mMobileStrengthId=2130838118
D/STATUSBAR-SignalClusterView( 1220): data type is gone : mMobileDataState = 0 mBtTetherState = false mHasService = true
D/STATUSBAR-IconMerger( 1220): checkOverflow(504), More:false, Req:false Child:2
D/MobileDataStateTracker(  816): cas: Broadcast received: android.intent.action.ANY_DATA_STATE apnType=cas
D/MobileDataStateTracker(  816): cas: Received state=DISCONNECTED, old=DISCONNECTED, reason=dataDetached
D/MobileDataStateTracker(  816): dun: Broadcast received: android.intent.action.ANY_DATA_STATE apnType=dun
D/MobileDataStateTracker(  816): dun: Received state=DISCONNECTED, old=DISCONNECTED, reason=dataDetached
D/MobileDataStateTracker(  816): supl: Broadcast received: android.intent.action.ANY_DATA_STATE apnType=supl
D/MobileDataStateTracker(  816): supl: Received state=DISCONNECTED, old=DISCONNECTED, reason=dataDetached
D/MobileDataStateTracker(  816): hipri: Broadcast received: android.intent.action.ANY_DATA_STATE apnType=hipri
D/MobileDataStateTracker(  816): hipri: Received state=DISCONNECTED, old=DISCONNECTED, reason=dataDetached
D/MobileDataStateTracker(  816): ims: Broadcast received: android.intent.action.ANY_DATA_STATE apnType=ims
D/MobileDataStateTracker(  816): ims: Received state=DISCONNECTED, old=DISCONNECTED, reason=dataDetached
D/MobileDataStateTracker(  816): default: Broadcast received: android.intent.action.ANY_DATA_STATE apnType=default
D/MobileDataStateTracker(  816): default: Received state=DISCONNECTED, old=DISCONNECTED, reason=dataDetached
D/MobileDataStateTracker(  816): mms: Broadcast received: android.intent.action.ANY_DATA_STATE apnType=mms
D/MobileDataStateTracker(  816): mms: Received state=DISCONNECTED, old=DISCONNECTED, reason=dataDetached
D/MobileDataStateTracker(  816): cbs: Broadcast received: android.intent.action.ANY_DATA_STATE apnType=cbs
D/MobileDataStateTracker(  816): cbs: Received state=DISCONNECTED, old=DISCONNECTED, reason=dataDetached
D/STATUSBAR-NetworkController( 1220): onSignalStrengthsChanged signalStrength=SignalStrength: 99 99 -90 -90 -120 -1 -1 99 2147483647 2147483647 2147483647 -1 2147483647 cdma 0x10 level=1
D/STATUSBAR-NetworkController( 1220): Data Activity icon disapeared.
D/STATUSBAR-NetworkController( 1220): updateRomaingNotification DataRoaming:false mDataRoamingTypeForVZW : 0
D/STATUSBAR-NetworkController( 1220): onSignalStrengthsChanged signalStrength=SignalStrength: 99 99 -91 -50 -120 -1 -1 99 2147483647 2147483647 2147483647 -1 2147483647 cdma 0x30 level=3
D/STATUSBAR-NetworkController( 1220): Data Activity icon disapeared.
D/STATUSBAR-NetworkController( 1220): updateRomaingNotification DataRoaming:false mDataRoamingTypeForVZW : 0
D/STATUSBAR-NetworkController( 1220): refreshSignalCluster: data=0 bt=false
D/STATUSBAR-SignalClusterView( 1220): isSignalNull=false, mIsAirplaneMode=false, mWifiVisible=true, mMobileStrengthId=2130838118
D/STATUSBAR-SignalClusterView( 1220): data type is gone : mMobileDataState = 0 mBtTetherState = false mHasService = true
D/STATUSBAR-SignalClusterView( 1220): isSignalNull=false, mIsAirplaneMode=false, mWifiVisible=true, mMobileStrengthId=2130838120
D/STATUSBAR-SignalClusterView( 1220): data type is gone : mMobileDataState = 0 mBtTetherState = false mHasService = true
D/STATUSBAR-SignalClusterView( 1220): isSignalNull=false, mIsAirplaneMode=false, mWifiVisible=true, mMobileStrengthId=2130838120
D/STATUSBAR-SignalClusterView( 1220): data type is gone : mMobileDataState = 0 mBtTetherState = false mHasService = true
D/STATUSBAR-IconMerger( 1220): checkOverflow(504), More:false, Req:false Child:2
D/STATUSBAR-NetworkController( 1220): Data Activity icon disapeared.
D/STATUSBAR-NetworkController( 1220): updateRomaingNotification DataRoaming:false mDataRoamingTypeForVZW : 0
D/STATUSBAR-NetworkController( 1220): refreshSignalCluster: data=0 bt=false
D/STATUSBAR-SignalClusterView( 1220): isSignalNull=false, mIsAirplaneMode=false, mWifiVisible=true, mMobileStrengthId=2130838120
D/STATUSBAR-SignalClusterView( 1220): data type is gone : mMobileDataState = 0 mBtTetherState = false mHasService = true
D/STATUSBAR-SignalClusterView( 1220): isSignalNull=false, mIsAirplaneMode=false, mWifiVisible=true, mMobileStrengthId=2130838120
D/STATUSBAR-SignalClusterView( 1220): data type is gone : mMobileDataState = 0 mBtTetherState = false mHasService = true
D/STATUSBAR-SignalClusterView( 1220): isSignalNull=false, mIsAirplaneMode=false, mWifiVisible=true, mMobileStrengthId=2130838120
D/STATUSBAR-SignalClusterView( 1220): data type is gone : mMobileDataState = 0 mBtTetherState = false mHasService = true
D/STATUSBAR-IconMerger( 1220): checkOverflow(504), More:false, Req:false Child:2
D/STATUSBAR-NetworkController( 1220): Data Activity icon disapeared.
D/STATUSBAR-NetworkController( 1220): updateRomaingNotification DataRoaming:false mDataRoamingTypeForVZW : 0
D/STATUSBAR-NetworkController( 1220): refreshSignalCluster: data=0 bt=false
D/STATUSBAR-SignalClusterView( 1220): isSignalNull=false, mIsAirplaneMode=false, mWifiVisible=true, mMobileStrengthId=2130838120
D/STATUSBAR-SignalClusterView( 1220): data type is gone : mMobileDataState = 0 mBtTetherState = false mHasService = true
D/STATUSBAR-SignalClusterView( 1220): isSignalNull=false, mIsAirplaneMode=false, mWifiVisible=true, mMobileStrengthId=2130838120
D/STATUSBAR-SignalClusterView( 1220): data type is gone : mMobileDataState = 0 mBtTetherState = false mHasService = true
D/STATUSBAR-SignalClusterView( 1220): isSignalNull=false, mIsAirplaneMode=false, mWifiVisible=true, mMobileStrengthId=2130838120
D/STATUSBAR-SignalClusterView( 1220): data type is gone : mMobileDataState = 0 mBtTetherState = false mHasService = true
D/STATUSBAR-IconMerger( 1220): checkOverflow(504), More:false, Req:false Child:2
D/STATUSBAR-NetworkController( 1220): onSignalStrengthsChanged signalStrength=SignalStrength: 99 99 -89 -75 -120 -1 -1 99 2147483647 2147483647 2147483647 -1 2147483647 cdma 0x20 level=2
D/STATUSBAR-NetworkController( 1220): Data Activity icon disapeared.
D/STATUSBAR-NetworkController( 1220): updateRomaingNotification DataRoaming:false mDataRoamingTypeForVZW : 0
D/STATUSBAR-NetworkController( 1220): refreshSignalCluster: data=0 bt=false
D/STATUSBAR-SignalClusterView( 1220): isSignalNull=false, mIsAirplaneMode=false, mWifiVisible=true, mMobileStrengthId=2130838120
D/STATUSBAR-SignalClusterView( 1220): data type is gone : mMobileDataState = 0 mBtTetherState = false mHasService = true
D/STATUSBAR-SignalClusterView( 1220): isSignalNull=false, mIsAirplaneMode=false, mWifiVisible=true, mMobileStrengthId=2130838119
D/STATUSBAR-SignalClusterView( 1220): data type is gone : mMobileDataState = 0 mBtTetherState = false mHasService = true
D/STATUSBAR-SignalClusterView( 1220): isSignalNull=false, mIsAirplaneMode=false, mWifiVisible=true, mMobileStrengthId=2130838119
D/STATUSBAR-SignalClusterView( 1220): data type is gone : mMobileDataState = 0 mBtTetherState = false mHasService = true
D/STATUSBAR-IconMerger( 1220): checkOverflow(504), More:false, Req:false Child:2
D/STATUSBAR-NetworkController( 1220): Data Activity icon disapeared.
D/STATUSBAR-NetworkController( 1220): updateRomaingNotification DataRoaming:false mDataRoamingTypeForVZW : 0
D/STATUSBAR-NetworkController( 1220): refreshSignalCluster: data=0 bt=false
D/STATUSBAR-SignalClusterView( 1220): isSignalNull=false, mIsAirplaneMode=false, mWifiVisible=true, mMobileStrengthId=2130838119
D/STATUSBAR-SignalClusterView( 1220): data type is gone : mMobileDataState = 0 mBtTetherState = false mHasService = true
D/STATUSBAR-SignalClusterView( 1220): isSignalNull=false, mIsAirplaneMode=false, mWifiVisible=true, mMobileStrengthId=2130838119
D/STATUSBAR-SignalClusterView( 1220): data type is gone : mMobileDataState = 0 mBtTetherState = false mHasService = true
D/STATUSBAR-SignalClusterView( 1220): isSignalNull=false, mIsAirplaneMode=false, mWifiVisible=true, mMobileStrengthId=2130838119
D/STATUSBAR-SignalClusterView( 1220): data type is gone : mMobileDataState = 0 mBtTetherState = false mHasService = true
D/STATUSBAR-IconMerger( 1220): checkOverflow(504), More:false, Req:false Child:2
D/STATUSBAR-NetworkController( 1220): onSignalStrengthsChanged signalStrength=SignalStrength: 99 99 -88 -70 -120 -1 -1 99 2147483647 2147483647 2147483647 -1 2147483647 cdma 0x20 level=2
D/STATUSBAR-NetworkController( 1220): Data Activity icon disapeared.
D/STATUSBAR-NetworkController( 1220): updateRomaingNotification DataRoaming:false mDataRoamingTypeForVZW : 0
D/STATUSBAR-NetworkController( 1220): onSignalStrengthsChanged signalStrength=SignalStrength: 99 99 -89 -75 -120 -1 -1 99 2147483647 2147483647 2147483647 -1 2147483647 cdma 0x20 level=2
D/STATUSBAR-NetworkController( 1220): Data Activity icon disapeared.
D/STATUSBAR-NetworkController( 1220): updateRomaingNotification DataRoaming:false mDataRoamingTypeForVZW : 0
V/AlarmManager(  816): waitForAlarm result :4
V/AlarmManager(  816): waitForAlarm result :4
D/BatteryService(  816): level:100, scale:100, status:2, health:2, present:true, voltage: 4321, temperature: 302, technology: Li-ion, AC powered:false, USB powered:true, Wireless powered:false, icon:17303409, invalid charger:0, online:4, current avg:460, charge type:1
D/BatteryService(  816): Sending ACTION_BATTERY_CHANGED.
V/AlarmManager(  816): waitForAlarm result :4
D/UiModeManager(  816): mCoverManager.getCoverState() : true
W/BroadcastQueue(  816): Skipping deliver [background] BroadcastRecord{457b3688 u-1 android.intent.action.BATTERY_CHANGED} to ReceiverList{44f678c8 6905 (unknown name)/10100/u0 remote:44ec8fb0}: process crashing
D/STATUSBAR-PhoneStatusBar( 1220):  mBrightnessEnablebySettings = false mBrightnessEnablebyBattery = true mBrightnessEnablebyDisableFlag = true mPmsBrightnessEnablebySettings = true
D/BatteryMeterView( 1220): ACTION_BATTERY_CHANGED : level:100 status:2 health:2
D/STATUSBAR-IconMerger( 1220): checkOverflow(504), More:false, Req:false Child:2
D/TimaService(  816): TIMA: TimaService scheduler is intialized. 
D/TimaService(  816): TIMA: checkEvent, operation: 50000 subject: 10000
D/TimaService(  816): TimaServiceHandler.handleMessage what =1
D/STATUSBAR-NetworkController( 1220): onSignalStrengthsChanged signalStrength=SignalStrength: 99 99 -101 -35 -120 -1 -1 99 2147483647 2147483647 2147483647 -1 2147483647 cdma 0x10 level=1
D/STATUSBAR-NetworkController( 1220): Data Activity icon disapeared.
D/STATUSBAR-NetworkController( 1220): updateRomaingNotification DataRoaming:false mDataRoamingTypeForVZW : 0
D/STATUSBAR-NetworkController( 1220): refreshSignalCluster: data=0 bt=false
D/STATUSBAR-SignalClusterView( 1220): isSignalNull=false, mIsAirplaneMode=false, mWifiVisible=true, mMobileStrengthId=2130838119
D/STATUSBAR-SignalClusterView( 1220): data type is gone : mMobileDataState = 0 mBtTetherState = false mHasService = true
D/STATUSBAR-SignalClusterView( 1220): isSignalNull=false, mIsAirplaneMode=false, mWifiVisible=true, mMobileStrengthId=2130838118
D/STATUSBAR-SignalClusterView( 1220): data type is gone : mMobileDataState = 0 mBtTetherState = false mHasService = true
D/STATUSBAR-SignalClusterView( 1220): isSignalNull=false, mIsAirplaneMode=false, mWifiVisible=true, mMobileStrengthId=2130838118
D/STATUSBAR-SignalClusterView( 1220): data type is gone : mMobileDataState = 0 mBtTetherState = false mHasService = true
D/STATUSBAR-IconMerger( 1220): checkOverflow(504), More:false, Req:false Child:2
D/STATUSBAR-NetworkController( 1220): onSignalStrengthsChanged signalStrength=SignalStrength: 99 99 -101 -35 -120 -1 -1 99 2147483647 2147483647 2147483647 -1 2147483647 cdma 0x10 level=1
D/STATUSBAR-NetworkController( 1220): Data Activity icon disapeared.
D/STATUSBAR-NetworkController( 1220): updateRomaingNotification DataRoaming:false mDataRoamingTypeForVZW : 0
D/STATUSBAR-NetworkController( 1220): onSignalStrengthsChanged signalStrength=SignalStrength: 99 99 -101 -35 -120 -1 -1 99 2147483647 2147483647 2147483647 -1 2147483647 cdma 0x10 level=1
D/STATUSBAR-NetworkController( 1220): Data Activity icon disapeared.
D/STATUSBAR-NetworkController( 1220): updateRomaingNotification DataRoaming:false mDataRoamingTypeForVZW : 0
D/STATUSBAR-NetworkController( 1220): onSignalStrengthsChanged signalStrength=SignalStrength: 99 99 -101 -35 -109 -80 -1 99 2147483647 2147483647 2147483647 -1 2147483647 cdma 0x110 level=1
D/STATUSBAR-NetworkController( 1220): Data Activity icon disapeared.
D/STATUSBAR-NetworkController( 1220): updateRomaingNotification DataRoaming:false mDataRoamingTypeForVZW : 0
D/STATUSBAR-NetworkController( 1220): onSignalStrengthsChanged signalStrength=SignalStrength: 99 99 -101 -35 -109 -80 -1 99 2147483647 2147483647 2147483647 -1 2147483647 cdma 0x110 level=1
D/STATUSBAR-NetworkController( 1220): Data Activity icon disapeared.
D/WifiService(  816): onDataConnectionStateChanged: state -0, networkType - CDMA - eHRPD
D/STATUSBAR-NetworkController( 1220): updateRomaingNotification DataRoaming:false mDataRoamingTypeForVZW : 0
D/STATUSBAR-NetworkController( 1220): onSignalStrengthsChanged signalStrength=SignalStrength: 99 99 -101 -35 -109 -80 -1 99 2147483647 2147483647 2147483647 -1 2147483647 cdma 0x110 level=1
D/STATUSBAR-NetworkController( 1220): Data Activity icon disapeared.
D/MobileDataStateTracker(  816): fota: Broadcast received: android.intent.action.ANY_DATA_STATE apnType=fota
D/STATUSBAR-NetworkController( 1220): updateRomaingNotification DataRoaming:false mDataRoamingTypeForVZW : 0
D/STATUSBAR-NetworkController( 1220): onServiceStateChanged voiceState=0 dataState=0
D/StatusBar.NetworkController( 1220): getDataServiceState : dataServiceState = 0
D/STATUSBAR-NetworkController( 1220): isCdma(), !isCdmaEri(), mRoamingIconId = 0
D/STATUSBAR-NetworkController( 1220): CDMA : disabled icon displayed
D/MobileDataStateTracker(  816): fota: Received state=DISCONNECTED, old=DISCONNECTED, reason=dataAttached
D/STATUSBAR-NetworkController( 1220):  isCdmaLTE - mSimStateUNKNOWN
D/MobileDataStateTracker(  816): cas: Broadcast received: android.intent.action.ANY_DATA_STATE apnType=cas
D/STATUSBAR-NetworkController( 1220): Data Activity icon disapeared.
D/STATUSBAR-NetworkController( 1220): updateRomaingNotification DataRoaming:false mDataRoamingTypeForVZW : 0
D/STATUSBAR-AirplaneModeQuickSettingButton( 1220): mPhoneStateListener - inAirplaneMode: false
D/STATUSBAR-NetworkController( 1220): onDataConnectionStateChanged: state=0 type=14
D/STATUSBAR-NetworkController( 1220): isCdma(), !isCdmaEri(), mRoamingIconId = 0
D/STATUSBAR-NetworkController( 1220): CDMA : disabled icon displayed
D/STATUSBAR-NetworkController( 1220):  isCdmaLTE - mSimStateUNKNOWN
D/STATUSBAR-NetworkController( 1220): Data Activity icon disapeared.
D/MobileDataStateTracker(  816): cas: Received state=DISCONNECTED, old=DISCONNECTED, reason=dataAttached
D/STATUSBAR-NetworkController( 1220): updateRomaingNotification DataRoaming:false mDataRoamingTypeForVZW : 0
D/STATUSBAR-NetworkController( 1220): refreshSignalCluster: data=0 bt=false
D/MobileDataStateTracker(  816): dun: Broadcast received: android.intent.action.ANY_DATA_STATE apnType=dun
D/STATUSBAR-SignalClusterView( 1220): isSignalNull=false, mIsAirplaneMode=false, mWifiVisible=true, mMobileStrengthId=2130838118
D/STATUSBAR-SignalClusterView( 1220): data type is gone : mMobileDataState = 0 mBtTetherState = false mHasService = true
D/STATUSBAR-SignalClusterView( 1220): isSignalNull=false, mIsAirplaneMode=false, mWifiVisible=true, mMobileStrengthId=2130838118
D/STATUSBAR-SignalClusterView( 1220): isSignalNull=false, mIsAirplaneMode=false, mWifiVisible=true, mMobileStrengthId=2130838118
D/MobileDataStateTracker(  816): dun: Received state=DISCONNECTED, old=DISCONNECTED, reason=dataAttached
D/MobileDataStateTracker(  816): supl: Broadcast received: android.intent.action.ANY_DATA_STATE apnType=supl
D/MobileDataStateTracker(  816): supl: Received state=DISCONNECTED, old=DISCONNECTED, reason=dataAttached
D/MobileDataStateTracker(  816): hipri: Broadcast received: android.intent.action.ANY_DATA_STATE apnType=hipri
D/MobileDataStateTracker(  816): hipri: Received state=DISCONNECTED, old=DISCONNECTED, reason=dataAttached
D/STATUSBAR-IconMerger( 1220): checkOverflow(504), More:false, Req:false Child:2
D/MobileDataStateTracker(  816): ims: Broadcast received: android.intent.action.ANY_DATA_STATE apnType=ims
D/MobileDataStateTracker(  816): ims: Received state=DISCONNECTED, old=DISCONNECTED, reason=dataAttached
D/MobileDataStateTracker(  816): default: Broadcast received: android.intent.action.ANY_DATA_STATE apnType=default
D/MobileDataStateTracker(  816): default: Received state=DISCONNECTED, old=DISCONNECTED, reason=dataAttached
D/MobileDataStateTracker(  816): mms: Broadcast received: android.intent.action.ANY_DATA_STATE apnType=mms
D/MobileDataStateTracker(  816): mms: Received state=DISCONNECTED, old=DISCONNECTED, reason=dataAttached
D/MobileDataStateTracker(  816): cbs: Broadcast received: android.intent.action.ANY_DATA_STATE apnType=cbs
D/MobileDataStateTracker(  816): cbs: Received state=DISCONNECTED, old=DISCONNECTED, reason=dataAttached
D/TimaService(  816): TIMA MEASUREMENT Result: TIMA_STATUS=0;MSG=Kernel Verification Success;
D/TimaService(  816): TIMA MEASUREMENT success status: TIMA_STATUS=0;MSG=Kernel Verification Success;
D/STATUSBAR-NetworkController( 1220): Data Activity icon disapeared.
D/STATUSBAR-NetworkController( 1220): updateRomaingNotification DataRoaming:false mDataRoamingTypeForVZW : 0
D/STATUSBAR-NetworkController( 1220): refreshSignalCluster: data=0 bt=false
D/STATUSBAR-SignalClusterView( 1220): isSignalNull=false, mIsAirplaneMode=false, mWifiVisible=true, mMobileStrengthId=2130838118
D/STATUSBAR-SignalClusterView( 1220): isSignalNull=false, mIsAirplaneMode=false, mWifiVisible=true, mMobileStrengthId=2130838118
D/STATUSBAR-SignalClusterView( 1220): isSignalNull=false, mIsAirplaneMode=false, mWifiVisible=true, mMobileStrengthId=2130838118
D/STATUSBAR-IconMerger( 1220): checkOverflow(504), More:false, Req:false Child:2
D/STATUSBAR-NetworkController( 1220): onSignalStrengthsChanged signalStrength=SignalStrength: 99 99 -89 -75 -109 -80 -1 99 2147483647 2147483647 2147483647 -1 2147483647 cdma 0x120 level=1
D/STATUSBAR-NetworkController( 1220): Data Activity icon disapeared.
D/STATUSBAR-NetworkController( 1220): updateRomaingNotification DataRoaming:false mDataRoamingTypeForVZW : 0
V/AlarmManager(  816): waitForAlarm result :4
V/AlarmManager(  816): waitForAlarm result :4
V/AlarmManager(  816): waitForAlarm result :4
V/AlarmManager(  816): waitForAlarm result :4
V/AlarmManager(  816): trigger ELAPSED_REALTIME_WAKEUP or RTC_WAKEUP
D/STATUSBAR-NetworkController( 1220): Data Activity icon disapeared.
D/STATUSBAR-NetworkController( 1220): updateRomaingNotification DataRoaming:false mDataRoamingTypeForVZW : 0
D/STATUSBAR-NetworkController( 1220): refreshSignalCluster: data=0 bt=false
D/STATUSBAR-SignalClusterView( 1220): isSignalNull=false, mIsAirplaneMode=false, mWifiVisible=true, mMobileStrengthId=2130838118
D/STATUSBAR-SignalClusterView( 1220): isSignalNull=false, mIsAirplaneMode=false, mWifiVisible=true, mMobileStrengthId=2130838118
D/STATUSBAR-SignalClusterView( 1220): isSignalNull=false, mIsAirplaneMode=false, mWifiVisible=true, mMobileStrengthId=2130838118
D/STATUSBAR-IconMerger( 1220): checkOverflow(504), More:false, Req:false Child:2
D/STATUSBAR-NetworkController( 1220): onSignalStrengthsChanged signalStrength=SignalStrength: 99 99 -89 -75 -116 -315 -1 99 2147483647 2147483647 2147483647 -1 2147483647 cdma 0x120 level=1
D/STATUSBAR-NetworkController( 1220): Data Activity icon disapeared.
D/STATUSBAR-NetworkController( 1220): updateRomaingNotification DataRoaming:false mDataRoamingTypeForVZW : 0
I/ActivityManager(  816): Waited long enough for: ServiceRecord{45232988 u0 com.amazon.mp3/.service.job.JobService}
D/SSRMv2:CoolDownMode(  816): battTemp is 302
D/SSRMv2:Monitor(  816): SIOP:: AP = 400, Prev AP = 400, Duration = 10041, PST = 394
D/SSRMv2:AmoledAdjustTimer(  816): prevTemp = 301, currTemp = 302, prevStep = 5, currStep = 5
D/STATUSBAR-NetworkController( 1220): onSignalStrengthsChanged signalStrength=SignalStrength: 99 99 -89 -75 -109 -80 -1 99 2147483647 2147483647 2147483647 -1 2147483647 cdma 0x120 level=1
D/STATUSBAR-NetworkController( 1220): Data Activity icon disapeared.
D/STATUSBAR-NetworkController( 1220): updateRomaingNotification DataRoaming:false mDataRoamingTypeForVZW : 0
V/PackageManager(  816): Install from ADB
D/PackageManager(  816): START_PACKAGE_INSTALL: observer{1163377784}
D/PackageManager(  816):           PackageURI{file:///data/local/tmp/Jeeves-debug-unaligned.apk}
D/PackageManager(  816): [MSG] INIT_COPY: observer{1163377784}
D/PackageManager(  816):           idx{0}
D/PackageManager(  816):           for_user{UserHandle{-1}}
D/PackageManager(  816): Trying to bind to DefaultContainerService
D/PackageManager(  816): onServiceConnected
D/PackageManager(  816): [MSG] MCS_BOUND
D/PackageManager(  816): [MSG] MCS_BOUND: observer{1163377784}
D/PackageManager(  816):           for_user{UserHandle{-1}}
D/PackageManager(  816): Found 1 verifiers for intent Intent { act=android.intent.action.PACKAGE_NEEDS_VERIFICATION dat=file:///data/local/tmp/Jeeves-debug-unaligned.apk typ=application/vnd.android.package-archive flg=0x1 } with 0 optional verifiers
I/PackageManager(  816): remove MCS_UNBIND message and Posting MCS_UNBIND 10 secs later
D/STATUSBAR-NetworkController( 1220): Data Activity icon disapeared.
D/STATUSBAR-NetworkController( 1220): updateRomaingNotification DataRoaming:false mDataRoamingTypeForVZW : 0
D/STATUSBAR-NetworkController( 1220): refreshSignalCluster: data=0 bt=false
D/STATUSBAR-SignalClusterView( 1220): isSignalNull=false, mIsAirplaneMode=false, mWifiVisible=true, mMobileStrengthId=2130838118
D/STATUSBAR-SignalClusterView( 1220): isSignalNull=false, mIsAirplaneMode=false, mWifiVisible=true, mMobileStrengthId=2130838118
D/STATUSBAR-SignalClusterView( 1220): isSignalNull=false, mIsAirplaneMode=false, mWifiVisible=true, mMobileStrengthId=2130838118
D/STATUSBAR-IconMerger( 1220): checkOverflow(504), More:false, Req:false Child:2
D/STATUSBAR-NetworkController( 1220): Data Activity icon disapeared.
D/STATUSBAR-NetworkController( 1220): updateRomaingNotification DataRoaming:false mDataRoamingTypeForVZW : 0
D/STATUSBAR-NetworkController( 1220): refreshSignalCluster: data=0 bt=false
D/STATUSBAR-SignalClusterView( 1220): isSignalNull=false, mIsAirplaneMode=false, mWifiVisible=true, mMobileStrengthId=2130838118
D/STATUSBAR-SignalClusterView( 1220): isSignalNull=false, mIsAirplaneMode=false, mWifiVisible=true, mMobileStrengthId=2130838118
D/STATUSBAR-SignalClusterView( 1220): isSignalNull=false, mIsAirplaneMode=false, mWifiVisible=true, mMobileStrengthId=2130838118
D/STATUSBAR-IconMerger( 1220): checkOverflow(504), More:false, Req:false Child:2
D/STATUSBAR-NetworkController( 1220): onSignalStrengthsChanged signalStrength=SignalStrength: 99 99 -90 -90 -114 -315 -1 99 2147483647 2147483647 2147483647 -1 2147483647 cdma 0x110 level=1
D/STATUSBAR-NetworkController( 1220): Data Activity icon disapeared.
D/STATUSBAR-NetworkController( 1220): updateRomaingNotification DataRoaming:false mDataRoamingTypeForVZW : 0
D/STATUSBAR-NetworkController( 1220): onSignalStrengthsChanged signalStrength=SignalStrength: 99 99 -90 -90 -114 -315 -1 99 2147483647 2147483647 2147483647 -1 2147483647 cdma 0x110 level=1
D/STATUSBAR-NetworkController( 1220): Data Activity icon disapeared.
D/STATUSBAR-NetworkController( 1220): updateRomaingNotification DataRoaming:false mDataRoamingTypeForVZW : 0
D/STATUSBAR-NetworkController( 1220): Data Activity icon disapeared.
D/STATUSBAR-NetworkController( 1220): updateRomaingNotification DataRoaming:false mDataRoamingTypeForVZW : 0
D/STATUSBAR-NetworkController( 1220): refreshSignalCluster: data=0 bt=false
D/STATUSBAR-SignalClusterView( 1220): isSignalNull=false, mIsAirplaneMode=false, mWifiVisible=true, mMobileStrengthId=2130838118
D/STATUSBAR-SignalClusterView( 1220): isSignalNull=false, mIsAirplaneMode=false, mWifiVisible=true, mMobileStrengthId=2130838118
D/STATUSBAR-SignalClusterView( 1220): isSignalNull=false, mIsAirplaneMode=false, mWifiVisible=true, mMobileStrengthId=2130838118
D/STATUSBAR-IconMerger( 1220): checkOverflow(504), More:false, Req:false Child:2
E/Watchdog(  816): !@Sync 300
D/STATUSBAR-NetworkController( 1220): onSignalStrengthsChanged signalStrength=SignalStrength: 99 99 -90 -90 -109 -85 -1 99 2147483647 2147483647 2147483647 -1 2147483647 cdma 0x110 level=1
D/STATUSBAR-NetworkController( 1220): Data Activity icon disapeared.
D/STATUSBAR-NetworkController( 1220): updateRomaingNotification DataRoaming:false mDataRoamingTypeForVZW : 0
D/STATUSBAR-NetworkController( 1220): Data Activity icon disapeared.
D/STATUSBAR-NetworkController( 1220): updateRomaingNotification DataRoaming:false mDataRoamingTypeForVZW : 0
D/STATUSBAR-NetworkController( 1220): refreshSignalCluster: data=0 bt=false
D/STATUSBAR-SignalClusterView( 1220): isSignalNull=false, mIsAirplaneMode=false, mWifiVisible=true, mMobileStrengthId=2130838118
D/STATUSBAR-SignalClusterView( 1220): isSignalNull=false, mIsAirplaneMode=false, mWifiVisible=true, mMobileStrengthId=2130838118
D/STATUSBAR-SignalClusterView( 1220): isSignalNull=false, mIsAirplaneMode=false, mWifiVisible=true, mMobileStrengthId=2130838118
D/STATUSBAR-IconMerger( 1220): checkOverflow(504), More:false, Req:false Child:2
D/STATUSBAR-NetworkController( 1220): onSignalStrengthsChanged signalStrength=SignalStrength: 99 99 -90 -90 -109 -80 1 99 2147483647 2147483647 2147483647 -1 2147483647 cdma 0x110 level=1
D/STATUSBAR-NetworkController( 1220): Data Activity icon disapeared.
D/STATUSBAR-NetworkController( 1220): updateRomaingNotification DataRoaming:false mDataRoamingTypeForVZW : 0
D/BatteryService(  816): level:100, scale:100, status:2, health:2, present:true, voltage: 4285, temperature: 302, technology: Li-ion, AC powered:false, USB powered:true, Wireless powered:false, icon:17303409, invalid charger:0, online:4, current avg:460, charge type:1
D/BatteryService(  816): Sending ACTION_BATTERY_CHANGED.
D/UiModeManager(  816): mCoverManager.getCoverState() : true
W/BroadcastQueue(  816): Skipping deliver [background] BroadcastRecord{45ae6398 u-1 android.intent.action.BATTERY_CHANGED} to ReceiverList{44f678c8 6905 (unknown name)/10100/u0 remote:44ec8fb0}: process crashing
D/STATUSBAR-PhoneStatusBar( 1220):  mBrightnessEnablebySettings = false mBrightnessEnablebyBattery = true mBrightnessEnablebyDisableFlag = true mPmsBrightnessEnablebySettings = true
D/BatteryMeterView( 1220): ACTION_BATTERY_CHANGED : level:100 status:2 health:2
D/STATUSBAR-IconMerger( 1220): checkOverflow(504), More:false, Req:false Child:2
D/PackageManager(  816): [MSG] PACKAGE_VERIFIED: observer{1163377784}
D/PackageManager(  816):           verificationId{13}
D/PackageManager(  816): copyApk
I/PackageManager(  816): Copying native libraries to /data/app-lib/vmdl-747334155
D/PackageManager(  816): remove MCS_UNBIND and Posting MCS_UNBIND
D/PackageManager(  816): [MSG] PROCESS_PENDING_INSTALL: observer{1163377784}
D/PackageManager(  816): installPackageLI
D/STATUSBAR-NetworkController( 1220): Data Activity icon disapeared.
D/STATUSBAR-NetworkController( 1220): updateRomaingNotification DataRoaming:false mDataRoamingTypeForVZW : 0
D/STATUSBAR-NetworkController( 1220): refreshSignalCluster: data=0 bt=false
D/STATUSBAR-SignalClusterView( 1220): isSignalNull=false, mIsAirplaneMode=false, mWifiVisible=true, mMobileStrengthId=2130838118
D/STATUSBAR-SignalClusterView( 1220): isSignalNull=false, mIsAirplaneMode=false, mWifiVisible=true, mMobileStrengthId=2130838118
D/STATUSBAR-SignalClusterView( 1220): isSignalNull=false, mIsAirplaneMode=false, mWifiVisible=true, mMobileStrengthId=2130838118
D/STATUSBAR-IconMerger( 1220): checkOverflow(504), More:false, Req:false Child:2
V/AlarmManager(  816): waitForAlarm result :4
V/AlarmManager(  816): trigger ELAPSED_REALTIME_WAKEUP or RTC_WAKEUP
D/STATUSBAR-NetworkController( 1220): onSignalStrengthsChanged signalStrength=SignalStrength: 99 99 -89 -85 -115 -315 -1 99 2147483647 2147483647 2147483647 -1 2147483647 cdma 0x110 level=1
D/STATUSBAR-NetworkController( 1220): Data Activity icon disapeared.
D/STATUSBAR-NetworkController( 1220): updateRomaingNotification DataRoaming:false mDataRoamingTypeForVZW : 0
D/STATUSBAR-NetworkController( 1220): onSignalStrengthsChanged signalStrength=SignalStrength: 99 99 -89 -85 -115 -315 -1 99 2147483647 2147483647 2147483647 -1 2147483647 cdma 0x110 level=1
D/STATUSBAR-NetworkController( 1220): Data Activity icon disapeared.
D/STATUSBAR-NetworkController( 1220): updateRomaingNotification DataRoaming:false mDataRoamingTypeForVZW : 0
D/PackageManager(  816): Time to collect certificates: 3.219 seconds
W/PackageManager(  816): verifying app can be installed or not
D/PackageManager(  816): Replace existing pacakge: 
D/PackageManager(  816): Existing package: 
D/PackageManager(  816): doRename: 
D/PackageManager(  816): doRename apk path: 
D/PackageManager(  816): replacePackageLI
D/PackageManager(  816): replacePackageLI: 
I/ActivityManager(  816): Killing 5534:com.phonegap.jeeves/u0a207 (adj 0): stop com.phonegap.jeeves
W/ContextImpl(  816): Calling a method in the system process without a qualified user: android.app.ContextImpl.sendBroadcast:1482 com.android.server.am.ActivityStack.removeHistoryRecordsForAppLocked:3697 com.android.server.am.ActivityStack.handleAppDiedLocked:4475 com.android.server.am.ActivityStackSupervisor.handleAppDiedLocked:2993 com.android.server.am.ActivityManagerService.handleAppDiedLocked:4562 
I/WindowState(  816): WIN DEATH: Window{44c875a0 u0 com.phonegap.jeeves/com.phonegap.jeeves.HelloWorld}
W/ContextImpl(  816): Calling a method in the system process without a qualified user: android.app.ContextImpl.sendBroadcast:1468 com.android.internal.policy.impl.PhoneWindowManager.notifyToSSRM:5440 com.android.internal.policy.impl.PhoneWindowManager.access$200:167 com.android.internal.policy.impl.PhoneWindowManager$PolicyHandler.handleMessage:694 android.os.Handler.dispatchMessage:102 
D/SSRMv2:CoolDownMode(  816): battTemp is 302
D/SSRMv2:Monitor(  816): SIOP:: AP = 400, Prev AP = 400, Duration = 10027, PST = 394
D/SSRMv2:AmoledAdjustTimer(  816): prevTemp = 302, currTemp = 302, prevStep = 5, currStep = 5
W/ActivityManager(  816): Force removing ActivityRecord{429cfde8 u0 com.phonegap.jeeves/.HelloWorld t21}: app died, no saved state
I/PackageManager(  816): Package com.phonegap.jeeves codePath changed from /data/app/com.phonegap.jeeves-57.apk to /data/app/com.phonegap.jeeves-58.apk; Retaining data and using new
D/STATUSBAR-NetworkController( 1220): onSignalStrengthsChanged signalStrength=SignalStrength: 99 99 -100 -50 -125 -25 8 99 2147483647 2147483647 2147483647 -1 2147483647 cdma 0x120 level=1
D/STATUSBAR-NetworkController( 1220): Data Activity icon disapeared.
D/STATUSBAR-NetworkController( 1220): updateRomaingNotification DataRoaming:false mDataRoamingTypeForVZW : 0
W/ActivityManager(  816): mDVFSHelper.acquire()
V/WindowManager(  816): rotationForOrientationLw(orient=1, last=0); user=0  sensorRotation=-1 mLidState=-1 mDockMode=0 mHdmiPlugged=false mAccelerometerDefault=false gripRotationLock=false
W/ContextImpl(  816): Calling a method in the system process without a qualified user: android.app.ContextImpl.sendBroadcast:1482 com.android.server.am.ActivityStack.resumeTopActivityLocked:2182 com.android.server.am.ActivityStackSupervisor.resumeTopActivitiesLocked:3099 com.android.server.am.ActivityStackSupervisor.resumeTopActivitiesLocked:3071 com.android.server.am.ActivityManagerService.forceStopPackageLocked:5765 
V/SmartFaceService - 3rd party pause(  816): onReceive [android.intent.action.ACTIVITY_STATE/com.phonegap.jeeves/pause]
V/SmartFaceService - 3rd party pause(  816): onReceive [android.intent.action.ACTIVITY_STATE/com.sec.android.app.launcher/resume]
I/ActivityManager(  816): RTCC_TRIGGER_MSG, ASYNC.
I/ActivityManager(  816): Killing 5638:com.verizon.vzwavs/u0a255 (adj 15): empty #31
I/ProcessStatsService(  816): Prepared write state in 40ms
I/ActivityManager(  816): Killing 3692:com.osp.app.signin/u0a140 (adj 15): empty #31
D/SSRMv2:AirViewOnOff(  816): DeviceInfo:: 00000000000
D/SSRMv2:AirViewOnOff(  816): SettingsAirViewInfo:: 100100000
D/STATUSBAR-NetworkController( 1220): onSignalStrengthsChanged signalStrength=SignalStrength: 99 99 -100 -50 -125 -25 8 99 2147483647 2147483647 2147483647 -1 2147483647 cdma 0x120 level=1
D/STATUSBAR-NetworkController( 1220): Data Activity icon disapeared.
D/STATUSBAR-NetworkController( 1220): updateRomaingNotification DataRoaming:false mDataRoamingTypeForVZW : 0
D/STATUSBAR-NetworkController( 1220): onSignalStrengthsChanged signalStrength=SignalStrength: 99 99 -100 -50 -125 -25 8 99 2147483647 2147483647 2147483647 -1 2147483647 cdma 0x120 level=1
D/STATUSBAR-NetworkController( 1220): Data Activity icon disapeared.
D/STATUSBAR-NetworkController( 1220): updateRomaingNotification DataRoaming:false mDataRoamingTypeForVZW : 0
D/STATUSBAR-NetworkController( 1220): onSignalStrengthsChanged signalStrength=SignalStrength: 99 99 -100 -50 -120 -1 -1 99 2147483647 2147483647 2147483647 -1 2147483647 cdma 0x20 level=2
D/STATUSBAR-NetworkController( 1220): Data Activity icon disapeared.
D/STATUSBAR-NetworkController( 1220): updateRomaingNotification DataRoaming:false mDataRoamingTypeForVZW : 0
D/STATUSBAR-NetworkController( 1220): refreshSignalCluster: data=0 bt=false
D/STATUSBAR-SignalClusterView( 1220): isSignalNull=false, mIsAirplaneMode=false, mWifiVisible=true, mMobileStrengthId=2130838118
D/STATUSBAR-SignalClusterView( 1220): isSignalNull=false, mIsAirplaneMode=false, mWifiVisible=true, mMobileStrengthId=2130838119
D/STATUSBAR-SignalClusterView( 1220): isSignalNull=false, mIsAirplaneMode=false, mWifiVisible=true, mMobileStrengthId=2130838119
D/STATUSBAR-IconMerger( 1220): checkOverflow(504), More:false, Req:false Child:2
D/STATUSBAR-StatusBarManagerService(  816): manageDisableList what=0x0 pkg=WindowManager.LayoutParams
I/ProcessStatsService(  816): Pruning old procstats: /data/system/procstats/state-2014-07-20-18-03-42.bin
I/ActivityManager(  816): Killing 5673:com.sec.pcw.device/u0a266 (adj 15): empty #31
D/STATUSBAR-StatusBarManagerService(  816): manageDisableList what=0x0 pkg=WindowManager.LayoutParams
W/ContextImpl(  816): Calling a method in the system process without a qualified user: android.app.ContextImpl.sendBroadcast:1468 com.android.server.InputMethodManagerService$4.run:2747 java.lang.Thread.run:841 <bottom of call stack> <bottom of call stack> 
W/InputMethodManagerService(  816): Got RemoteException sending setActive(false) notification to pid 5534 uid 10207
I/ActivityManager(  816): Killing 3751:com.sec.android.app.controlpanel/u0a75 (adj 15): empty #31
I/ActivityManager(  816): Killing 5763:com.nuance.swype.input/u0a166 (adj 15): empty #31
W/ActivityManager(  816): mDVFSHelper.release()
D/PackageManager(  816): Time to dexopt: 0.3 seconds
W/PackageManager(  816): Code path for pkg : com.phonegap.jeeves changing from /data/app/com.phonegap.jeeves-57.apk to /data/app/com.phonegap.jeeves-58.apk
W/PackageManager(  816): Resource path for pkg : com.phonegap.jeeves changing from /data/app/com.phonegap.jeeves-57.apk to /data/app/com.phonegap.jeeves-58.apk
D/PackageManager(  816): updateSettingsLI: 
D/PackageManager(  816): New package installed in 
D/STATUSBAR-NetworkController( 1220): onSignalStrengthsChanged signalStrength=SignalStrength: 99 99 -88 -100 -120 -1 -1 99 2147483647 2147483647 2147483647 -1 2147483647 cdma 0x10 level=1
D/STATUSBAR-NetworkController( 1220): Data Activity icon disapeared.
D/STATUSBAR-NetworkController( 1220): updateRomaingNotification DataRoaming:false mDataRoamingTypeForVZW : 0
D/STATUSBAR-NetworkController( 1220): refreshSignalCluster: data=0 bt=false
D/STATUSBAR-SignalClusterView( 1220): isSignalNull=false, mIsAirplaneMode=false, mWifiVisible=true, mMobileStrengthId=2130838119
D/STATUSBAR-SignalClusterView( 1220): isSignalNull=false, mIsAirplaneMode=false, mWifiVisible=true, mMobileStrengthId=2130838118
D/STATUSBAR-SignalClusterView( 1220): isSignalNull=false, mIsAirplaneMode=false, mWifiVisible=true, mMobileStrengthId=2130838118
I/ActivityManager(  816): Killing 6347:com.google.android.apps.magazines/u0a85 (adj 15): empty #31
D/STATUSBAR-IconMerger( 1220): checkOverflow(504), More:false, Req:false Child:2
D/PackageManager(  816): doPostInstall for uid{10207}
D/PackageManager(  816): + starting rerstore round-trip 14
D/PackageManager(  816): No resotre for backup - queue post-install for 14
D/WifiNotificationController(  816): showOngoingWifiNotification show : true, id : 17303492
I/WifiNotificationController(  816): showVzwWifiNotification: false
I/PackageManager(  816): Adding preferred activity ComponentInfo{com.jb.gosms/com.jb.gosms.ui.ComposeMessageActivity} for user 0 :
I/PackageManager(  816): Adding preferred activity ComponentInfo{com.jb.gosms/com.jb.gosms.ui.ComposeMessageActivity} for user 0 :
I/PackageManager(  816): Adding preferred activity ComponentInfo{com.jb.gosms/com.jb.gosms.ui.ComposeMessageActivity} for user 0 :
I/PackageManager(  816): Adding preferred activity ComponentInfo{com.jb.gosms/com.jb.gosms.ui.ComposeMessageActivity} for user 0 :
D/PackageManager(  816): [MSG] MCS_UNBIND
I/PackageManager(  816): calling disconnectService()
D/PackageManager(  816): Trying to unbind to DefaultContainerService
I/ActivityManager(  816): Killing 6221:com.sec.android.app.samsungapps/u0a137 (adj 15): empty #31
D/PackageManager(  816): [MSG] CHECK_PENDING_VERIFICATION
D/PackageManager(  816): [MSG] POST_INSTALL: observer{1163377784}
D/PackageManager(  816):           Handling post-install for 14
D/PackageManager(  816): Sending to user 0: act=android.intent.action.PACKAGE_REMOVED dat=package:com.phonegap.jeeves flg=0x4000000 Bundle[{android.intent.extra.REMOVED_FOR_ALL_USERS=false, android.intent.extra.UID=10207, android.intent.extra.DATA_REMOVED=false, android.intent.extra.REPLACING=true, android.intent.extra.user_handle=0}]
D/PackageManager(  816): Sending to user 0: act=android.intent.action.PACKAGE_ADDED dat=package:com.phonegap.jeeves flg=0x4000000 Bundle[{android.intent.extra.UID=10207, android.intent.extra.REPLACING=true, android.intent.extra.user_handle=0}]
I/ActivityManager(  816): Killing 6407:com.fandango/u0a219 (adj 15): empty #31
D/PackageManager(  816): Sending to user 0: act=android.intent.action.PACKAGE_REPLACED dat=package:com.phonegap.jeeves flg=0x4000000 Bundle[{android.intent.extra.UID=10207, android.intent.extra.REPLACING=true, android.intent.extra.user_handle=0}]
V/EmergencyMode( 1394): [EmergencyManager] mService is null.
I/PackageManager(  816): Adding preferred activity ComponentInfo{com.jb.gosms/com.jb.gosms.ui.ComposeMessageActivity} for user 0 :
I/ActivityManager(  816): Killing 6458:com.infoscout.receipthog/u0a235 (adj 15): empty #31
I/PackageManager(  816): Adding preferred activity ComponentInfo{com.jb.gosms/com.jb.gosms.ui.ComposeMessageActivity} for user 0 :
D/PackageManager(  816): Sending to user 0: act=android.intent.action.MY_PACKAGE_REPLACED flg=0x4000000 pkg=com.phonegap.jeeves Bundle[{android.intent.extra.user_handle=0}]
I/PackageManager(  816): Adding preferred activity ComponentInfo{com.jb.gosms/com.jb.gosms.ui.ComposeMessageActivity} for user 0 :
I/PackageManager(  816): Adding preferred activity ComponentInfo{com.jb.gosms/com.jb.gosms.ui.ComposeMessageActivity} for user 0 :
I/PackageManager(  816): Adding preferred activity ComponentInfo{com.jb.gosms/com.jb.gosms.ui.ComposeMessageActivity} for user 0 :
I/PackageManager(  816): Adding preferred activity ComponentInfo{com.jb.gosms/com.jb.gosms.ui.ComposeMessageActivity} for user 0 :
I/PackageManager(  816): Adding preferred activity ComponentInfo{com.jb.gosms/com.jb.gosms.ui.ComposeMessageActivity} for user 0 :
I/PackageManager(  816): Adding preferred activity ComponentInfo{com.jb.gosms/com.jb.gosms.ui.ComposeMessageActivity} for user 0 :
V/EmergencyMode( 1394): [EmergencyManager] mService is null.
I/PackageManager(  816): Adding preferred activity ComponentInfo{com.jb.gosms/com.jb.gosms.ui.ComposeMessageActivity} for user 0 :
I/PackageManager(  816): Adding preferred activity ComponentInfo{com.jb.gosms/com.jb.gosms.ui.ComposeMessageActivity} for user 0 :
I/PackageManager(  816): Adding preferred activity ComponentInfo{com.jb.gosms/com.jb.gosms.ui.ComposeMessageActivity} for user 0 :
W/ActivityManager(  816): Unable to start service Intent { cmp=com.android.email/.service.AttachmentDownloadService } U=0: not found
I/PackageManager(  816): Adding preferred activity ComponentInfo{com.jb.gosms/com.jb.gosms.ui.ComposeMessageActivity} for user 0 :
D/PackageManager(  816): delete sourFile : 
D/PackageManager(  816): delete native library directory: 
D/PackageManager(  816): return install result to caller: 1163377784
D/PackageManager(  816): returnCode: 1
I/PackageManager(  816): Adding preferred activity ComponentInfo{com.jb.gosms/com.jb.gosms.ui.ComposeMessageActivity} for user 0 :
D/BackupManagerService(  816): Received broadcast Intent { act=android.intent.action.PACKAGE_REMOVED dat=package:com.phonegap.jeeves flg=0x4000010 (has extras) }
I/PackageManager(  816): Adding preferred activity ComponentInfo{com.jb.gosms/com.jb.gosms.ui.ComposeMessageActivity} for user 0 :
I/PackageManager(  816): Adding preferred activity ComponentInfo{com.jb.gosms/com.jb.gosms.ui.ComposeMessageActivity} for user 0 :
I/PackageManager(  816): Adding preferred activity ComponentInfo{com.jb.gosms/com.jb.gosms.ui.ComposeMessageActivity} for user 0 :
V/EmergencyMode( 1394): [EmergencyManager] mService is null.
I/PackageManager(  816): Adding preferred activity ComponentInfo{com.jb.gosms/com.jb.gosms.ui.ComposeMessageActivity} for user 0 :
I/PackageManager(  816): Adding preferred activity ComponentInfo{com.jb.gosms/com.jb.gosms.ui.ComposeMessageActivity} for user 0 :
I/PackageManager(  816): Adding preferred activity ComponentInfo{com.jb.gosms/com.jb.gosms.ui.ComposeMessageActivity} for user 0 :
I/PackageManager(  816): Adding preferred activity ComponentInfo{com.jb.gosms/com.jb.gosms.ui.ComposeMessageActivity} for user 0 :
D/BackupManagerService(  816): Received broadcast Intent { act=android.intent.action.PACKAGE_ADDED dat=package:com.phonegap.jeeves flg=0x4000010 (has extras) }
V/BackupManagerService(  816): removePackageParticipantsLocked: uid=10207 #1
V/BackupManagerService(  816): addPackageParticipantsLocked: #1
D/STATUSBAR-NetworkController( 1220): Data Activity icon disapeared.
D/STATUSBAR-NetworkController( 1220): updateRomaingNotification DataRoaming:false mDataRoamingTypeForVZW : 0
D/STATUSBAR-NetworkController( 1220): refreshSignalCluster: data=0 bt=false
D/STATUSBAR-SignalClusterView( 1220): isSignalNull=false, mIsAirplaneMode=false, mWifiVisible=true, mMobileStrengthId=2130838118
D/STATUSBAR-SignalClusterView( 1220): isSignalNull=false, mIsAirplaneMode=false, mWifiVisible=true, mMobileStrengthId=2130838118
D/STATUSBAR-SignalClusterView( 1220): isSignalNull=false, mIsAirplaneMode=false, mWifiVisible=true, mMobileStrengthId=2130838118
I/PackageManager(  816): Adding preferred activity ComponentInfo{com.jb.gosms/com.jb.gosms.ui.ComposeMessageActivity} for user 0 :
D/STATUSBAR-IconMerger( 1220): checkOverflow(504), More:false, Req:false Child:2
I/PackageManager(  816): Adding preferred activity ComponentInfo{com.jb.gosms/com.jb.gosms.ui.ComposeMessageActivity} for user 0 :
I/PackageManager(  816): Adding preferred activity ComponentInfo{com.jb.gosms/com.jb.gosms.ui.ComposeMessageActivity} for user 0 :
I/PackageManager(  816): Adding preferred activity ComponentInfo{com.jb.gosms/com.jb.gosms.ui.ComposeMessageActivity} for user 0 :
I/ActivityManager(  816): Killing 6511:com.shazam.android/u0a220 (adj 15): empty #31
I/ActivityManager(  816): Killing 6546:com.pandora.android/u0a233 (adj 15): empty #31
I/ActivityManager(  816): Killing 6707:com.sec.spp.push:RemoteDlcProcess/u0a124 (adj 15): empty #31
I/ActivityManager(  816): Killing 6722:com.amazon.mShop.android/u0a17 (adj 15): empty #31
D/PowerManagerService(  816): [api] userActivityFromNative : 20 (event: 3 flags: 0)
D/STATUSBAR-StatusBarManagerService(  816): manageDisableList what=0x0 pkg=WindowManager.LayoutParams
I/ActivityManager(  816): Killing 6265:com.clearchannel.iheartradio.controller/u0a9 (adj 15): empty #31
I/ActivityManager(  816): Killing 7842:com.samsung.android.MtpApplication/1000 (adj 15): empty #31
I/ActivityManager(  816): Killing 6582:com.sec.android.app.popupuireceiver/1000 (adj 15): empty #31
W/ContextImpl( 8468): Calling a method in the system process without a qualified user: android.app.ContextImpl.startService:1824 android.content.ContextWrapper.startService:506 android.content.ContextWrapper.startService:506 com.samsung.android.app.filterinstaller.PackageIntentReceiver.onReceive:53 android.app.ActivityThread.handleReceiver:2552 
I/ActivityManager(  816): Killing 7909:com.sec.factory/1000 (adj 15): empty #31
I/ActivityManager(  816): Killing 7984:com.sec.android.app.music:service/u0a97 (adj 15): empty #31
W/ContextImpl( 8468): Calling a method in the system process without a qualified user: android.app.ContextImpl.sendBroadcast:1468 android.content.ContextWrapper.sendBroadcast:377 com.samsung.android.app.filterinstaller.FilterUninstaller.uninstallFilters:43 com.samsung.android.app.filterinstaller.FilterPackageService$ServiceHandler.handleMessage:130 android.os.Handler.dispatchMessage:102 
D/STATUSBAR-NetworkController( 1220): onSignalStrengthsChanged signalStrength=SignalStrength: 99 99 -88 -80 -120 -1 -1 99 2147483647 2147483647 2147483647 -1 2147483647 cdma 0x10 level=1
D/STATUSBAR-NetworkController( 1220): Data Activity icon disapeared.
D/STATUSBAR-NetworkController( 1220): updateRomaingNotification DataRoaming:false mDataRoamingTypeForVZW : 0
I/ActivityManager(  816): Killing 23687:android.process.media/u0a46 (adj 15): empty #31
I/ActivityManager(  816): Process com.samsung.android.app.filterinstaller (pid 8468) (adj 0) has died.
W/ContextImpl( 8524): Calling a method in the system process without a qualified user: android.app.ContextImpl.startService:1824 android.content.ContextWrapper.startService:506 android.content.ContextWrapper.startService:506 com.android.keychain.KeyChainBroadcastReceiver.onReceive:12 android.app.ActivityThread.handleReceiver:2552 
D/STATUSBAR-NetworkController( 1220): onSignalStrengthsChanged signalStrength=SignalStrength: 99 99 -89 -75 -120 -1 -1 99 2147483647 2147483647 2147483647 -1 2147483647 cdma 0x20 level=2
D/STATUSBAR-NetworkController( 1220): Data Activity icon disapeared.
D/STATUSBAR-NetworkController( 1220): updateRomaingNotification DataRoaming:false mDataRoamingTypeForVZW : 0
D/STATUSBAR-NetworkController( 1220): refreshSignalCluster: data=0 bt=false
