D/STATUSBAR-NetworkController( 1220): onSignalStrengthsChanged signalStrength=SignalStrength: 99 99 -104 -100 -113 -100 -1 99 2147483647 2147483647 2147483647 -1 2147483647 cdma 0x110 level=1
D/STATUSBAR-NetworkController( 1220): Data Activity icon disapeared.
D/STATUSBAR-NetworkController( 1220): updateRomaingNotification DataRoaming:false mDataRoamingTypeForVZW : 0
D/BatteryService(  816): level:100, scale:100, status:2, health:2, present:true, voltage: 4328, temperature: 301, technology: Li-ion, AC powered:false, USB powered:true, Wireless powered:false, icon:17303409, invalid charger:0, online:4, current avg:460, charge type:1
D/BatteryService(  816): Sending ACTION_BATTERY_CHANGED.
D/UiModeManager(  816): mCoverManager.getCoverState() : true
D/STATUSBAR-PhoneStatusBar( 1220):  mBrightnessEnablebySettings = false mBrightnessEnablebyBattery = true mBrightnessEnablebyDisableFlag = true mPmsBrightnessEnablebySettings = true
D/BatteryMeterView( 1220): ACTION_BATTERY_CHANGED : level:100 status:2 health:2
W/BroadcastQueue(  816): Skipping deliver [background] BroadcastRecord{45dafe58 u-1 android.intent.action.BATTERY_CHANGED} to ReceiverList{44f678c8 6905 (unknown name)/10100/u0 remote:44ec8fb0}: process crashing
D/STATUSBAR-IconMerger( 1220): checkOverflow(1296), More:false, Req:false Child:2
D/STATUSBAR-NetworkController( 1220): onSignalStrengthsChanged signalStrength=SignalStrength: 99 99 -103 -80 -115 -120 -1 99 2147483647 2147483647 2147483647 -1 2147483647 cdma 0x110 level=1
D/STATUSBAR-NetworkController( 1220): Data Activity icon disapeared.
D/STATUSBAR-NetworkController( 1220): updateRomaingNotification DataRoaming:false mDataRoamingTypeForVZW : 0
D/STATUSBAR-NetworkController( 1220): onSignalStrengthsChanged signalStrength=SignalStrength: 99 99 -103 -75 -115 -120 -1 99 2147483647 2147483647 2147483647 -1 2147483647 cdma 0x110 level=1
D/STATUSBAR-NetworkController( 1220): Data Activity icon disapeared.
D/STATUSBAR-NetworkController( 1220): updateRomaingNotification DataRoaming:false mDataRoamingTypeForVZW : 0
E/Watchdog(  816): !@Sync 297
D/STATUSBAR-NetworkController( 1220): onSignalStrengthsChanged signalStrength=SignalStrength: 99 99 -102 -90 -113 -95 -1 99 2147483647 2147483647 2147483647 -1 2147483647 cdma 0x110 level=1
D/STATUSBAR-NetworkController( 1220): Data Activity icon disapeared.
D/STATUSBAR-NetworkController( 1220): updateRomaingNotification DataRoaming:false mDataRoamingTypeForVZW : 0
D/STATUSBAR-NetworkController( 1220): onSignalStrengthsChanged signalStrength=SignalStrength: 99 99 -102 -90 -113 -95 -1 99 2147483647 2147483647 2147483647 -1 2147483647 cdma 0x110 level=1
D/STATUSBAR-NetworkController( 1220): Data Activity icon disapeared.
D/STATUSBAR-NetworkController( 1220): updateRomaingNotification DataRoaming:false mDataRoamingTypeForVZW : 0
D/STATUSBAR-NetworkController( 1220): onSignalStrengthsChanged signalStrength=SignalStrength: 99 99 -103 -95 -113 -95 -1 99 2147483647 2147483647 2147483647 -1 2147483647 cdma 0x110 level=1
D/STATUSBAR-NetworkController( 1220): Data Activity icon disapeared.
D/STATUSBAR-NetworkController( 1220): updateRomaingNotification DataRoaming:false mDataRoamingTypeForVZW : 0
D/STATUSBAR-NetworkController( 1220): onSignalStrengthsChanged signalStrength=SignalStrength: 99 99 -103 -95 -113 -95 -1 99 2147483647 2147483647 2147483647 -1 2147483647 cdma 0x110 level=1
D/STATUSBAR-NetworkController( 1220): Data Activity icon disapeared.
D/STATUSBAR-NetworkController( 1220): updateRomaingNotification DataRoaming:false mDataRoamingTypeForVZW : 0
D/SSRMv2:CoolDownMode(  816): battTemp is 301
D/SSRMv2:Monitor(  816): SIOP:: AP = 400, Prev AP = 400, Duration = 10025, PST = 400
D/SSRMv2:AmoledAdjustTimer(  816): prevTemp = 300, currTemp = 301, prevStep = 5, currStep = 5
D/STATUSBAR-NetworkController( 1220): onSignalStrengthsChanged signalStrength=SignalStrength: 99 99 -102 -65 -113 -95 -1 99 2147483647 2147483647 2147483647 -1 2147483647 cdma 0x110 level=1
D/STATUSBAR-NetworkController( 1220): Data Activity icon disapeared.
D/STATUSBAR-NetworkController( 1220): updateRomaingNotification DataRoaming:false mDataRoamingTypeForVZW : 0
D/STATUSBAR-NetworkController( 1220): onSignalStrengthsChanged signalStrength=SignalStrength: 99 99 -104 -80 -113 -95 -1 99 2147483647 2147483647 2147483647 -1 2147483647 cdma 0x110 level=1
D/STATUSBAR-NetworkController( 1220): Data Activity icon disapeared.
D/STATUSBAR-NetworkController( 1220): updateRomaingNotification DataRoaming:false mDataRoamingTypeForVZW : 0
D/BatteryService(  816): level:100, scale:100, status:2, health:2, present:true, voltage: 4331, temperature: 301, technology: Li-ion, AC powered:false, USB powered:true, Wireless powered:false, icon:17303409, invalid charger:0, online:4, current avg:460, charge type:1
D/BatteryService(  816): Sending ACTION_BATTERY_CHANGED.
D/UiModeManager(  816): mCoverManager.getCoverState() : true
D/STATUSBAR-PhoneStatusBar( 1220):  mBrightnessEnablebySettings = false mBrightnessEnablebyBattery = true mBrightnessEnablebyDisableFlag = true mPmsBrightnessEnablebySettings = true
D/BatteryMeterView( 1220): ACTION_BATTERY_CHANGED : level:100 status:2 health:2
D/STATUSBAR-IconMerger( 1220): checkOverflow(1296), More:false, Req:false Child:2
W/BroadcastQueue(  816): Skipping deliver [background] BroadcastRecord{45c91988 u-1 android.intent.action.BATTERY_CHANGED} to ReceiverList{44f678c8 6905 (unknown name)/10100/u0 remote:44ec8fb0}: process crashing
D/STATUSBAR-NetworkController( 1220): onSignalStrengthsChanged signalStrength=SignalStrength: 99 99 -103 -75 -113 -95 -1 99 2147483647 2147483647 2147483647 -1 2147483647 cdma 0x110 level=1
D/STATUSBAR-NetworkController( 1220): Data Activity icon disapeared.
D/STATUSBAR-NetworkController( 1220): updateRomaingNotification DataRoaming:false mDataRoamingTypeForVZW : 0
D/STATUSBAR-NetworkController( 1220): onSignalStrengthsChanged signalStrength=SignalStrength: 99 99 -104 -155 -111 -75 -1 99 2147483647 2147483647 2147483647 -1 2147483647 cdma 0x110 level=1
D/STATUSBAR-NetworkController( 1220): Data Activity icon disapeared.
D/STATUSBAR-NetworkController( 1220): updateRomaingNotification DataRoaming:false mDataRoamingTypeForVZW : 0
D/STATUSBAR-NetworkController( 1220): onSignalStrengthsChanged signalStrength=SignalStrength: 99 99 -102 -150 -111 -75 -1 99 2147483647 2147483647 2147483647 -1 2147483647 cdma 0x110 level=1
D/STATUSBAR-NetworkController( 1220): Data Activity icon disapeared.
D/STATUSBAR-NetworkController( 1220): updateRomaingNotification DataRoaming:false mDataRoamingTypeForVZW : 0
D/STATUSBAR-NetworkController( 1220): onSignalStrengthsChanged signalStrength=SignalStrength: 99 99 -102 -150 -111 -75 -1 99 2147483647 2147483647 2147483647 -1 2147483647 cdma 0x110 level=1
D/STATUSBAR-NetworkController( 1220): Data Activity icon disapeared.
D/STATUSBAR-NetworkController( 1220): updateRomaingNotification DataRoaming:false mDataRoamingTypeForVZW : 0
D/STATUSBAR-NetworkController( 1220): onSignalStrengthsChanged signalStrength=SignalStrength: 99 99 -93 -95 -111 -75 -1 99 2147483647 2147483647 2147483647 -1 2147483647 cdma 0x110 level=1
D/STATUSBAR-NetworkController( 1220): Data Activity icon disapeared.
D/STATUSBAR-NetworkController( 1220): updateRomaingNotification DataRoaming:false mDataRoamingTypeForVZW : 0
D/STATUSBAR-NetworkController( 1220): onSignalStrengthsChanged signalStrength=SignalStrength: 99 99 -93 -95 -111 -75 -1 99 2147483647 2147483647 2147483647 -1 2147483647 cdma 0x110 level=1
D/STATUSBAR-NetworkController( 1220): Data Activity icon disapeared.
D/STATUSBAR-NetworkController( 1220): updateRomaingNotification DataRoaming:false mDataRoamingTypeForVZW : 0
D/STATUSBAR-NetworkController( 1220): onSignalStrengthsChanged signalStrength=SignalStrength: 99 99 -93 -90 -111 -75 -1 99 2147483647 2147483647 2147483647 -1 2147483647 cdma 0x110 level=1
D/STATUSBAR-NetworkController( 1220): Data Activity icon disapeared.
D/STATUSBAR-NetworkController( 1220): updateRomaingNotification DataRoaming:false mDataRoamingTypeForVZW : 0
D/SSRMv2:CoolDownMode(  816): battTemp is 301
D/SSRMv2:Monitor(  816): SIOP:: AP = 400, Prev AP = 400, Duration = 10051, PST = 400
D/SSRMv2:AmoledAdjustTimer(  816): prevTemp = 301, currTemp = 301, prevStep = 5, currStep = 5
D/STATUSBAR-NetworkController( 1220): onSignalStrengthsChanged signalStrength=SignalStrength: 99 99 -93 -95 -111 -75 -1 99 2147483647 2147483647 2147483647 -1 2147483647 cdma 0x110 level=1
D/STATUSBAR-NetworkController( 1220): Data Activity icon disapeared.
D/STATUSBAR-NetworkController( 1220): updateRomaingNotification DataRoaming:false mDataRoamingTypeForVZW : 0
D/STATUSBAR-NetworkController( 1220): onSignalStrengthsChanged signalStrength=SignalStrength: 99 99 -91 -65 -111 -75 -1 99 2147483647 2147483647 2147483647 -1 2147483647 cdma 0x130 level=1
D/STATUSBAR-NetworkController( 1220): Data Activity icon disapeared.
D/STATUSBAR-NetworkController( 1220): updateRomaingNotification DataRoaming:false mDataRoamingTypeForVZW : 0
D/BatteryService(  816): level:100, scale:100, status:2, health:2, present:true, voltage: 4332, temperature: 301, technology: Li-ion, AC powered:false, USB powered:true, Wireless powered:false, icon:17303409, invalid charger:0, online:4, current avg:460, charge type:1
D/BatteryService(  816): Sending ACTION_BATTERY_CHANGED.
D/UiModeManager(  816): mCoverManager.getCoverState() : true
W/BroadcastQueue(  816): Skipping deliver [background] BroadcastRecord{45c6c178 u-1 android.intent.action.BATTERY_CHANGED} to ReceiverList{44f678c8 6905 (unknown name)/10100/u0 remote:44ec8fb0}: process crashing
D/STATUSBAR-PhoneStatusBar( 1220):  mBrightnessEnablebySettings = false mBrightnessEnablebyBattery = true mBrightnessEnablebyDisableFlag = true mPmsBrightnessEnablebySettings = true
D/BatteryMeterView( 1220): ACTION_BATTERY_CHANGED : level:100 status:2 health:2
D/STATUSBAR-IconMerger( 1220): checkOverflow(1296), More:false, Req:false Child:2
D/STATUSBAR-NetworkController( 1220): Data Activity icon disapeared.
D/STATUSBAR-NetworkController( 1220): updateRomaingNotification DataRoaming:false mDataRoamingTypeForVZW : 0
D/STATUSBAR-NetworkController( 1220): refreshSignalCluster: data=0 bt=false
D/STATUSBAR-SignalClusterView( 1220): isSignalNull=false, mIsAirplaneMode=false, mWifiVisible=true, mMobileStrengthId=2130838118
D/STATUSBAR-SignalClusterView( 1220): isSignalNull=false, mIsAirplaneMode=false, mWifiVisible=true, mMobileStrengthId=2130838118
D/STATUSBAR-SignalClusterView( 1220): isSignalNull=false, mIsAirplaneMode=false, mWifiVisible=true, mMobileStrengthId=2130838118
D/STATUSBAR-IconMerger( 1220): checkOverflow(1296), More:false, Req:false Child:2
D/STATUSBAR-NetworkController( 1220): onSignalStrengthsChanged signalStrength=SignalStrength: 99 99 -102 -65 -111 -90 -1 99 2147483647 2147483647 2147483647 -1 2147483647 cdma 0x110 level=1
D/STATUSBAR-NetworkController( 1220): Data Activity icon disapeared.
D/STATUSBAR-NetworkController( 1220): updateRomaingNotification DataRoaming:false mDataRoamingTypeForVZW : 0
D/STATUSBAR-NetworkController( 1220): onSignalStrengthsChanged signalStrength=SignalStrength: 99 99 -102 -65 -111 -90 -1 99 2147483647 2147483647 2147483647 -1 2147483647 cdma 0x110 level=1
D/STATUSBAR-NetworkController( 1220): Data Activity icon disapeared.
D/STATUSBAR-NetworkController( 1220): updateRomaingNotification DataRoaming:false mDataRoamingTypeForVZW : 0
D/STATUSBAR-NetworkController( 1220): Data Activity icon disapeared.
D/STATUSBAR-NetworkController( 1220): updateRomaingNotification DataRoaming:false mDataRoamingTypeForVZW : 0
D/STATUSBAR-NetworkController( 1220): refreshSignalCluster: data=0 bt=false
D/STATUSBAR-SignalClusterView( 1220): isSignalNull=false, mIsAirplaneMode=false, mWifiVisible=true, mMobileStrengthId=2130838118
D/STATUSBAR-SignalClusterView( 1220): isSignalNull=false, mIsAirplaneMode=false, mWifiVisible=true, mMobileStrengthId=2130838118
D/STATUSBAR-SignalClusterView( 1220): isSignalNull=false, mIsAirplaneMode=false, mWifiVisible=true, mMobileStrengthId=2130838118
D/STATUSBAR-IconMerger( 1220): checkOverflow(1296), More:false, Req:false Child:2
D/STATUSBAR-NetworkController( 1220): onSignalStrengthsChanged signalStrength=SignalStrength: 99 99 -91 -55 -111 -90 -1 99 2147483647 2147483647 2147483647 -1 2147483647 cdma 0x130 level=1
D/STATUSBAR-NetworkController( 1220): Data Activity icon disapeared.
D/STATUSBAR-NetworkController( 1220): updateRomaingNotification DataRoaming:false mDataRoamingTypeForVZW : 0
D/STATUSBAR-NetworkController( 1220): onSignalStrengthsChanged signalStrength=SignalStrength: 99 99 -90 -60 -116 -315 -1 99 2147483647 2147483647 2147483647 -1 2147483647 cdma 0x130 level=1
D/STATUSBAR-NetworkController( 1220): Data Activity icon disapeared.
D/STATUSBAR-NetworkController( 1220): updateRomaingNotification DataRoaming:false mDataRoamingTypeForVZW : 0
D/STATUSBAR-NetworkController( 1220): onSignalStrengthsChanged signalStrength=SignalStrength: 99 99 -90 -60 -116 -315 -1 99 2147483647 2147483647 2147483647 -1 2147483647 cdma 0x130 level=1
D/STATUSBAR-NetworkController( 1220): Data Activity icon disapeared.
D/STATUSBAR-NetworkController( 1220): updateRomaingNotification DataRoaming:false mDataRoamingTypeForVZW : 0
D/STATUSBAR-NetworkController( 1220): onSignalStrengthsChanged signalStrength=SignalStrength: 99 99 -102 -65 -117 -315 -1 99 2147483647 2147483647 2147483647 -1 2147483647 cdma 0x110 level=1
D/STATUSBAR-NetworkController( 1220): Data Activity icon disapeared.
D/STATUSBAR-NetworkController( 1220): updateRomaingNotification DataRoaming:false mDataRoamingTypeForVZW : 0
D/STATUSBAR-NetworkController( 1220): Data Activity icon disapeared.
D/STATUSBAR-NetworkController( 1220): updateRomaingNotification DataRoaming:false mDataRoamingTypeForVZW : 0
D/STATUSBAR-NetworkController( 1220): refreshSignalCluster: data=0 bt=false
D/STATUSBAR-SignalClusterView( 1220): isSignalNull=false, mIsAirplaneMode=false, mWifiVisible=true, mMobileStrengthId=2130838118
D/STATUSBAR-SignalClusterView( 1220): isSignalNull=false, mIsAirplaneMode=false, mWifiVisible=true, mMobileStrengthId=2130838118
D/STATUSBAR-SignalClusterView( 1220): isSignalNull=false, mIsAirplaneMode=false, mWifiVisible=true, mMobileStrengthId=2130838118
D/STATUSBAR-IconMerger( 1220): checkOverflow(1296), More:false, Req:false Child:2
D/SSRMv2:CoolDownMode(  816): battTemp is 301
D/SSRMv2:Monitor(  816): SIOP:: AP = 400, Prev AP = 400, Duration = 10058, PST = 400
D/SSRMv2:AmoledAdjustTimer(  816): prevTemp = 301, currTemp = 301, prevStep = 5, currStep = 5
D/STATUSBAR-NetworkController( 1220): onSignalStrengthsChanged signalStrength=SignalStrength: 99 99 -104 -70 -117 -315 -1 99 2147483647 2147483647 2147483647 -1 2147483647 cdma 0x110 level=1
D/STATUSBAR-NetworkController( 1220): Data Activity icon disapeared.
D/STATUSBAR-NetworkController( 1220): updateRomaingNotification DataRoaming:false mDataRoamingTypeForVZW : 0
D/STATUSBAR-NetworkController( 1220): Data Activity icon disapeared.
D/STATUSBAR-NetworkController( 1220): updateRomaingNotification DataRoaming:false mDataRoamingTypeForVZW : 0
D/STATUSBAR-NetworkController( 1220): refreshSignalCluster: data=0 bt=false
D/STATUSBAR-SignalClusterView( 1220): isSignalNull=false, mIsAirplaneMode=false, mWifiVisible=true, mMobileStrengthId=2130838118
D/STATUSBAR-SignalClusterView( 1220): isSignalNull=false, mIsAirplaneMode=false, mWifiVisible=true, mMobileStrengthId=2130838118
D/STATUSBAR-SignalClusterView( 1220): isSignalNull=false, mIsAirplaneMode=false, mWifiVisible=true, mMobileStrengthId=2130838118
D/STATUSBAR-IconMerger( 1220): checkOverflow(1296), More:false, Req:false Child:2
D/STATUSBAR-NetworkController( 1220): onSignalStrengthsChanged signalStrength=SignalStrength: 99 99 -101 -65 -114 -315 -1 99 2147483647 2147483647 2147483647 -1 2147483647 cdma 0x110 level=1
D/STATUSBAR-NetworkController( 1220): Data Activity icon disapeared.
D/STATUSBAR-NetworkController( 1220): updateRomaingNotification DataRoaming:false mDataRoamingTypeForVZW : 0
D/STATUSBAR-NetworkController( 1220): onSignalStrengthsChanged signalStrength=SignalStrength: 99 99 -101 -65 -125 -25 8 99 2147483647 2147483647 2147483647 -1 2147483647 cdma 0x110 level=1
D/STATUSBAR-NetworkController( 1220): Data Activity icon disapeared.
D/STATUSBAR-NetworkController( 1220): updateRomaingNotification DataRoaming:false mDataRoamingTypeForVZW : 0
E/Watchdog(  816): !@Sync 298
D/STATUSBAR-NetworkController( 1220): onSignalStrengthsChanged signalStrength=SignalStrength: 99 99 -102 -75 -125 -25 8 99 2147483647 2147483647 2147483647 -1 2147483647 cdma 0x110 level=1
D/STATUSBAR-NetworkController( 1220): Data Activity icon disapeared.
D/STATUSBAR-NetworkController( 1220): updateRomaingNotification DataRoaming:false mDataRoamingTypeForVZW : 0
D/STATUSBAR-NetworkController( 1220): onSignalStrengthsChanged signalStrength=SignalStrength: 99 99 -102 -75 -111 -115 -1 99 2147483647 2147483647 2147483647 -1 2147483647 cdma 0x110 level=1
D/STATUSBAR-NetworkController( 1220): Data Activity icon disapeared.
D/STATUSBAR-NetworkController( 1220): updateRomaingNotification DataRoaming:false mDataRoamingTypeForVZW : 0
D/STATUSBAR-NetworkController( 1220): onSignalStrengthsChanged signalStrength=SignalStrength: 99 99 -102 -75 -111 -115 -1 99 2147483647 2147483647 2147483647 -1 2147483647 cdma 0x110 level=1
D/STATUSBAR-NetworkController( 1220): Data Activity icon disapeared.
D/STATUSBAR-NetworkController( 1220): updateRomaingNotification DataRoaming:false mDataRoamingTypeForVZW : 0
D/STATUSBAR-NetworkController( 1220): onSignalStrengthsChanged signalStrength=SignalStrength: 99 99 -102 -75 -111 -115 -1 99 2147483647 2147483647 2147483647 -1 2147483647 cdma 0x110 level=1
D/STATUSBAR-NetworkController( 1220): Data Activity icon disapeared.
D/STATUSBAR-NetworkController( 1220): updateRomaingNotification DataRoaming:false mDataRoamingTypeForVZW : 0
V/AlarmManager(  816): waitForAlarm result :4
D/BatteryService(  816): level:100, scale:100, status:2, health:2, present:true, voltage: 4336, temperature: 301, technology: Li-ion, AC powered:false, USB powered:true, Wireless powered:false, icon:17303409, invalid charger:0, online:4, current avg:460, charge type:1
V/AlarmManager(  816): trigger ELAPSED_REALTIME_WAKEUP or RTC_WAKEUP
D/BatteryService(  816): Sending ACTION_BATTERY_CHANGED.
D/UiModeManager(  816): mCoverManager.getCoverState() : true
D/STATUSBAR-PhoneStatusBar( 1220):  mBrightnessEnablebySettings = false mBrightnessEnablebyBattery = true mBrightnessEnablebyDisableFlag = true mPmsBrightnessEnablebySettings = true
D/BatteryMeterView( 1220): ACTION_BATTERY_CHANGED : level:100 status:2 health:2
W/BroadcastQueue(  816): Skipping deliver [background] BroadcastRecord{4512a9e8 u-1 android.intent.action.BATTERY_CHANGED} to ReceiverList{44f678c8 6905 (unknown name)/10100/u0 remote:44ec8fb0}: process crashing
D/STATUSBAR-IconMerger( 1220): checkOverflow(1296), More:false, Req:false Child:2
D/SSRMv2:CoolDownMode(  816): battTemp is 301
D/SSRMv2:Monitor(  816): SIOP:: AP = 400, Prev AP = 400, Duration = 10020, PST = 400
D/SSRMv2:AmoledAdjustTimer(  816): prevTemp = 301, currTemp = 301, prevStep = 5, currStep = 5
D/WifiNotificationController(  816): showOngoingWifiNotification show : true, id : 17303492
I/WifiNotificationController(  816): showVzwWifiNotification: false
D/STATUSBAR-NetworkController( 1220): onSignalStrengthsChanged signalStrength=SignalStrength: 99 99 -91 -65 -116 -105 -1 99 2147483647 2147483647 2147483647 -1 2147483647 cdma 0x130 level=1
D/STATUSBAR-NetworkController( 1220): Data Activity icon disapeared.
D/STATUSBAR-NetworkController( 1220): updateRomaingNotification DataRoaming:false mDataRoamingTypeForVZW : 0
V/AlarmManager(  816): waitForAlarm result :8
D/KeyguardClockWidgetService( 1817): onReceive action=android.intent.action.TIME_TICK
V/AlarmManager(  816): ClockReceiver onReceive() ACTION_TIME_TICK
D/STATUSBAR-IconMerger( 1220): checkOverflow(1296), More:false, Req:false Child:2
D/STATUSBAR-NetworkController( 1220): onSignalStrengthsChanged signalStrength=SignalStrength: 99 99 -90 -80 -117 -115 -1 99 2147483647 2147483647 2147483647 -1 2147483647 cdma 0x110 level=1
D/STATUSBAR-NetworkController( 1220): Data Activity icon disapeared.
D/STATUSBAR-NetworkController( 1220): updateRomaingNotification DataRoaming:false mDataRoamingTypeForVZW : 0
D/SSRMv2:CoolDownMode(  816): battTemp is 301
D/SSRMv2:Monitor(  816): SIOP:: AP = 380, Prev AP = 400, Duration = 10068, PST = 398
D/SSRMv2:AmoledAdjustTimer(  816): prevTemp = 301, currTemp = 301, prevStep = 5, currStep = 5
D/STATUSBAR-NetworkController( 1220): onSignalStrengthsChanged signalStrength=SignalStrength: 99 99 -92 -85 -117 -315 -1 99 2147483647 2147483647 2147483647 -1 2147483647 cdma 0x110 level=1
D/STATUSBAR-NetworkController( 1220): Data Activity icon disapeared.
D/STATUSBAR-NetworkController( 1220): updateRomaingNotification DataRoaming:false mDataRoamingTypeForVZW : 0
V/AlarmManager(  816): waitForAlarm result :4
V/AlarmManager(  816): trigger ELAPSED_REALTIME_WAKEUP or RTC_WAKEUP
D/BatteryService(  816): level:100, scale:100, status:2, health:2, present:true, voltage: 4335, temperature: 301, technology: Li-ion, AC powered:false, USB powered:true, Wireless powered:false, icon:17303409, invalid charger:0, online:4, current avg:460, charge type:1
D/BatteryService(  816): Sending ACTION_BATTERY_CHANGED.
D/UiModeManager(  816): mCoverManager.getCoverState() : true
W/BroadcastQueue(  816): Skipping deliver [background] BroadcastRecord{44e0fd68 u-1 android.intent.action.BATTERY_CHANGED} to ReceiverList{44f678c8 6905 (unknown name)/10100/u0 remote:44ec8fb0}: process crashing
D/STATUSBAR-PhoneStatusBar( 1220):  mBrightnessEnablebySettings = false mBrightnessEnablebyBattery = true mBrightnessEnablebyDisableFlag = true mPmsBrightnessEnablebySettings = true
D/BatteryMeterView( 1220): ACTION_BATTERY_CHANGED : level:100 status:2 health:2
D/STATUSBAR-IconMerger( 1220): checkOverflow(1296), More:false, Req:false Child:2
V/AlarmManager(  816): waitForAlarm result :4
V/AlarmManager(  816): trigger ELAPSED_REALTIME_WAKEUP or RTC_WAKEUP
D/STATUSBAR-NetworkController( 1220): onSignalStrengthsChanged signalStrength=SignalStrength: 99 99 -92 -85 -109 -85 -1 99 2147483647 2147483647 2147483647 -1 2147483647 cdma 0x110 level=1
D/STATUSBAR-NetworkController( 1220): Data Activity icon disapeared.
D/STATUSBAR-NetworkController( 1220): updateRomaingNotification DataRoaming:false mDataRoamingTypeForVZW : 0
D/STATUSBAR-NetworkController( 1220): onSignalStrengthsChanged signalStrength=SignalStrength: 99 99 -103 -100 -117 -315 -1 99 2147483647 2147483647 2147483647 -1 2147483647 cdma 0x110 level=1
D/STATUSBAR-NetworkController( 1220): Data Activity icon disapeared.
D/STATUSBAR-NetworkController( 1220): updateRomaingNotification DataRoaming:false mDataRoamingTypeForVZW : 0
D/STATUSBAR-NetworkController( 1220): onSignalStrengthsChanged signalStrength=SignalStrength: 99 99 -103 -100 -117 -315 -1 99 2147483647 2147483647 2147483647 -1 2147483647 cdma 0x110 level=1
D/STATUSBAR-NetworkController( 1220): Data Activity icon disapeared.
D/STATUSBAR-NetworkController( 1220): updateRomaingNotification DataRoaming:false mDataRoamingTypeForVZW : 0
D/STATUSBAR-NetworkController( 1220): onSignalStrengthsChanged signalStrength=SignalStrength: 99 99 -102 -80 -111 -105 -1 99 2147483647 2147483647 2147483647 -1 2147483647 cdma 0x110 level=1
D/STATUSBAR-NetworkController( 1220): Data Activity icon disapeared.
D/STATUSBAR-NetworkController( 1220): updateRomaingNotification DataRoaming:false mDataRoamingTypeForVZW : 0
D/STATUSBAR-NetworkController( 1220): onSignalStrengthsChanged signalStrength=SignalStrength: 99 99 -102 -80 -111 -105 -1 99 2147483647 2147483647 2147483647 -1 2147483647 cdma 0x110 level=1
D/STATUSBAR-NetworkController( 1220): Data Activity icon disapeared.
D/STATUSBAR-NetworkController( 1220): updateRomaingNotification DataRoaming:false mDataRoamingTypeForVZW : 0
D/SSRMv2:CoolDownMode(  816): battTemp is 301
D/SSRMv2:Monitor(  816): SIOP:: AP = 380, Prev AP = 380, Duration = 10031, PST = 396
D/SSRMv2:AmoledAdjustTimer(  816): prevTemp = 301, currTemp = 301, prevStep = 5, currStep = 5
D/STATUSBAR-NetworkController( 1220): onSignalStrengthsChanged signalStrength=SignalStrength: 99 99 -102 -155 -116 -145 -1 99 2147483647 2147483647 2147483647 -1 2147483647 cdma 0x110 level=1
D/STATUSBAR-NetworkController( 1220): Data Activity icon disapeared.
D/STATUSBAR-NetworkController( 1220): updateRomaingNotification DataRoaming:false mDataRoamingTypeForVZW : 0
D/STATUSBAR-NetworkController( 1220): onSignalStrengthsChanged signalStrength=SignalStrength: 99 99 -103 -90 -117 -315 -1 99 2147483647 2147483647 2147483647 -1 2147483647 cdma 0x110 level=1
D/STATUSBAR-NetworkController( 1220): Data Activity icon disapeared.
D/STATUSBAR-NetworkController( 1220): updateRomaingNotification DataRoaming:false mDataRoamingTypeForVZW : 0
D/BatteryService(  816): level:100, scale:100, status:2, health:2, present:true, voltage: 4323, temperature: 301, technology: Li-ion, AC powered:false, USB powered:true, Wireless powered:false, icon:17303409, invalid charger:0, online:4, current avg:460, charge type:1
D/BatteryService(  816): Sending ACTION_BATTERY_CHANGED.
D/UiModeManager(  816): mCoverManager.getCoverState() : true
W/BroadcastQueue(  816): Skipping deliver [background] BroadcastRecord{451c92d0 u-1 android.intent.action.BATTERY_CHANGED} to ReceiverList{44f678c8 6905 (unknown name)/10100/u0 remote:44ec8fb0}: process crashing
D/STATUSBAR-PhoneStatusBar( 1220):  mBrightnessEnablebySettings = false mBrightnessEnablebyBattery = true mBrightnessEnablebyDisableFlag = true mPmsBrightnessEnablebySettings = true
D/BatteryMeterView( 1220): ACTION_BATTERY_CHANGED : level:100 status:2 health:2
D/STATUSBAR-IconMerger( 1220): checkOverflow(1296), More:false, Req:false Child:2
D/STATUSBAR-NetworkController( 1220): onSignalStrengthsChanged signalStrength=SignalStrength: 99 99 -101 -90 -117 -315 -1 99 2147483647 2147483647 2147483647 -1 2147483647 cdma 0x110 level=1
D/STATUSBAR-NetworkController( 1220): Data Activity icon disapeared.
D/STATUSBAR-NetworkController( 1220): updateRomaingNotification DataRoaming:false mDataRoamingTypeForVZW : 0
D/STATUSBAR-NetworkController( 1220): onSignalStrengthsChanged signalStrength=SignalStrength: 99 99 -103 -95 -125 -25 8 99 2147483647 2147483647 2147483647 -1 2147483647 cdma 0x110 level=1
D/STATUSBAR-NetworkController( 1220): Data Activity icon disapeared.
D/STATUSBAR-NetworkController( 1220): updateRomaingNotification DataRoaming:false mDataRoamingTypeForVZW : 0
D/STATUSBAR-NetworkController( 1220): onSignalStrengthsChanged signalStrength=SignalStrength: 99 99 -103 -95 -125 -25 8 99 2147483647 2147483647 2147483647 -1 2147483647 cdma 0x110 level=1
D/STATUSBAR-NetworkController( 1220): Data Activity icon disapeared.
D/STATUSBAR-NetworkController( 1220): updateRomaingNotification DataRoaming:false mDataRoamingTypeForVZW : 0
E/Watchdog(  816): !@Sync 299
D/STATUSBAR-NetworkController( 1220): onSignalStrengthsChanged signalStrength=SignalStrength: 99 99 -103 -95 -125 -25 8 99 2147483647 2147483647 2147483647 -1 2147483647 cdma 0x110 level=1
D/STATUSBAR-NetworkController( 1220): Data Activity icon disapeared.
D/STATUSBAR-NetworkController( 1220): updateRomaingNotification DataRoaming:false mDataRoamingTypeForVZW : 0
D/STATUSBAR-NetworkController( 1220): onReceive() - SPN_STRINGS_UPDATED_ACTION
D/STATUSBAR-NetworkController( 1220): Data Activity icon disapeared.
D/STATUSBAR-NetworkController( 1220): updateRomaingNotification DataRoaming:false mDataRoamingTypeForVZW : 0
D/STATUSBAR-NetworkController( 1220): onServiceStateChanged voiceState=1 dataState=0
D/StatusBar.NetworkController( 1220): getDataServiceState : dataServiceState = 0
D/STATUSBAR-NetworkController( 1220): isCdma(), !isCdmaEri(), mRoamingIconId = 0
D/STATUSBAR-NetworkController( 1220): CDMA : disabled icon displayed
D/STATUSBAR-NetworkController( 1220):  isCdmaLTE - mSimStateUNKNOWN
D/STATUSBAR-NetworkController( 1220): Data Activity icon disapeared.
D/STATUSBAR-NetworkController( 1220): updateRomaingNotification DataRoaming:false mDataRoamingTypeForVZW : 0
D/STATUSBAR-AirplaneModeQuickSettingButton( 1220): mPhoneStateListener - inAirplaneMode: false
D/STATUSBAR-NetworkController( 1220): Data Activity icon disapeared.
D/STATUSBAR-NetworkController( 1220): updateRomaingNotification DataRoaming:false mDataRoamingTypeForVZW : 0
D/STATUSBAR-NetworkController( 1220): refreshSignalCluster: data=0 bt=false
D/STATUSBAR-SignalClusterView( 1220): isSignalNull=false, mIsAirplaneMode=false, mWifiVisible=true, mMobileStrengthId=2130838118
D/STATUSBAR-SignalClusterView( 1220): isSignalNull=false, mIsAirplaneMode=false, mWifiVisible=true, mMobileStrengthId=2130838118
D/STATUSBAR-SignalClusterView( 1220): isSignalNull=false, mIsAirplaneMode=false, mWifiVisible=true, mMobileStrengthId=2130838118
D/STATUSBAR-IconMerger( 1220): checkOverflow(1296), More:false, Req:false Child:2
D/STATUSBAR-NetworkController( 1220): Data Activity icon disapeared.
D/STATUSBAR-NetworkController( 1220): updateRomaingNotification DataRoaming:false mDataRoamingTypeForVZW : 0
D/STATUSBAR-NetworkController( 1220): refreshSignalCluster: data=0 bt=false
D/STATUSBAR-SignalClusterView( 1220): isSignalNull=false, mIsAirplaneMode=false, mWifiVisible=true, mMobileStrengthId=2130838118
D/STATUSBAR-SignalClusterView( 1220): isSignalNull=false, mIsAirplaneMode=false, mWifiVisible=true, mMobileStrengthId=2130838118
D/STATUSBAR-SignalClusterView( 1220): isSignalNull=false, mIsAirplaneMode=false, mWifiVisible=true, mMobileStrengthId=2130838118
D/STATUSBAR-IconMerger( 1220): checkOverflow(1296), More:false, Req:false Child:2
D/SSRMv2:CoolDownMode(  816): battTemp is 301
D/SSRMv2:Monitor(  816): SIOP:: AP = 380, Prev AP = 380, Duration = 10031, PST = 394
D/SSRMv2:AmoledAdjustTimer(  816): prevTemp = 301, currTemp = 301, prevStep = 5, currStep = 5
D/BatteryService(  816): level:100, scale:100, status:2, health:2, present:true, voltage: 4336, temperature: 301, technology: Li-ion, AC powered:false, USB powered:true, Wireless powered:false, icon:17303409, invalid charger:0, online:4, current avg:460, charge type:1
D/BatteryService(  816): Sending ACTION_BATTERY_CHANGED.
W/BroadcastQueue(  816): Skipping deliver [background] BroadcastRecord{454a7d58 u-1 android.intent.action.BATTERY_CHANGED} to ReceiverList{44f678c8 6905 (unknown name)/10100/u0 remote:44ec8fb0}: process crashing
D/STATUSBAR-PhoneStatusBar( 1220):  mBrightnessEnablebySettings = false mBrightnessEnablebyBattery = true mBrightnessEnablebyDisableFlag = true mPmsBrightnessEnablebySettings = true
D/BatteryMeterView( 1220): ACTION_BATTERY_CHANGED : level:100 status:2 health:2
D/UiModeManager(  816): mCoverManager.getCoverState() : true
D/STATUSBAR-IconMerger( 1220): checkOverflow(1296), More:false, Req:false Child:2
D/DisplayPowerController(  816): applyLightSensorMeasurementSEC : mIsLockZone = true
V/WindowManager(  816): rotationForOrientationLw(orient=-1, last=3); user=0  sensorRotation=0 mLidState=-1 mDockMode=0 mHdmiPlugged=false mAccelerometerDefault=false gripRotationLock=false
D/SSRMv2:AirViewOnOff(  816): DeviceInfo:: 00000000000
D/SSRMv2:AirViewOnOff(  816): SettingsAirViewInfo:: 100100000
I/ActivityManager(  816): Config changes=480 {0 1.0 311mcc480mnc en_US ldltr sw360dp w360dp h615dp 480dpi nrml long port finger -keyb/v/h -nav/h s.16}
V/UsbDeviceManager(  816): USB UEVENT: {USB_STATE=DISCONNECTED, SUBSYSTEM=android_usb, DEVPATH=/devices/virtual/android_usb/android0, SEQNUM=12609, ACTION=change}
W/ContextImpl(16520): Calling a method in the system process without a qualified user: android.app.ContextImpl.sendBroadcast:1468 android.content.ContextWrapper.sendBroadcast:377 android.content.ContextWrapper.sendBroadcast:377 com.samsung.android.MtpApplication.MtpReceiver.usbRemoved:827 com.samsung.android.MtpApplication.MtpReceiver.access$200:89 
W/ContextImpl(16520): Calling a method in the system process without a qualified user: android.app.ContextImpl.sendBroadcast:1468 android.content.ContextWrapper.sendBroadcast:377 android.content.ContextWrapper.sendBroadcast:377 com.samsung.android.MtpApplication.MtpReceiver.usbRemoved:827 com.samsung.android.MtpApplication.MtpReceiver.access$200:89 
D/PhoneStatusBarView( 1220): marqueeStatusBar:18-4, mClearCover:0
D/STATUSBAR-SignalClusterView( 1220): isSignalNull=false, mIsAirplaneMode=false, mWifiVisible=true, mMobileStrengthId=2130838118
D/STATUSBAR-IconMerger( 1220): checkOverflow(1296), More:false, Req:false Child:2
D/STATUSBAR-QuickSettingPanel( 1220): setSingleLine:true
D/STATUSBAR-QuickSettingButton( 1220): Button configurationchanged
D/STATUSBAR-QuickSettingButton( 1220): Button dynamicallyReduceTextSize
D/STATUSBAR-QuickSettingButton( 1220): Button configurationchanged
D/STATUSBAR-QuickSettingButton( 1220): Button dynamicallyReduceTextSize
D/STATUSBAR-QuickSettingButton( 1220): Button configurationchanged
D/STATUSBAR-QuickSettingButton( 1220): Button dynamicallyReduceTextSize
D/STATUSBAR-QuickSettingButton( 1220): Button configurationchanged
D/STATUSBAR-QuickSettingButton( 1220): Button dynamicallyReduceTextSize
D/STATUSBAR-QuickSettingButton( 1220): Button configurationchanged
D/STATUSBAR-QuickSettingButton( 1220): Button dynamicallyReduceTextSize
D/STATUSBAR-QuickSettingButton( 1220): Button configurationchanged
D/STATUSBAR-QuickSettingButton( 1220): Button dynamicallyReduceTextSize
D/STATUSBAR-QuickSettingButton( 1220): Button configurationchanged
D/STATUSBAR-QuickSettingButton( 1220): Button configurationchanged
D/STATUSBAR-QuickSettingButton( 1220): Button configurationchanged
D/STATUSBAR-QuickSettingButton( 1220): Button configurationchanged
D/STATUSBAR-QuickSettingButton( 1220): Button configurationchanged
D/STATUSBAR-QuickSettingButton( 1220): Button configurationchanged
D/STATUSBAR-QuickSettingButton( 1220): Button configurationchanged
D/STATUSBAR-QuickSettingButton( 1220): Button configurationchanged
D/STATUSBAR-QuickSettingButton( 1220): Button configurationchanged
D/STATUSBAR-QuickSettingButton( 1220): Button configurationchanged
D/STATUSBAR-QuickSettingButton( 1220): Button configurationchanged
D/STATUSBAR-QuickSettingButton( 1220): Button configurationchanged
D/STATUSBAR-QuickSettingButton( 1220): Button configurationchanged
D/STATUSBAR-QuickSettingButton( 1220): Button configurationchanged
D/STATUSBAR-QuickSettingButton( 1220): Button configurationchanged
E/SmartFaceService(  816): onReceive: android.intent.action.CONFIGURATION_CHANGED
E/SmartFaceService(  816): mFolderCoverOpened: (true, true) -> true
D/STATUSBAR-IconMerger( 1220): checkOverflow(504), More:false, Req:false Child:2
D/STATUSBAR-NetworkController( 1220): onReceive() - ACTION_CONFIGURATION_CHANGED
D/STATUSBAR-NetworkController( 1220): Data Activity icon disapeared.
D/STATUSBAR-NetworkController( 1220): updateRomaingNotification DataRoaming:false mDataRoamingTypeForVZW : 0
D/STATUSBAR-IconMerger( 1220): checkOverflow(504), More:false, Req:false Child:2
W/ContextImpl(16520): Calling a method in the system process without a qualified user: android.app.ContextImpl.stopService:1830 android.content.ContextWrapper.stopService:511 android.content.ContextWrapper.stopService:511 com.samsung.android.MtpApplication.MtpReceiver.usbRemoved:837 com.samsung.android.MtpApplication.MtpReceiver.access$200:89 
I/WindowManager(  816): Screen frozen for +316ms due to Window{44c875a0 u0 com.phonegap.jeeves/com.phonegap.jeeves.HelloWorld}
W/ContextImpl(16520): Calling a method in the system process without a qualified user: android.app.ContextImpl.stopService:1830 android.content.ContextWrapper.stopService:511 android.content.ContextWrapper.stopService:511 com.samsung.android.MtpApplication.MtpReceiver.usbRemoved:837 com.samsung.android.MtpApplication.MtpReceiver.access$200:89 
W/ContextImpl( 1667): Calling a method in the system process without a qualified user: android.app.ContextImpl.sendStickyBroadcast:1626 android.content.ContextWrapper.sendStickyBroadcast:439 com.samsung.android.app.gestureservice.GestureService.updateStatusBar:788 com.samsung.android.app.gestureservice.GestureService.access$1200:40 com.samsung.android.app.gestureservice.GestureService$2.onReceive:223 
D/MediaScannerReceiver(23687): action: android.intent.action.MTP_FILE_SCAN
I/ActivityManager(  816): Process com.samsung.android.MtpApplication (pid 16520) (adj 0) has died.
D/MediaScannerReceiver(23687): action: android.intent.action.MTP_FILE_SCAN
D/MediaScannerService(23687): !@start scanning volume external: [/storage/emulated/0, /storage/extSdCard, /storage/UsbDriveA, /storage/UsbDriveB, /storage/UsbDriveC, /storage/UsbDriveD, /storage/UsbDriveE, /storage/UsbDriveF]
D/MediaProvider(23687): getUserIdByPackageNameOrUid return with userId=0
D/MediaProvider(23687): getUserIdByPackageNameOrUid return with userId=0
V/WindowManager(  816): rotationForOrientationLw(orient=-1, last=0); user=0  sensorRotation=0 mLidState=-1 mDockMode=0 mHdmiPlugged=false mAccelerometerDefault=false gripRotationLock=false
D/WifiDisplayAdapter(  816): getWifiDisplayStatusLocked: result=WifiDisplayStatus{featureState=2, scanState=0, activeDisplayState=0, activeDisplay=null, displays=[], sessionInfo=WifiDisplaySessionInfo: Client/Owner: Client GroupId:  Passphrase:  SessionId: 0 IP Address: , connectedState=-1, networkQoS=0}
D/WifiDisplayAdapter(  816): getWifiDisplayStatusLocked: result=WifiDisplayStatus{featureState=2, scanState=0, activeDisplayState=0, activeDisplay=null, displays=[], sessionInfo=WifiDisplaySessionInfo: Client/Owner: Client GroupId:  Passphrase:  SessionId: 0 IP Address: , connectedState=-1, networkQoS=0}
D/WifiDisplayAdapter(  816): getWifiDisplayStatusLocked: result=WifiDisplayStatus{featureState=2, scanState=0, activeDisplayState=0, activeDisplay=null, displays=[], sessionInfo=WifiDisplaySessionInfo: Client/Owner: Client GroupId:  Passphrase:  SessionId: 0 IP Address: , connectedState=-1, networkQoS=0}
D/UsbDeviceManager(  816): handleMessage -> MSG_UPDATE_STATE connected = 0,configured = 0
D/UsbDeviceManager(  816): updateUsbNotification : mConnected = false, mConfigured = false, mCurrentFunctions = mtp,adb
D/UsbDeviceManager(  816): updateUsbNotification : cancel id = 17041159, title = Connected as a media device
D/UsbDeviceManager(  816): setUsbConfig(none)
W/ContextImpl(  816): Calling a method in the system process without a qualified user: android.app.ContextImpl.sendBroadcast:1482 com.android.server.StatusBarManagerService.sendNotification:965 com.android.server.StatusBarManagerService.removeNotification:690 com.android.server.NotificationManagerService.cancelNotificationLocked:2454 com.android.server.NotificationManagerService.access$5100:156 
E/UsbDebuggingManager(  816): got -1 reading
D/UsbDeviceManager(  816): setUsbConfig(mass_storage,adb)
D/STATUSBAR-StatusBarManagerService(  816): sendNotification(3) - 17041159
D/LightsService(  816): [api] [SvcLED] turnOff:: id = 4 (uid: 1000 pid: 816) 
D/LightsService(  816): [SvcLED] setSvcLedStateLocked:: SvcLEDState : 0x0 -> 0x0 | SvcLED(id=4) set Off
D/LightsService(  816): [SvcLED] Lux failed to be updated in 700ms. -> handleForcedSvcLEDTasK
D/LightsService(  816): [SvcLED]  setSvcLedLightLocked :: Current SvcLED(id=3) maintains its priority right
E/UsbDebuggingManager(  816): Communication error: 
E/UsbDebuggingManager(  816): java.io.IOException: No such file or directory
E/UsbDebuggingManager(  816): 	at android.net.LocalSocketImpl.connectLocal(Native Method)
E/UsbDebuggingManager(  816): 	at android.net.LocalSocketImpl.connect(LocalSocketImpl.java:287)
E/UsbDebuggingManager(  816): 	at android.net.LocalSocket.connect(LocalSocket.java:130)
E/UsbDebuggingManager(  816): 	at com.android.server.usb.UsbDebuggingManager.listenToSocket(UsbDebuggingManager.java:80)
E/UsbDebuggingManager(  816): 	at com.android.server.usb.UsbDebuggingManager.run(UsbDebuggingManager.java:116)
E/UsbDebuggingManager(  816): 	at java.lang.Thread.run(Thread.java:841)
D/STATUSBAR-IconMerger( 1220): checkOverflow(504), More:false, Req:false Child:1
D/UsbDeviceManager(  816): sending intent : ACTION_USB_STATE : connected = false, configured = false, functions = mass_storage,adb
W/KiesUsbObserver(  816): getUsbMode() -> sys.usb.config : mass_storage,adb
W/KiesUsbObserver(  816): getUsbMode() -> bCDFS: true
W/KiesUsbObserver(  816): sendMsg ->usbState is0UsbMode is 2000
D/KiesUsbObserver(  816): stopCDFSEjectTimer
D/KiesUsbManager(  816): KiesUsbManagerHandler -> UsbMode.offline
I/ActivityManager(  816): Killing 5748:com.sec.everglades/u0a131 (adj 15): empty #31
D/DisplayPowerController(  816): applyLightSensorMeasurementSEC : mIsLockZone = false
D/PowerManagerService(  816): [s] UserActivityState : 0 -> 1
D/DisplayPowerController(  816): animation target = 119 (PSM:true, AB limit:(-1 ~ -1) MB Limit:(-1 ~ -1) MAdj:(0, (0, 255)))
D/PowerManagerService(  816): [s] mDisplayPowerControllerCallbacks : onStateChanged()
D/RampAnimator(  816): Light Animator Finished currentValue=119
V/UsbDeviceManager(  816): USB UEVENT: {USB_STATE=CONNECTED, SUBSYSTEM=android_usb, DEVPATH=/devices/virtual/android_usb/android0, SEQNUM=12612, ACTION=change}
D/UsbDeviceManager(  816): handleMessage -> MSG_UPDATE_STATE connected = 1,configured = 0
D/UsbDeviceManager(  816): updateUsbNotification : mConnected = true, mConfigured = false, mCurrentFunctions = mass_storage,adb
D/UsbDeviceManager(  816): updateUsbNotification : notify id = 17041161, title = Connected as an installer
D/UsbDeviceManager(  816): sending intent : ACTION_USB_STATE : connected = true, configured = false, functions = mass_storage,adb
W/ContextImpl(  816): Calling a method in the system process without a qualified user: android.app.ContextImpl.sendBroadcast:1482 com.android.server.StatusBarManagerService.sendNotification:965 com.android.server.StatusBarManagerService.addNotification:654 com.android.server.NotificationManagerService$7.run:2142 android.os.Handler.handleCallback:733 
D/STATUSBAR-StatusBarManagerService(  816): sendNotification(1) - 17041161
W/KiesUsbObserver(  816): getUsbMode() -> sys.usb.config : mass_storage,adb
W/KiesUsbObserver(  816): getUsbMode() -> bCDFS: true
V/UsbDeviceManager(  816): USB UEVENT: {USB_STATE=CONFIGURED, SUBSYSTEM=android_usb, DEVPATH=/devices/virtual/android_usb/android0, SEQNUM=12613, ACTION=change}
D/UsbDeviceManager(  816): handleMessage -> MSG_UPDATE_STATE connected = 1,configured = 1
D/UsbDeviceManager(  816): updateUsbNotification : mConnected = true, mConfigured = true, mCurrentFunctions = mass_storage,adb
D/UsbDeviceManager(  816): sending intent : ACTION_USB_STATE : connected = true, configured = true, functions = mass_storage,adb
W/KiesUsbObserver(  816): getUsbMode() -> sys.usb.config : mass_storage,adb
W/KiesUsbObserver(  816): getUsbMode() -> bCDFS: true
W/KiesUsbObserver(  816): sendMsg ->usbState is1UsbMode is 2000
D/KiesUsbManager(  816): setCDFSInsert
D/KiesUsbManager(  816): saveISOToFile ISO setCDFSInsert
D/KiesUsbManager(  816): startCDFSEjectTimer -> 30 seconds start
D/KiesUsbObserver(  816): startCDFSEjectTimer
D/KiesUsbManager(  816): KiesUsbManagerHandler -> UsbMode.online
D/UsbManager(  816):  :::: isUsb30Enabled :: return = false from pid = 816
D/STATUSBAR-NetworkController( 1220): onSignalStrengthsChanged signalStrength=SignalStrength: 99 99 -91 -80 -120 -1 -1 99 2147483647 2147483647 2147483647 -1 2147483647 cdma 0x10 level=1
D/STATUSBAR-NetworkController( 1220): Data Activity icon disapeared.
D/STATUSBAR-NetworkController( 1220): updateRomaingNotification DataRoaming:false mDataRoamingTypeForVZW : 0
D/STATUSBAR-NetworkController( 1220): onSignalStrengthsChanged signalStrength=SignalStrength: 99 99 -91 -80 -120 -1 -1 99 2147483647 2147483647 2147483647 -1 2147483647 cdma 0x10 level=1
D/STATUSBAR-NetworkController( 1220): Data Activity icon disapeared.
D/STATUSBAR-NetworkController( 1220): updateRomaingNotification DataRoaming:false mDataRoamingTypeForVZW : 0
D/STATUSBAR-NetworkController( 1220): onReceive() - SPN_STRINGS_UPDATED_ACTION
D/STATUSBAR-NetworkController( 1220): Data Activity icon disapeared.
D/STATUSBAR-NetworkController( 1220): updateRomaingNotification DataRoaming:false mDataRoamingTypeForVZW : 0
D/STATUSBAR-NetworkController( 1220): onServiceStateChanged voiceState=0 dataState=0
D/StatusBar.NetworkController( 1220): getDataServiceState : dataServiceState = 0
D/STATUSBAR-NetworkController( 1220): isCdma(), !isCdmaEri(), mRoamingIconId = 0
D/STATUSBAR-NetworkController( 1220): CDMA : disabled icon displayed
D/STATUSBAR-NetworkController( 1220):  isCdmaLTE - mSimStateUNKNOWN
D/STATUSBAR-NetworkController( 1220): Data Activity icon disapeared.
D/STATUSBAR-NetworkController( 1220): updateRomaingNotification DataRoaming:false mDataRoamingTypeForVZW : 0
D/STATUSBAR-AirplaneModeQuickSettingButton( 1220): mPhoneStateListener - inAirplaneMode: false
D/STATUSBAR-NetworkController( 1220): onSignalStrengthsChanged signalStrength=SignalStrength: 99 99 -89 -60 -120 -1 -1 99 2147483647 2147483647 2147483647 -1 2147483647 cdma 0x30 level=3
D/STATUSBAR-NetworkController( 1220): Data Activity icon disapeared.
D/STATUSBAR-NetworkController( 1220): updateRomaingNotification DataRoaming:false mDataRoamingTypeForVZW : 0
D/STATUSBAR-NetworkController( 1220): refreshSignalCluster: data=0 bt=false
D/STATUSBAR-SignalClusterView( 1220): isSignalNull=false, mIsAirplaneMode=false, mWifiVisible=true, mMobileStrengthId=2130838118
D/STATUSBAR-SignalClusterView( 1220): isSignalNull=false, mIsAirplaneMode=false, mWifiVisible=true, mMobileStrengthId=2130838120
D/STATUSBAR-SignalClusterView( 1220): isSignalNull=false, mIsAirplaneMode=false, mWifiVisible=true, mMobileStrengthId=2130838120
V/MediaScanner(23687):  prescan time: 422ms (DB items: 1854)
V/MediaScanner(23687):     scan time: 1876ms (Caching mode: true), (makeEntry time: 1411ms ~75%),  (parsing time: 0ms ~0%),  (bitmapDecoding time: 0ms ~0%), (exifExtracting time : 0ms ~0%), (bulkInserter time : 0ms ~0%)
V/MediaScanner(23687): postscan time: 3ms (bulkDeleter : 0), (delete DeadThumbnail time : 0ms)
V/MediaScanner(23687):    total time: 2301ms
V/MediaScanner(23687): checked files: 1619  directories : 228  (I: 0, U: 2)
D/MediaProvider(23687): restorePlaylistTableConfiguration started
D/MediaProvider(23687): restorePlaylistTableConfiguration finished
D/MediaScannerService(23687): !@done scanning volume external
D/MediaScannerService(23687): !@start scanning volume external: [/storage/emulated/0, /storage/extSdCard, /storage/UsbDriveA, /storage/UsbDriveB, /storage/UsbDriveC, /storage/UsbDriveD, /storage/UsbDriveE, /storage/UsbDriveF]
D/MediaProvider(23687): getUserIdByPackageNameOrUid return with userId=0
D/MediaProvider(23687): getUserIdByPackageNameOrUid return with userId=0
W/ActivityThread( 7909): ClassLoader.getResources: The class loader returned by Thread.getContextClassLoader() may fail for processes that host multiple applications. You should explicitly specify a context class loader. For example: Thread.setContextClassLoader(getClass().getClassLoader());
D/STATUSBAR-NetworkController( 1220): onSignalStrengthsChanged signalStrength=SignalStrength: 99 99 -89 -100 -120 -1 -1 99 2147483647 2147483647 2147483647 -1 2147483647 cdma 0x10 level=1
D/STATUSBAR-NetworkController( 1220): Data Activity icon disapeared.
D/STATUSBAR-NetworkController( 1220): updateRomaingNotification DataRoaming:false mDataRoamingTypeForVZW : 0
D/STATUSBAR-NetworkController( 1220): refreshSignalCluster: data=0 bt=false
D/STATUSBAR-SignalClusterView( 1220): isSignalNull=false, mIsAirplaneMode=false, mWifiVisible=true, mMobileStrengthId=2130838120
D/STATUSBAR-SignalClusterView( 1220): isSignalNull=false, mIsAirplaneMode=false, mWifiVisible=true, mMobileStrengthId=2130838118
D/STATUSBAR-SignalClusterView( 1220): isSignalNull=false, mIsAirplaneMode=false, mWifiVisible=true, mMobileStrengthId=2130838118
I/ActivityManager(  816): Killing 5788:com.google.android.apps.docs/u0a65 (adj 15): empty #31
I/ActivityManager(  816): Killing 6038:net.zedge.android/u0a236 (adj 15): empty #31
I/ActivityManager(  816): Killing 5549:com.android.settings/1000 (adj 15): empty #31
D/STATUSBAR-NetworkController( 1220): Data Activity icon disapeared.
D/STATUSBAR-NetworkController( 1220): updateRomaingNotification DataRoaming:false mDataRoamingTypeForVZW : 0
D/STATUSBAR-NetworkController( 1220): refreshSignalCluster: data=0 bt=false
D/STATUSBAR-SignalClusterView( 1220): isSignalNull=false, mIsAirplaneMode=false, mWifiVisible=true, mMobileStrengthId=2130838118
D/STATUSBAR-SignalClusterView( 1220): isSignalNull=false, mIsAirplaneMode=false, mWifiVisible=true, mMobileStrengthId=2130838118
D/STATUSBAR-SignalClusterView( 1220): isSignalNull=false, mIsAirplaneMode=false, mWifiVisible=true, mMobileStrengthId=2130838118
D/STATUSBAR-NetworkController( 1220): onSignalStrengthsChanged signalStrength=SignalStrength: 99 99 -89 -100 -120 -1 -1 99 2147483647 2147483647 2147483647 -1 2147483647 cdma 0x10 level=1
D/STATUSBAR-NetworkController( 1220): Data Activity icon disapeared.
D/STATUSBAR-NetworkController( 1220): updateRomaingNotification DataRoaming:false mDataRoamingTypeForVZW : 0
D/STATUSBAR-NetworkController( 1220): onSignalStrengthsChanged signalStrength=SignalStrength: 99 99 -90 -90 -120 -1 -1 99 2147483647 2147483647 2147483647 -1 2147483647 cdma 0x10 level=1
D/STATUSBAR-NetworkController( 1220): Data Activity icon disapeared.
D/STATUSBAR-NetworkController( 1220): updateRomaingNotification DataRoaming:false mDataRoamingTypeForVZW : 0
D/STATUSBAR-IconMerger( 1220): checkOverflow(504), More:false, Req:false Child:2
V/MediaScanner(23687):  prescan time: 254ms (DB items: 1854)
V/MediaScanner(23687):     scan time: 1661ms (Caching mode: true), (makeEntry time: 1339ms ~80%),  (parsing time: 0ms ~0%),  (bitmapDecoding time: 0ms ~0%), (exifExtracting time : 0ms ~0%), (bulkInserter time : 0ms ~0%)
