W/LicenseLogService(  816): log() is called by non admin
W/Resources(  816): Converting to string: TypedValue{t=0x12/d=0xffffffff a=-1}
E/EnterpriseContainerManager(  816): ContainerPolicy Service is not yet ready!!!
W/ContextImpl( 9796): Implicit intents with startService are not safe: Intent { act=com.android.email.ACCOUNT_INTENT } android.content.ContextWrapper.bindService:529 com.android.emailcommon.service.ServiceProxy.setTask:173 com.android.emailcommon.service.ServiceProxy.setTask:153 
E/EnterpriseContainerManager(  816): ContainerPolicy Service is not yet ready!!!
D/EnterpriseDeviceManager(  816): ContainerId: 0
E/EnterpriseContainerManager(  816): ContainerPolicy Service is not yet ready!!!
W/Resources(  816): Converting to string: TypedValue{t=0x12/d=0xffffffff a=-1}
W/LicenseLogService(  816): log() is called by non admin
W/Resources(  816): Converting to string: TypedValue{t=0x12/d=0xffffffff a=-1}
E/EnterpriseContainerManager(  816): ContainerPolicy Service is not yet ready!!!
E/EnterpriseContainerManager(  816): ContainerPolicy Service is not yet ready!!!
D/EnterpriseDeviceManager(  816): ContainerId: 0
E/EnterpriseContainerManager(  816): ContainerPolicy Service is not yet ready!!!
W/Resources(  816): Converting to string: TypedValue{t=0x12/d=0x0 a=-1}
W/Resources(  816): Converting to string: TypedValue{t=0x12/d=0xffffffff a=-1}
W/LicenseLogService(  816): log() is called by non admin
E/EnterpriseContainerManager(  816): ContainerPolicy Service is not yet ready!!!
W/Resources(  816): Converting to string: TypedValue{t=0x12/d=0xffffffff a=-1}
W/EDMNativeHelper(  268): EDMNativeHelperService is published
W/BroadcastQueue(  816): Skipping deliver [background] BroadcastRecord{455bd9a0 u0 com.symantec.ncw.smrsd.control} to ReceiverList{44ec7d28 6905 (unknown name)/10100/u0 remote:44d7d9b0}: process crashing
W/Resources(  816): Converting to string: TypedValue{t=0x12/d=0xffffffff a=-1}
W/Resources(  816): Converting to string: TypedValue{t=0x12/d=0xffffffff a=-1}
W/Resources(  816): Converting to string: TypedValue{t=0x12/d=0xffffffff a=-1}
I/ManagementService( 3304): no need to handle management intent base on license
W/Resources(  816): Converting to string: TypedValue{t=0x12/d=0xffffffff a=-1}
I/elm     ( 4853): MainReceiver.onReceive() : Intent { act=android.intent.action.PACKAGE_REMOVED dat=package:com.phonegap.jeeves flg=0x4000010 cmp=com.sec.esdk.elm/.receiver.MainReceiver (has extras) }
W/Resources(  816): Converting to string: TypedValue{t=0x12/d=0xffffffff a=-1}
W/Resources(  816): Converting to string: TypedValue{t=0x12/d=0xffffffff a=-1}
I/elm     ( 4853): MainReceiver.onReceive() END - - - - - : Intent { act=android.intent.action.PACKAGE_REMOVED dat=package:com.phonegap.jeeves flg=0x4000010 cmp=com.sec.esdk.elm/.receiver.MainReceiver (has extras) }
W/Resources(  816): Converting to string: TypedValue{t=0x12/d=0x0 a=-1}
W/Resources(  816): Converting to string: TypedValue{t=0x12/d=0xffffffff a=-1}
W/Resources(  816): Converting to string: TypedValue{t=0x12/d=0x0 a=-1}
W/Resources(  816): Converting to string: TypedValue{t=0x12/d=0xffffffff a=-1}
W/Resources(  816): Converting to string: TypedValue{t=0x12/d=0xffffffff a=-1}
I/CrashAnrDetector(  816): onPackageUpdateFinished : com.phonegap.jeeves
E/EnterpriseContainerManager(  816): ContainerPolicy Service is not yet ready!!!
D/EnterpriseDeviceManager(  816): ContainerId: 0
E/EnterpriseContainerManager(  816): ContainerPolicy Service is not yet ready!!!
W/LicenseLogService(  816): log() is called by non admin
E/EnterpriseContainerManager(  816): ContainerPolicy Service is not yet ready!!!
E/EnterpriseContainerManager(  816): ContainerPolicy Service is not yet ready!!!
D/EnterpriseDeviceManager(  816): ContainerId: 0
E/EnterpriseContainerManager(  816): ContainerPolicy Service is not yet ready!!!
E/EnterpriseContainerManager(  816): ContainerPolicy Service is not yet ready!!!
W/LicenseLogService(  816): log() is called by non admin
I/SELinux ( 9813): Function: selinux_android_load_priority [0], There is no sepolicy file.
I/SELinux ( 9813):  
I/SELinux ( 9813): Function: selinux_android_load_priority [1], There is no sepolicy version file.
I/SELinux ( 9813):  
I/SELinux ( 9813): Function: selinux_android_load_priority , loading version is VE=SEPF_SCH-I545_4.4.2_0011
I/SELinux ( 9813):  
I/SELinux ( 9813):  
I/SELinux ( 9813): selinux_android_seapp_context_reload: seapp_contexts file is loaded from /seapp_contexts
E/EnterpriseContainerManager(  816): ContainerPolicy Service is not yet ready!!!
D/EnterpriseDeviceManager(  816): ContainerId: 0
E/EnterpriseContainerManager(  816): ContainerPolicy Service is not yet ready!!!
W/LicenseLogService(  816): log() is called by non admin
E/EnterpriseContainerManager(  816): ContainerPolicy Service is not yet ready!!!
E/EnterpriseContainerManager(  816): ContainerPolicy Service is not yet ready!!!
D/EnterpriseDeviceManager(  816): ContainerId: 0
E/EnterpriseContainerManager(  816): ContainerPolicy Service is not yet ready!!!
W/LicenseLogService(  816): log() is called by non admin
E/EnterpriseContainerManager(  816): ContainerPolicy Service is not yet ready!!!
V/AlarmManager(  816): waitForAlarm result :8
W/ActivityManager(  816): Unable to start service Intent { cmp=com.android.email/.service.AttachmentDownloadService } U=0: not found
D/LocationManagerService(  816): request 436ef998 passive Request[POWER_NONE passive fastest=+60m0s0ms] from com.weather.Weather(10213)
D/LocationManagerService(  816): provider request: passive ProviderRequest[ON interval=0]
D/BadgeProvider( 9813): onCreate
D/BadgeProvider( 9813): DatabaseHelper
I/SELinux ( 9827): Function: selinux_android_load_priority [0], There is no sepolicy file.
I/SELinux ( 9827):  
I/SELinux ( 9827): Function: selinux_android_load_priority [1], There is no sepolicy version file.
I/SELinux ( 9827):  
I/SELinux ( 9827): Function: selinux_android_load_priority , loading version is VE=SEPF_SCH-I545_4.4.2_0011
I/SELinux ( 9827):  
I/SELinux ( 9827):  
I/SELinux ( 9827): selinux_android_seapp_context_reload: seapp_contexts file is loaded from /seapp_contexts
I/ActivityManager(  816): Killing 8393:com.android.musicfx/u0a95 (adj 15): empty #31
D/BadgeProvider( 9813): query, [selection] : package='com.android.email' AND class='com.android.email.activity.Welcome' AND extraData='base_extra_badge'
D/Launcher.Model( 1551): reloadBadges entered.
D/BadgeProvider( 9813): sendNotify entered. [uri] : content://com.sec.badge/apps/1
D/BadgeProvider( 9813): sendNotify, [notify] : null
D/BadgeProvider( 9813): update, [uri] : content://com.sec.badge/apps/1
D/BadgeProvider( 9813): update, [BadgeCount] : badgecount=0
D/BadgeProvider( 9813): update, [UpdateCount] : 1
D/AndroidRuntime( 9783): 
D/AndroidRuntime( 9783): >>>>>> AndroidRuntime START com.android.internal.os.RuntimeInit <<<<<<
D/AndroidRuntime( 9783): CheckJNI is OFF
D/AndroidRuntime( 9783): setted country_code = USA
D/AndroidRuntime( 9783): setted countryiso_code = US
D/AndroidRuntime( 9783): setted sales_code = VZW
D/AndroidRuntime( 9783): readGMSProperty: start
D/AndroidRuntime( 9783): readGMSProperty: already setted!!
D/AndroidRuntime( 9783): readGMSProperty: end
D/AndroidRuntime( 9783): addProductProperty: start
D/dalvikvm( 9783): Trying to load lib libjavacore.so 0x0
D/dalvikvm( 9783): Added shared lib libjavacore.so 0x0
D/dalvikvm( 9783): Trying to load lib libnativehelper.so 0x0
D/dalvikvm( 9783): Added shared lib libnativehelper.so 0x0
D/dalvikvm( 9783): No JNI_OnLoad found in libnativehelper.so 0x0, skipping init
I/SELinux ( 9846): Function: selinux_android_load_priority [0], There is no sepolicy file.
I/SELinux ( 9846):  
I/SELinux ( 9846): Function: selinux_android_load_priority [1], There is no sepolicy version file.
I/SELinux ( 9846):  
I/SELinux ( 9846): Function: selinux_android_load_priority , loading version is VE=SEPF_SCH-I545_4.4.2_0011
I/SELinux ( 9846):  
I/SELinux ( 9846):  
I/SELinux ( 9846): selinux_android_seapp_context_reload: seapp_contexts file is loaded from /seapp_contexts
I/ActivityManager(  816): Killing 8407:com.verizon.vzwavs/u0a255 (adj 15): empty #31
I/SELinux ( 9863): Function: selinux_android_load_priority [0], There is no sepolicy file.
I/SELinux ( 9863):  
I/SELinux ( 9863): Function: selinux_android_load_priority [1], There is no sepolicy version file.
I/SELinux ( 9863):  
I/SELinux ( 9863): Function: selinux_android_load_priority , loading version is VE=SEPF_SCH-I545_4.4.2_0011
I/SELinux ( 9863):  
I/SELinux ( 9863):  
I/SELinux ( 9863): selinux_android_seapp_context_reload: seapp_contexts file is loaded from /seapp_contexts
E/EnterpriseContainerManager(  816): ContainerPolicy Service is not yet ready!!!
D/EnterpriseDeviceManager(  816): ContainerId: 0
E/EnterpriseContainerManager(  816): ContainerPolicy Service is not yet ready!!!
E/EnterpriseContainerManager(  816): ContainerPolicy Service is not yet ready!!!
W/LicenseLogService(  816): log() is called by non admin
E/EnterpriseContainerManager(  816): ContainerPolicy Service is not yet ready!!!
D/EnterpriseDeviceManager(  816): ContainerId: 0
E/EnterpriseContainerManager(  816): ContainerPolicy Service is not yet ready!!!
W/LicenseLogService(  816): log() is called by non admin
E/EnterpriseContainerManager(  816): ContainerPolicy Service is not yet ready!!!
E/EnterpriseContainerManager(  816): ContainerPolicy Service is not yet ready!!!
D/EnterpriseDeviceManager(  816): ContainerId: 0
E/EnterpriseContainerManager(  816): ContainerPolicy Service is not yet ready!!!
E/EnterpriseContainerManager(  816): ContainerPolicy Service is not yet ready!!!
W/LicenseLogService(  816): log() is called by non admin
E/EnterpriseContainerManager(  816): ContainerPolicy Service is not yet ready!!!
D/EnterpriseDeviceManager(  816): ContainerId: 0
E/EnterpriseContainerManager(  816): ContainerPolicy Service is not yet ready!!!
E/EnterpriseContainerManager(  816): ContainerPolicy Service is not yet ready!!!
W/LicenseLogService(  816): log() is called by non admin
I/ActivityManager(  816): Killing 8422:com.osp.app.signin/u0a140 (adj 15): empty #31
E/memtrack( 9783): Couldn't load memtrack module (No such file or directory)
E/android.os.Debug( 9783): failed to load memtrack module: -2
I/SELinux ( 9877): Function: selinux_android_load_priority [0], There is no sepolicy file.
I/SELinux ( 9877):  
I/SELinux ( 9877): Function: selinux_android_load_priority [1], There is no sepolicy version file.
I/SELinux ( 9877):  
I/SELinux ( 9877): Function: selinux_android_load_priority , loading version is VE=SEPF_SCH-I545_4.4.2_0011
I/SELinux ( 9877):  
I/SELinux ( 9877):  
I/SELinux ( 9877): selinux_android_seapp_context_reload: seapp_contexts file is loaded from /seapp_contexts
D/dalvikvm( 9783): Note: class Landroid/app/ActivityManagerNative; has 187 unimplemented (abstract) methods
I/ActivityManager(  816): Killing 8456:com.sec.pcw.device/u0a266 (adj 15): empty #31
D/AndroidRuntime( 9783): Calling main entry com.android.commands.input.Input
I/Input   ( 9783): injectKeyEvent: KeyEvent { action=ACTION_DOWN, keyCode=KEYCODE_MENU, scanCode=0, metaState=0, flags=0x0, repeatCount=0, eventTime=9088852, downTime=9088852, deviceId=-1, displayId=0, source=0x101 }
I/SA      ( 9877): [SSP] onCreated
D/lights  (  816): button : 1 +
D/lights  (  816): button : 1 -
I/InputDispatcher(  816): Delivering key to: action: 0x0 (0)
D/PowerManagerService(  816): [s] UserActivityState : 2 -> 1
D/DisplayPowerController(  816): animation target = 119 (PSM:true, AB limit:(-1 ~ -1) MB Limit:(-1 ~ -1) MAdj:(0, (0, 255)))
D/PowerManagerService(  816): [s] mDisplayPowerControllerCallbacks : onStateChanged()
W/ApplicationPackageManager( 1551): getCSCPackageItemText()
D/lights  (  816): lcd : 38 +
W/LicenseLogService(  816): log() is called by non admin
E/EnterpriseContainerManager(  816): ContainerPolicy Service is not yet ready!!!
I/SA      ( 9877): [TPM] There is no property file
W/LicenseLogService(  816): log() is called by non admin
E/EnterpriseContainerManager(  816): ContainerPolicy Service is not yet ready!!!
I/SA      ( 9877): [SCU] isHaveSA() - true
I/Input   ( 9783): injectKeyEvent: KeyEvent { action=ACTION_UP, keyCode=KEYCODE_MENU, scanCode=0, metaState=0, flags=0x0, repeatCount=0, eventTime=9088852, downTime=9088852, deviceId=-1, displayId=0, source=0x101 }
I/SA      ( 9877): [TPM] getModelProperty : null
I/SA      ( 9877): [TPM] getCSCProperty : null
I/InputDispatcher(  816): Delivering key to: action: 0x1 (0)
I/SA      ( 9877): support phone number id : true
I/SA      ( 9877): [DM] init START
I/SpenGestureManager(  816): setFocusWindow0
D/PointerIcon(  816): setMouseIconStyle1 pointerType: 1001iconType:101 flag:0
D/PointerIcon(  816): setMouseCustomIcon IconType is same.101
D/EnterpriseDeviceManager(  816): ContainerId: 0
D/PointerIcon(  816): setHoveringSpenIconStyle1 pointerType: 10001iconType:1 flag:0
D/PointerIcon(  816): setHoveringSpenCustomIcon IconType is same.1
D/AndroidRuntime( 9783): Shutting down VM
I/SA      ( 9877): [DM] SetupWizard doesn't exist
D/STATUSBAR-StatusBarManagerService(  816): manageDisableList what=0x0 pkg=WindowManager.LayoutParams
I/SA      ( 9877): [DM] This device is not a Vodafone
D/dalvikvm( 9783): GC_CONCURRENT freed 100K, 14% free 675K/780K, paused 1ms+1ms, total 4ms
I/SA      ( 9877): support phone number id : true
I/SA      ( 9877): [DM] init END
I/SA      ( 9877): [SUR] onReceive log=[SA = 1.5.0324 V = 19 HWD = 1920X1080 3.0 dpi = 480  SIZE = 2 LOCALE = en_US CSC = VZW MCC = 311 MNC 480 T = user DEVICE = jfltevzw P = jfltevzw I = KOT49H M = SCH-I545 OKLEFT false DIS KOT49H.I545VRUFNC5 PSS = 4.978872676241149  ]
I/SA      ( 9877): [SUR] onReceive Intent=[ action_PACKAGE_REMOVED package ]
D/lights  (  816): lcd : 38 -
D/lights  (  816): lcd : 105 +
D/AbsListView( 1551): unregisterIRListener() is called 
I/ActivityManager(  816): Killing 8563:com.nuance.swype.input/u0a166 (adj 15): empty #31
D/AmazonContract Shop( 2223): com.amazon.mShop.android
D/RampAnimator(  816): Light Animator Finished currentValue=119
I/SELinux ( 9896): Function: selinux_android_load_priority [0], There is no sepolicy file.
I/SELinux ( 9896):  
I/SELinux ( 9896): Function: selinux_android_load_priority [1], There is no sepolicy version file.
I/SELinux ( 9896):  
I/SELinux ( 9896): Function: selinux_android_load_priority , loading version is VE=SEPF_SCH-I545_4.4.2_0011
I/SELinux ( 9896):  
I/SELinux ( 9896):  
I/SELinux ( 9896): selinux_android_seapp_context_reload: seapp_contexts file is loaded from /seapp_contexts
D/lights  (  816): lcd : 105 -
D/lights  (  816): lcd : 119 +
I/AudioService(  816): getStreamVolume 3 index 110
D/lights  (  816): lcd : 119 -
I/SurfaceFlinger(  284): id=222 createSurf (1x1),1 flag=4, Mauncher
D/KeyguardViewMediator( 1220): setHidden false
D/KeyguardUpdateMonitor( 1220): sendKeyguardVisibilityChanged(true)
D/KeyguardUpdateMonitor( 1220): handleKeyguardVisibilityChanged(1)
D/KeyguardViewMediator( 1220): setHidden false
D/KeyguardUpdateMonitor( 1220): sendKeyguardVisibilityChanged(true)
D/KeyguardUpdateMonitor( 1220): handleKeyguardVisibilityChanged(1)
D/AbsListView( 1551): unregisterIRListener() is called 
D/AbsListView( 1551): unregisterIRListener() is called 
D/CapabilityManagerService New( 9896): Receiver Broadcast:android.intent.action.PACKAGE_REMOVED
D/CapabilityManagerService New( 9896): The package(com.phonegap.jeeves) updated
I/SELinux ( 9909): Function: selinux_android_load_priority [0], There is no sepolicy file.
I/SELinux ( 9909):  
I/SELinux ( 9909): Function: selinux_android_load_priority [1], There is no sepolicy version file.
I/SELinux ( 9909):  
I/SELinux ( 9909): Function: selinux_android_load_priority , loading version is VE=SEPF_SCH-I545_4.4.2_0011
I/SELinux ( 9909):  
I/SELinux ( 9909):  
I/SELinux ( 9909): selinux_android_seapp_context_reload: seapp_contexts file is loaded from /seapp_contexts
D/KeyguardViewMediator( 1220): setHidden false
D/KeyguardUpdateMonitor( 1220): sendKeyguardVisibilityChanged(true)
D/KeyguardUpdateMonitor( 1220): handleKeyguardVisibilityChanged(1)
I/ActivityManager(  816): Killing 9120:com.google.android.apps.magazines/u0a85 (adj 15): empty #31
D/KeyguardViewMediator( 1220): setHidden false
D/KeyguardUpdateMonitor( 1220): sendKeyguardVisibilityChanged(true)
D/KeyguardUpdateMonitor( 1220): handleKeyguardVisibilityChanged(1)
I/dalvikvm( 9909): Enabling JNI app bug workarounds for target SDK version 8...
D/dalvikvm(  287): GC_EXPLICIT freed 41K, 36% free 17181K/26484K, paused 2ms+3ms, total 31ms
D/AbsListView( 1551): unregisterIRListener() is called 
D/dalvikvm(  287): GC_EXPLICIT freed <1K, 36% free 17181K/26484K, paused 2ms+3ms, total 23ms
W/qdhwcomposer(  284): Excessive delay reading vsync: took 6449 ms
D/AbsListView( 1551): unregisterIRListener() is called 
D/dalvikvm(  287): GC_EXPLICIT freed <1K, 36% free 17181K/26484K, paused 2ms+3ms, total 24ms
I/PCWCLIENTTRACE_LOG( 9909): DEFAULT_LOGON : true
I/PCWCLIENTTRACE_LOG( 9909): DEFAULT_LOGLEVEL : 3
I/PCWCLIENTTRACE_PushUtil( 9909): SPPPushClient is installed : true
I/PCWCLIENTTRACE_PushUtil( 9909): sales region : global
I/PCWCLIENTTRACE_PushUtil( 9909): getPushTypeList : [SPP, GCM]
I/PCWCLIENTTRACE_SYSTEMReceiver( 9909): [onReceive] - android.intent.action.PACKAGE_REMOVED
I/SELinux ( 9922): Function: selinux_android_load_priority [0], There is no sepolicy file.
I/SELinux ( 9922):  
I/SELinux ( 9922): Function: selinux_android_load_priority [1], There is no sepolicy version file.
I/SELinux ( 9922):  
I/SELinux ( 9922): Function: selinux_android_load_priority , loading version is VE=SEPF_SCH-I545_4.4.2_0011
I/SELinux ( 9922):  
I/SELinux ( 9922):  
I/SELinux ( 9922): selinux_android_seapp_context_reload: seapp_contexts file is loaded from /seapp_contexts
I/ActivityManager(  816): Killing 9029:com.sec.android.app.samsungapps/u0a137 (adj 15): empty #31
I/ContainerAgent( 5289): ContainerManagerService: ContainerManagerService onUnbind()
I/ContainerAgent( 5289): ContainerManagerService: ContainerManagerService onDestroy()
W/ContextImpl( 9922): Calling a method in the system process without a qualified user: android.app.ContextImpl.startService:1824 android.content.ContextWrapper.startService:506 android.content.ContextWrapper.startService:506 com.samsung.android.app.filterinstaller.PackageIntentReceiver.onReceive:53 android.app.ActivityThread.handleReceiver:2552 
W/Settings( 1220): Setting data_roaming has moved from android.provider.Settings.Secure to android.provider.Settings.Global.
D/STATUSBAR-NetworkController( 1220): Data Activity icon disapeared.
D/STATUSBAR-NetworkController( 1220): updateRomaingNotification DataRoaming:false mDataRoamingTypeForVZW : 0
D/STATUSBAR-NetworkController( 1220): refreshSignalCluster: data=0 bt=false
I/SELinux ( 9938): Function: selinux_android_load_priority [0], There is no sepolicy file.
I/SELinux ( 9938):  
I/SELinux ( 9938): Function: selinux_android_load_priority [1], There is no sepolicy version file.
I/SELinux ( 9938):  
I/SELinux ( 9938): Function: selinux_android_load_priority , loading version is VE=SEPF_SCH-I545_4.4.2_0011
I/SELinux ( 9938):  
I/SELinux ( 9938):  
I/SELinux ( 9938): selinux_android_seapp_context_reload: seapp_contexts file is loaded from /seapp_contexts
D/STATUSBAR-SignalClusterView( 1220): isSignalNull=false, mIsAirplaneMode=false, mWifiVisible=true, mMobileStrengthId=2130838118
D/STATUSBAR-SignalClusterView( 1220): data type is gone : mMobileDataState = 0 mBtTetherState = false mHasService = true
D/STATUSBAR-SignalClusterView( 1220): isSignalNull=false, mIsAirplaneMode=false, mWifiVisible=true, mMobileStrengthId=2130838118
D/STATUSBAR-SignalClusterView( 1220): data type is gone : mMobileDataState = 0 mBtTetherState = false mHasService = true
D/STATUSBAR-SignalClusterView( 1220): isSignalNull=false, mIsAirplaneMode=false, mWifiVisible=true, mMobileStrengthId=2130838118
D/STATUSBAR-SignalClusterView( 1220): data type is gone : mMobileDataState = 0 mBtTetherState = false mHasService = true
I/SELinux ( 9948): Function: selinux_android_load_priority [0], There is no sepolicy file.
I/SELinux ( 9948):  
I/SELinux ( 9948): Function: selinux_android_load_priority [1], There is no sepolicy version file.
I/SELinux ( 9948):  
I/SELinux ( 9948): Function: selinux_android_load_priority , loading version is VE=SEPF_SCH-I545_4.4.2_0011
I/SELinux ( 9948):  
I/SELinux ( 9948):  
I/SELinux ( 9948): selinux_android_seapp_context_reload: seapp_contexts file is loaded from /seapp_contexts
D/STATUSBAR-IconMerger( 1220): checkOverflow(504), More:false, Req:false Child:2
D/KeyguardViewMediator( 1220): setHidden false
D/KeyguardUpdateMonitor( 1220): sendKeyguardVisibilityChanged(true)
D/KeyguardUpdateMonitor( 1220): handleKeyguardVisibilityChanged(1)
I/SELinux ( 9962): Function: selinux_android_load_priority [0], There is no sepolicy file.
I/SELinux ( 9962):  
I/SELinux ( 9962): Function: selinux_android_load_priority [1], There is no sepolicy version file.
I/SELinux ( 9962):  
I/SELinux ( 9962): Function: selinux_android_load_priority , loading version is VE=SEPF_SCH-I545_4.4.2_0011
I/SELinux ( 9962):  
I/SELinux ( 9962):  
I/SELinux ( 9962): selinux_android_seapp_context_reload: seapp_contexts file is loaded from /seapp_contexts
I/ActivityManager(  816): Killing 8659:com.amazon.mp3/u0a16 (adj 15): empty #31
I/ActivityManager(  816): Killing 9167:com.fandango/u0a219 (adj 15): empty #31
W/MediaFocusControl(  816):   RemoteControlClient died
V/KeyguardUpdateMonitor( 1220): handleSetGenerationId(g=181, clear=true)
W/ContextImpl( 9922): Calling a method in the system process without a qualified user: android.app.ContextImpl.sendBroadcast:1468 android.content.ContextWrapper.sendBroadcast:377 com.samsung.android.app.filterinstaller.FilterUninstaller.uninstallFilters:43 com.samsung.android.app.filterinstaller.FilterPackageService$ServiceHandler.handleMessage:130 android.os.Handler.dispatchMessage:102 
I/AndroidRuntime( 9922): VM exiting with result code 0, cleanup skipped.
I/ActivityManager(  816): Process com.samsung.android.app.filterinstaller (pid 9922) (adj 0) has died.
I/SELinux ( 9978): Function: selinux_android_load_priority [0], There is no sepolicy file.
I/SELinux ( 9978):  
I/SELinux ( 9978): Function: selinux_android_load_priority [1], There is no sepolicy version file.
I/SELinux ( 9978):  
I/SELinux ( 9978): Function: selinux_android_load_priority , loading version is VE=SEPF_SCH-I545_4.4.2_0011
I/SELinux ( 9978):  
I/SELinux ( 9978):  
I/SELinux ( 9978): selinux_android_seapp_context_reload: seapp_contexts file is loaded from /seapp_contexts
I/ActivityManager(  816): Killing 9208:com.infoscout.receipthog/u0a235 (adj 15): empty #31
I/Mms/MmsApp( 9684):  start initViewCache mms
W/ContextImpl( 9978): Calling a method in the system process without a qualified user: android.app.ContextImpl.startService:1824 android.content.ContextWrapper.startService:506 android.content.ContextWrapper.startService:506 com.android.keychain.KeyChainBroadcastReceiver.onReceive:12 android.app.ActivityThread.handleReceiver:2552 
I/SELinux ( 9991): Function: selinux_android_load_priority [0], There is no sepolicy file.
I/SELinux ( 9991):  
I/SELinux ( 9991): Function: selinux_android_load_priority [1], There is no sepolicy version file.
I/SELinux ( 9991):  
I/SELinux ( 9991): Function: selinux_android_load_priority , loading version is VE=SEPF_SCH-I545_4.4.2_0011
I/SELinux ( 9991):  
I/SELinux ( 9991):  
I/SELinux ( 9991): selinux_android_seapp_context_reload: seapp_contexts file is loaded from /seapp_contexts
D/AndroidRuntime( 9934): 
D/AndroidRuntime( 9934): >>>>>> AndroidRuntime START com.android.internal.os.RuntimeInit <<<<<<
I/ActivityManager(  816): Killing 9246:com.shazam.android/u0a220 (adj 15): empty #31
D/AndroidRuntime( 9934): CheckJNI is OFF
D/AndroidRuntime( 9934): setted country_code = USA
D/AndroidRuntime( 9934): setted countryiso_code = US
D/AndroidRuntime( 9934): setted sales_code = VZW
D/AndroidRuntime( 9934): readGMSProperty: start
D/AndroidRuntime( 9934): readGMSProperty: already setted!!
D/AndroidRuntime( 9934): readGMSProperty: end
D/AndroidRuntime( 9934): addProductProperty: start
D/dalvikvm( 9934): Trying to load lib libjavacore.so 0x0
D/dalvikvm( 9934): Added shared lib libjavacore.so 0x0
D/dalvikvm( 9934): Trying to load lib libnativehelper.so 0x0
D/dalvikvm( 9934): Added shared lib libnativehelper.so 0x0
D/dalvikvm( 9934): No JNI_OnLoad found in libnativehelper.so 0x0, skipping init
E/SharedPreferenceProvider( 9991): onCreate
W/EG1.0.D.EvergladesApplication( 9991): {[9DA925020CE53372A65E446EE35B83FB42B05CFB82F8C72DEFF6EA2A95D60F03]}
I/SDRMUtil( 9991): Installing version : v201311121512
I/SDRMUtil( 9991): Installed version : v201311121512
W/linker  ( 9991): libgnustl_shared.so has text relocations. This is wasting memory and is a security risk. Please fix.
D/dalvikvm( 9991): No JNI_OnLoad found in /system/lib/libgnustl_shared.so 0x428eb678, skipping init
W/linker  ( 9991): libAppAuthWrapper.so has text relocations. This is wasting memory and is a security risk. Please fix.
D/AppAuthManager( 9991): AppAuthWrapper lib has been loaded
W/linker  ( 9991): libAppAuth3779083843.so has text relocations. This is wasting memory and is a security risk. Please fix.
D/AppAuth ( 9991): {[8847dbca27db6eb610a1beb3abd9c6599f80c75d3309aef2481f3fb6d039f661aba31c2af2217799f438044b9ae4c025]}
W/EG1.0.D.EvergladesApplication( 9991): {[39EDD536BBBBC7DE99D872FF0552586D24B98B945D30213DBBC1B2D1B19A2134]}
W/EG1.0.D.InstallManager( 9991): {[DAA2EB6E68377F51E30E6E890BF946AC940DDD3B14BDEA050237D71388D1F888F1AF4CB83E2C780603631E3FE5CE525A0A9173C87C1D15FE97F35FBBE5566517C3049BA7D13CB755BDD711759F2827EB]}
W/EG1.0.D.InstallManager( 9991): {[DAA2EB6E68377F51E30E6E890BF946AC940DDD3B14BDEA050237D71388D1F888F1AF4CB83E2C780603631E3FE5CE525AD7F3D29CD7A70AC165DAC800177C2E153E75FC2989FDED038EFB1B52970174EEFED8868441A5B3E047BFD7C64BAF18BC]}
W/EG1.0.D.InstallManager( 9991): {[DAA2EB6E68377F51E30E6E890BF946AC940DDD3B14BDEA050237D71388D1F888F1AF4CB83E2C780603631E3FE5CE525ADDCD8FD9FFAD88C0E1EBAB1FB968D188183C6F3D61D10652AA2A807B601060DE4DCCBCCE244FC73269EEE721CEE93579]}
W/EG1.0.D.InstallManager( 9991): {[DAA2EB6E68377F51E30E6E890BF946AC940DDD3B14BDEA050237D71388D1F888F1AF4CB83E2C780603631E3FE5CE525A55178B918DD5C21018A76ACFE4DF56B4C961FD9AEF3DF7398DD2D69A378E15FAD1E70BAED258C2158BEE4A97C557503D]}
W/EG1.0.D.InstallManager( 9991): {[DAA2EB6E68377F51E30E6E890BF946AC940DDD3B14BDEA050237D71388D1F888F1AF4CB83E2C780603631E3FE5CE525AA857018323A462FC5FE0F157479D12521E14BD3E06F4DB6BBD92DA81CD7236753D03714592983AD606909AD50879A668]}
W/EG1.0.D.InstallManager( 9991): {[DAA2EB6E68377F51E30E6E890BF946AC940DDD3B14BDEA050237D71388D1F888F1AF4CB83E2C780603631E3FE5CE525AF54C8EEFA7627F6EDBFF01E9BDDB38F91CE9B7E385785990E09C4D685D0C6497C5FAD8D37E89922C65AC83CE80C25DA3]}
W/EG1.0.D.InstallManager( 9991): {[DAA2EB6E68377F51E30E6E890BF946AC940DDD3B14BDEA050237D71388D1F888F1AF4CB83E2C780603631E3FE5CE525A6A27CB16E866242BFCB6E680B236374CA2DEB332B6F2D52406D298B16B6AC5288FD6C077388EEA5643541921CA6664C4]}
W/EG1.0.D.InstallManager( 9991): {[DAA2EB6E68377F51E30E6E890BF946AC940DDD3B14BDEA050237D71388D1F888F1AF4CB83E2C780603631E3FE5CE525A5775C06258987660AA15F47E14A2D867696B0BCED2FC024E62DB620BC4B3D6DE7B5344FB9751340CC0573F9E4595E003]}
W/EG1.0.D.InstallManager( 9991): {[DAA2EB6E68377F51E30E6E890BF946AC940DDD3B14BDEA050237D71388D1F888566E64A66072C6127A608494D64A14FE47C2EF5A1131389AAC376D4542F593E30E3D90693293C54FB552BCA8DE6050A5A11BBEAA1235714E0A287A26C31E6DC5]}
W/EG1.0.D.DebugManager( 9991): {[41DED68587286F9D1A6E1F1A0FFCA51FCB23D08C3DA7127B5D5E5ADA43F27D79]}
W/EG1.0.D.DebugManager( 9991): {[B1BAF225D2CD2F3B0AB4AB3B1F16808B3B5BAB9793E41F34E557D3BED6660A0602AFCF59C911EB3D64ADB757F49A86D6]}
W/System.err( 9991): java.io.FileNotFoundException: /storage/emulated/0/msc_service.prop: open failed: ENOENT (No such file or directory)
W/System.err( 9991): 	at libcore.io.IoBridge.open(IoBridge.java:409)
W/System.err( 9991): 	at java.io.FileInputStream.<init>(FileInputStream.java:78)
W/System.err( 9991): 	at com.sec.log.util.DecryptUtil.readFromFile(DecryptUtil.java:48)
W/System.err( 9991): 	at com.sec.log.util.DecryptUtil.decript(DecryptUtil.java:71)
W/System.err( 9991): 	at com.sec.log.util.DecryptUtil.decrypt(DecryptUtil.java:87)
W/System.err( 9991): 	at com.sec.everglades.manager.debug.DebugManager.loadMSCServiceProperties(DebugManager.java:195)
W/System.err( 9991): 	at com.sec.everglades.manager.debug.DebugManager.<init>(DebugManager.java:117)
W/System.err( 9991): 	at com.sec.everglades.manager.debug.DebugManager.getInstance(DebugManager.java:108)
W/System.err( 9991): 	at com.sec.everglades.main.InitializeManager.createDebugManager(InitializeManager.java:71)
W/System.err( 9991): 	at com.sec.msc.android.common.util.Utils.getDebugManagerHubApkVersion(Utils.java:1499)
W/System.err( 9991): 	at com.sec.everglades.manager.install.InstallManager.isInstalledSamsungHub(InstallManager.java:312)
W/System.err( 9991): 	at com.sec.everglades.manager.install.InstallManager.<init>(InstallManager.java:193)
W/System.err( 9991): 	at com.sec.everglades.manager.install.InstallManager.getInstance(InstallManager.java:82)
W/System.err( 9991): 	at com.sec.everglades.main.InitializeManager.createInstallManager(InitializeManager.java:67)
W/System.err( 9991): 	at com.sec.everglades.manager.install.PackageAddRemoveReceiver.onReceive(PackageAddRemoveReceiver.java:13)
W/System.err( 9991): 	at android.app.ActivityThread.handleReceiver(ActivityThread.java:2552)
W/System.err( 9991): 	at android.app.ActivityThread.access$1800(ActivityThread.java:161)
W/System.err( 9991): 	at android.app.ActivityThread$H.handleMessage(ActivityThread.java:1341)
W/System.err( 9991): 	at android.os.Handler.dispatchMessage(Handler.java:102)
W/System.err( 9991): 	at android.os.Looper.loop(Looper.java:157)
W/System.err( 9991): 	at android.app.ActivityThread.main(ActivityThread.java:5356)
W/System.err( 9991): 	at java.lang.reflect.Method.invokeNative(Native Method)
W/System.err( 9991): 	at java.lang.reflect.Method.invoke(Method.java:515)
W/System.err( 9991): 	at com.android.internal.os.ZygoteInit$MethodAndArgsCaller.run(ZygoteInit.java:1265)
W/System.err( 9991): 	at com.android.internal.os.ZygoteInit.main(ZygoteInit.java:1081)
W/System.err( 9991): 	at dalvik.system.NativeStart.main(Native Method)
W/System.err( 9991): Caused by: libcore.io.ErrnoException: open failed: ENOENT (No such file or directory)
W/System.err( 9991): 	at libcore.io.Posix.open(Native Method)
W/System.err( 9991): 	at libcore.io.BlockGuardOs.open(BlockGuardOs.java:110)
W/System.err( 9991): 	at libcore.io.IoBridge.open(IoBridge.java:393)
W/System.err( 9991): 	... 25 more
W/EG1.0.D.DebugManager( 9991): {[B4BEB6AA1496E1FA812A8AF1534EF2814721FD54CA157C10F8EFCC79459AC791AAB2A2119A14807E4BA09FB27D31EEBB]}
W/EG1.0.D.DebugManager( 9991): {[693CA86BF67A3EB2512C3C77BBC5F77ABA517D7CA24AB86F40A88465147C5DEA7AC77F04A42FA63C08285AD6FF0069E7]}
W/ResourceType( 9991): No package identifier when getting value for resource number 0x00000000
W/EG1.0.D.Profile( 9991): {[5E34939108749948755B4E5B1BEC4A86F59E0A85EB4104558DA68A51879FD3337DF7F81D86D79438C40B0059C8DDAFB9]}
W/EG1.0.D.InstallManager( 9991): {[46D4871B357350EB160DD3779784287938C42979342A59913E992E79FBBB983E]}
W/EG1.0.D.InstallManager( 9991): {[6877CF19F629EBC44933B70F9856FE50E1A8D59F8E4A18449054B55A118D2D19C94AE8DEEE12E69135CAA70B736B16544B100A0DD493A9800400ED0436522F91D6EB8C380E3F60F30A93876AE6C26DD1]}
W/EG1.0.D.DebugManager( 9991): {[693CA86BF67A3EB2512C3C77BBC5F77ABA517D7CA24AB86F40A88465147C5DEA7AC77F04A42FA63C08285AD6FF0069E7]}
W/EG1.0.D.TAG( 9991): {[0B484FB9DC9689D49F9CE0337B35AC9510B85C6C24DCF2BB3E73A9FC78B252C0]}
W/EG1.0.D.SettingPreferenceManager( 9991): {[09F367D335B91AED7E145E226F155C8F7ED3BBD04DF7188AD69C0E3FCA18782F7261CE7338DFF64C68540E8FB65F9D9D]}
W/EG1.0.D.SettingPreferenceManager( 9991): {[559F0B3C3331B610EC8AF733B4363E4C57413A1A90D2B178582E14B3E3D501C2E2EC179B4F78DE1B2B9679A090FBB176]}
W/EG1.0.D.MobileCodeManager( 9991): {[278EAA34700004A25467A0131E44AF5E37EEB5CBAE07DEE093927D3A5C6B72EBAC903E08F8D69CC9463ED8E41923E102]}
W/EG1.0.D.TAG( 9991): {[BB3CEB32F15E866F86077E813A1476F698BADC55C82D413B0CCABF7E81367D0C4A0C9A847F6024F4080BA3D30D64FF08]}
W/EG1.0.D.Profile( 9991): {[4BE812A7716A48B77D2832D02EB9240EBB0AA13D6BA13CA8B1D7B45DDA59AC46EC5901CE74FF16F51CF0884A109DDC5F1770633C33D2A51599FFDD8C367A2686]}
I/wpa_supplicant( 3950): nl80211: Received scan results (34 BSSes)
W/EG1.0.D.InstallManager( 9991): {[6877CF19F629EBC44933B70F9856FE50F7B9261B46738CEF080FCF49A041BC55BE791B97BFD193BB479A39FDD23D95C7B58A589929A11807B739C6FCC93FCCE78E0C0E78E61EECF6FC815396735259E4]}
W/EG1.0.D.DebugManager( 9991): {[693CA86BF67A3EB2512C3C77BBC5F77ABA517D7CA24AB86F40A88465147C5DEA7AC77F04A42FA63C08285AD6FF0069E7]}
W/EG1.0.D.Profile( 9991): {[0C4EE0286F19BCB6FDDD6750961500FC02F87C66A0F9DB93FEA0B3531CF4E98A72716952F56CFAF20419FED31DE49060]}
W/EG1.0.D.InstallManager( 9991): {[6877CF19F629EBC44933B70F9856FE50E05BEAC30B3DAE023B683F47DC93775979CF3EA8D46FE010AF592F250F2E06F722731E275667137554D3B7F342F748B64EDF920D6B6C6AAEE71E3BC3C297AD51]}
W/EG1.0.D.DebugManager( 9991): {[693CA86BF67A3EB2512C3C77BBC5F77ABA517D7CA24AB86F40A88465147C5DEA7AC77F04A42FA63C08285AD6FF0069E7]}
W/EG1.0.D.Profile( 9991): {[7C437909ADE8DC8B1993B712207F0117D33DDBE8BFA66D9606B18102B80B77435C3D887BEDFEBC4F1FBFF7C83B9AA6CE469CDE36BC719CFAA803E01EE3D6DD69]}
W/EG1.0.D.InstallManager( 9991): {[6877CF19F629EBC44933B70F9856FE5094853713605E8673B1C37BD21BE1B0D2B5E486377909F042D9CD10F876532B78D16B532CDC35D7B3B3BD3EE17CE35875680882533D06470C316FE6633A6DE997]}
W/EG1.0.D.DebugManager( 9991): {[693CA86BF67A3EB2512C3C77BBC5F77ABA517D7CA24AB86F40A88465147C5DEA7AC77F04A42FA63C08285AD6FF0069E7]}
E/memtrack( 9934): Couldn't load memtrack module (No such file or directory)
E/android.os.Debug( 9934): failed to load memtrack module: -2
W/EG1.0.D.Profile( 9991): {[B16F4C1D1BFBD0CA1B01DE39F72469493AAC0DAC677A72181948C4065FCC8CF7B3EE0EEE7A370FBE2F7234566355BAFE0DDC8127D99D8059C3DDC86C1E834D27]}
D/WifiNotificationController(  816): showOngoingWifiNotification show : true, id : 17303492
I/WifiNotificationController(  816): showVzwWifiNotification: false
W/EG1.0.D.InstallManager( 9991): {[6877CF19F629EBC44933B70F9856FE5039C83ADB361FC087307211C9FB39EAA4C571BB1E4368556E61759DEB5ECFE70D3621FC164BB927EB60B2BB635EA6C503DB8F07D9262BE08E32C20AC4C9EE0CD9]}
W/EG1.0.D.DebugManager( 9991): {[693CA86BF67A3EB2512C3C77BBC5F77ABA517D7CA24AB86F40A88465147C5DEA7AC77F04A42FA63C08285AD6FF0069E7]}
W/EG1.0.D.InstallManager( 9991): {[46D4871B357350EB160DD3779784287938C42979342A59913E992E79FBBB983E]}
W/EG1.0.D.InstallManager( 9991): {[6877CF19F629EBC44933B70F9856FE50E1A8D59F8E4A18449054B55A118D2D19C94AE8DEEE12E69135CAA70B736B16544B100A0DD493A9800400ED0436522F91D6EB8C380E3F60F30A93876AE6C26DD1]}
W/EG1.0.D.DebugManager( 9991): {[693CA86BF67A3EB2512C3C77BBC5F77ABA517D7CA24AB86F40A88465147C5DEA7AC77F04A42FA63C08285AD6FF0069E7]}
W/EG1.0.D.SettingPreferenceManager( 9991): {[09F367D335B91AED7E145E226F155C8F7ED3BBD04DF7188AD69C0E3FCA18782F7261CE7338DFF64C68540E8FB65F9D9D]}
W/EG1.0.D.SettingPreferenceManager( 9991): {[559F0B3C3331B610EC8AF733B4363E4C57413A1A90D2B178582E14B3E3D501C2E2EC179B4F78DE1B2B9679A090FBB176]}
W/EG1.0.D.Profile( 9991): {[4BE812A7716A48B77D2832D02EB9240EBB0AA13D6BA13CA8B1D7B45DDA59AC46EC5901CE74FF16F51CF0884A109DDC5F1770633C33D2A51599FFDD8C367A2686]}
W/EG1.0.D.InstallManager( 9991): {[6877CF19F629EBC44933B70F9856FE50F7B9261B46738CEF080FCF49A041BC55BE791B97BFD193BB479A39FDD23D95C7B58A589929A11807B739C6FCC93FCCE78E0C0E78E61EECF6FC815396735259E4]}
W/EG1.0.D.DebugManager( 9991): {[693CA86BF67A3EB2512C3C77BBC5F77ABA517D7CA24AB86F40A88465147C5DEA7AC77F04A42FA63C08285AD6FF0069E7]}
W/EG1.0.D.InstallManager( 9991): {[6877CF19F629EBC44933B70F9856FE50E05BEAC30B3DAE023B683F47DC93775979CF3EA8D46FE010AF592F250F2E06F722731E275667137554D3B7F342F748B64EDF920D6B6C6AAEE71E3BC3C297AD51]}
W/EG1.0.D.DebugManager( 9991): {[693CA86BF67A3EB2512C3C77BBC5F77ABA517D7CA24AB86F40A88465147C5DEA7AC77F04A42FA63C08285AD6FF0069E7]}
W/EG1.0.D.InstallManager( 9991): {[6877CF19F629EBC44933B70F9856FE5094853713605E8673B1C37BD21BE1B0D2B5E486377909F042D9CD10F876532B78D16B532CDC35D7B3B3BD3EE17CE35875680882533D06470C316FE6633A6DE997]}
W/EG1.0.D.DebugManager( 9991): {[693CA86BF67A3EB2512C3C77BBC5F77ABA517D7CA24AB86F40A88465147C5DEA7AC77F04A42FA63C08285AD6FF0069E7]}
W/EG1.0.D.InstallManager( 9991): {[6877CF19F629EBC44933B70F9856FE5039C83ADB361FC087307211C9FB39EAA4C571BB1E4368556E61759DEB5ECFE70D3621FC164BB927EB60B2BB635EA6C503DB8F07D9262BE08E32C20AC4C9EE0CD9]}
W/EG1.0.D.DebugManager( 9991): {[693CA86BF67A3EB2512C3C77BBC5F77ABA517D7CA24AB86F40A88465147C5DEA7AC77F04A42FA63C08285AD6FF0069E7]}
W/EG1.0.D.DebugManager( 9991): {[693CA86BF67A3EB2512C3C77BBC5F77ABA517D7CA24AB86F40A88465147C5DEA7AC77F04A42FA63C08285AD6FF0069E7]}
D/dalvikvm( 9934): Note: class Landroid/app/ActivityManagerNative; has 187 unimplemented (abstract) methods
W/EG1.0.D.com.sec.everglades.widget.EvergladesWidgetProvider( 9991): {[7ED70924CFE2E2078BEA0BDB4E4E9EB68FE3579D0CF0C0C71F94E00A4249F3B2]}
D/Mms/ComposeMessageFragment( 9684): fillCache, easy = false
W/EG1.0.D.com.sec.everglades.widget.EvergladesWidgetProvider( 9991): {[A36E55454916D0BE88191A59A715BC94656CD5939242E91AA6EBEC49CA25669BE2D5F1890404ADC7C9CFBDB8632DDA9E5BE00A9A27C278E2F5F6B80FEBC23537]}
I/SELinux (10012): Function: selinux_android_load_priority [0], There is no sepolicy file.
I/SELinux (10012):  
I/SELinux (10012): Function: selinux_android_load_priority [1], There is no sepolicy version file.
I/SELinux (10012):  
I/SELinux (10012): Function: selinux_android_load_priority , loading version is VE=SEPF_SCH-I545_4.4.2_0011
I/SELinux (10012):  
I/SELinux (10012):  
I/SELinux (10012): selinux_android_seapp_context_reload: seapp_contexts file is loaded from /seapp_contexts
I/ActivityManager(  816): Killing 9279:com.pandora.android/u0a233 (adj 15): empty #31
D/AndroidRuntime( 9934): Calling main entry com.android.commands.am.Am
D/checkbox( 9684): setButtonDrawable(Drawable d) mButtonBgHasBeenSet=false
D/checkbox( 9684): This is checkbox with ADVANCED_VI_EFFECTS enabled
D/LocationManagerService(  816): Not screening locations
D/checkbox( 9684): setChecked(1) checked=false, mCheckBoxAnimationEnabled=true, mIsAttached=false
D/checkbox( 9684): checkMarkDrawable=android.graphics.drawable.StateListDrawable@42b2fc68, checkRectangleDrawable=android.graphics.drawable.StateListDrawable@42b48980, enabled=true
E/EnterpriseContainerManager(  816): ContainerPolicy Service is not yet ready!!!
D/EnterpriseDeviceManager(  816): ContainerId: 0
V/ApplicationPolicy(  816): isApplicationStateBlocked userId 0 pkgname com.phonegap.jeeves
I/SurfaceFlinger(  284): id=223 createSurf (16x16),-1 flag=20004, EimLayer
D/dalvikvm( 1707): GC_CONCURRENT freed 1990K, 27% free 19561K/26484K, paused 3ms+6ms, total 67ms
I/SurfaceFlinger(  284): id=224 createSurf (16x16),-1 flag=20004, EimLayer
D/KeyguardViewMediator( 1220): setHidden false
D/KeyguardUpdateMonitor( 1220): sendKeyguardVisibilityChanged(true)
D/KeyguardUpdateMonitor( 1220): handleKeyguardVisibilityChanged(1)
W/ActivityManager(  816): mDVFSHelper.acquire()
D/Launcher.HomeView( 1551): onPause
W/ContextImpl(  816): Calling a method in the system process without a qualified user: android.app.ContextImpl.sendBroadcast:1482 com.android.server.am.ActivityStack.startPausingLocked:1006 com.android.server.am.ActivityStackSupervisor.pauseBackStacks:677 com.android.server.am.ActivityStack.resumeTopActivityLocked:1941 com.android.server.am.ActivityStackSupervisor.resumeTopActivitiesLocked:3099 
D/EnterpriseDeviceManager(  816): ContainerId: 0
D/Launcher.Workspace( 1551): exitWidgetResizeMode State: NORMAL, newDragStarted: false
I/SurfaceFlinger(  284): id=225 createSurf (1x1),1 flag=404, keeves
D/STATUSBAR-StatusBarManagerService(  816): manageDisableList what=0x0 pkg=WindowManager.LayoutParams
V/SmartFaceService - 3rd party pause(  816): onReceive [android.intent.action.ACTIVITY_STATE/com.sec.android.app.launcher/pause]
D/KeyguardViewMediator( 1220): setHidden false
D/KeyguardUpdateMonitor( 1220): sendKeyguardVisibilityChanged(true)
D/KeyguardUpdateMonitor( 1220): handleKeyguardVisibilityChanged(1)
I/ActivityManager(  816): Killing 9309:com.sec.android.app.popupuireceiver/1000 (adj 15): empty #31
D/KeyguardViewMediator( 1220): setHidden false
D/KeyguardUpdateMonitor( 1220): sendKeyguardVisibilityChanged(true)
D/KeyguardUpdateMonitor( 1220): handleKeyguardVisibilityChanged(1)
D/PointerIcon(  816): setMouseIconStyle1 pointerType: 1001iconType:101 flag:0
D/PointerIcon(  816): setMouseCustomIcon IconType is same.101
D/PointerIcon(  816): setHoveringSpenIconStyle1 pointerType: 10001iconType:1 flag:0
D/PointerIcon(  816): setHoveringSpenCustomIcon IconType is same.1
I/SELinux (10028): Function: selinux_android_load_priority [0], There is no sepolicy file.
I/SELinux (10028):  
I/SELinux (10028): Function: selinux_android_load_priority [1], There is no sepolicy version file.
I/SELinux (10028):  
I/SELinux (10028): Function: selinux_android_load_priority , loading version is VE=SEPF_SCH-I545_4.4.2_0011
I/SELinux (10028):  
I/SELinux (10028):  
I/SELinux (10028): selinux_android_seapp_context_reload: seapp_contexts file is loaded from /seapp_contexts
D/AbsListView( 1551): unregisterIRListener() is called 
D/dalvikvm(10028): Late-enabling CheckJNI
D/KeyguardViewMediator( 1220): setHidden false
D/KeyguardUpdateMonitor( 1220): sendKeyguardVisibilityChanged(true)
D/KeyguardUpdateMonitor( 1220): handleKeyguardVisibilityChanged(1)
I/SELinux (10040): Function: selinux_android_load_priority [0], There is no sepolicy file.
I/SELinux (10040):  
I/SELinux (10040): Function: selinux_android_load_priority [1], There is no sepolicy version file.
I/SELinux (10040):  
I/SELinux (10040): Function: selinux_android_load_priority , loading version is VE=SEPF_SCH-I545_4.4.2_0011
I/SELinux (10040):  
I/SELinux (10040):  
I/SELinux (10040): selinux_android_seapp_context_reload: seapp_contexts file is loaded from /seapp_contexts
V/WindowOrientationListener(  816): mSContextAutoRotationListener.getProposedRotation, mbResultFaceDectection: false
V/WindowOrientationListener(  816): mSContextAutoRotationListener.getProposedRotation, Rotation: -1
V/WindowOrientationListener(  816): mSContextAutoRotationListener.getProposedRotation, mbResultFaceDectection: false
V/WindowOrientationListener(  816): mSContextAutoRotationListener.getProposedRotation, Rotation: -1
D/Launcher.HomeView( 1551): onStop
D/SurfaceWidgetConnection( 1551): .SurfaceWidgetWeather#1 is being paused by launcher
D/SurfaceWidgetClient$ISurfaceWidgetStub( 1798): [123491/1] Surface widget pause on instance = 1
D/AbsListView( 1551): onVisibilityChanged() is called, visibility : 4
D/AbsListView( 1551): unregisterIRListener() is called 
D/SurfaceWidgetView( 1551): onVisibilityChanged
D/accuweather( 1798): [Accuweather J]>>> SWW:208 [0:0] [SWW] onPause : rI = 1
D/SurfaceWidgetClient$ISurfaceWidgetStub( 1798): [123491/1] Surface widget visibility changed visibility = false on instance = 1
D/accuweather( 1798): [Accuweather J]>>> SWW:218 [0:0] [SWW] onPause : size = 0
D/accuweather( 1798): [Accuweather J]>>> SWW:626 [0:0]  unRegisterTTReceiver !! 
D/AbsListView( 1551): onDetachedFromWindow
D/AbsListView( 1551): unregisterIRListener() is called 
D/KeyguardViewMediator( 1220): setHidden false
D/KeyguardUpdateMonitor( 1220): sendKeyguardVisibilityChanged(true)
D/KeyguardUpdateMonitor( 1220): handleKeyguardVisibilityChanged(1)
V/WindowManager(  816): rotationForOrientationLw(orient=-1, last=0); user=0  sensorRotation=-1 mLidState=-1 mDockMode=0 mHdmiPlugged=false mAccelerometerDefault=false gripRotationLock=false
W/ContextImpl(  816): Calling a method in the system process without a qualified user: android.app.ContextImpl.sendBroadcast:1482 com.android.server.am.ActivityStackSupervisor.realStartActivityLocked:1161 com.android.server.am.ActivityStackSupervisor.attachApplicationLocked:595 com.android.server.am.ActivityManagerService.attachApplicationLocked:6026 com.android.server.am.ActivityManagerService.attachApplication:6086 
D/SurfaceWidgetView( 1551): destroyHardwareResources():1119619328
D/KeyguardViewMediator( 1220): setHidden false
D/KeyguardUpdateMonitor( 1220): sendKeyguardVisibilityChanged(true)
D/KeyguardUpdateMonitor( 1220): handleKeyguardVisibilityChanged(1)
D/KeyguardViewMediator( 1220): setHidden false
D/KeyguardUpdateMonitor( 1220): sendKeyguardVisibilityChanged(true)
D/KeyguardUpdateMonitor( 1220): handleKeyguardVisibilityChanged(1)
D/EnterpriseDeviceManager(  816): ContainerId: 0
D/KeyguardViewMediator( 1220): setHidden false
D/KeyguardUpdateMonitor( 1220): sendKeyguardVisibilityChanged(true)
W/qdhwcomposer(  284): Excessive delay reading vsync: took 897 ms
D/KeyguardViewMediator( 1220): setHidden false
D/KeyguardUpdateMonitor( 1220): sendKeyguardVisibilityChanged(true)
D/Launcher( 1551): onTrimMemory. Level: 20
D/KeyguardViewMediator( 1220): setHidden false
D/KeyguardUpdateMonitor( 1220): sendKeyguardVisibilityChanged(true)
D/STATUSBAR-StatusBarManagerService(  816): manageDisableList what=0x0 pkg=WindowManager.LayoutParams
D/KeyguardViewMediator( 1220): setHidden false
D/KeyguardUpdateMonitor( 1220): sendKeyguardVisibilityChanged(true)
D/SurfaceWidget.Renderer( 1798): [123491/1] SurfaceWidgetRenderer waiting: 1 (Thread[Thread-114,5,main])
D/accuweather( 1798): [Accuweather J]>>> WCD:1428 [0:0] cARH()
D/accuweather( 179