D/CordovaLog( 8579): about:blank: Line 0 : Refused to display 'https://accounts.google.com/o/oauth2/auth?client_id=718585900559-24g02h03tqtiiui9cdnl80a1m3a82q2l.apps.googleusercontent.com&scope=https%3A%2F%2Fwww.googleapis.com%2Fauth%2Fgmail.readonly&immediate=true&include_granted_scopes=true&proxy=oauth2relay858379040&redirect_uri=postmessage&origin=file%3A%2F%2F&response_type=token&state=296484668%7C0.63894192&authuser=0' in a frame because it set 'X-Frame-Options' to 'SAMEORIGIN'.
I/chromium( 8579): [INFO:CONSOLE(0)] "Refused to display 'https://accounts.google.com/o/oauth2/auth?client_id=718585900559-24g02h03tqtiiui9cdnl80a1m3a82q2l.apps.googleusercontent.com&scope=https%3A%2F%2Fwww.googleapis.com%2Fauth%2Fgmail.readonly&immediate=true&include_granted_scopes=true&proxy=oauth2relay858379040&redirect_uri=postmessage&origin=file%3A%2F%2F&response_type=token&state=296484668%7C0.63894192&authuser=0' in a frame because it set 'X-Frame-Options' to 'SAMEORIGIN'.", source: about:blank (0)
E/EnterpriseContainerManager(  816): ContainerPolicy Service is not yet ready!!!
D/EnterpriseDeviceManager(  816): ContainerId: 0
E/EnterpriseContainerManager(  816): ContainerPolicy Service is not yet ready!!!
E/EnterpriseContainerManager(  816): ContainerPolicy Service is not yet ready!!!
W/LicenseLogService(  816): log() is called by non admin
D/Finsky  ( 8779): [1] FinskyApp.onCreate: Initializing network with DFE https://android.clients.google.com/fdfe/
E/MP-Decision( 2041): num online cores: 4 reqd : 3 available : 4 rq_depth:2.000000 hotplug_avg_load_dw: 132
E/MP-Decision( 2041): DOWN cpu:3 core_idx:3 Ns:3.100000 Ts:240 rq:2.000000 seq:245.000000
D/Finsky  ( 8779): [1] DailyHygiene.goMakeHygieneIfDirty: No need to run daily hygiene.
W/Settings( 8779): Setting download_manager_max_bytes_over_mobile has moved from android.provider.Settings.Secure to android.provider.Settings.Global.
W/Settings( 8779): Setting download_manager_recommended_max_bytes_over_mobile has moved from android.provider.Settings.Secure to android.provider.Settings.Global.
E/EnterpriseContainerManager(  816): ContainerPolicy Service is not yet ready!!!
D/EnterpriseDeviceManager(  816): ContainerId: 0
E/EnterpriseContainerManager(  816): ContainerPolicy Service is not yet ready!!!
E/EnterpriseContainerManager(  816): ContainerPolicy Service is not yet ready!!!
W/LicenseLogService(  816): log() is called by non admin
I/SELinux ( 8812): Function: selinux_android_load_priority [0], There is no sepolicy file.
I/SELinux ( 8812):  
I/SELinux ( 8812): Function: selinux_android_load_priority [1], There is no sepolicy version file.
I/SELinux ( 8812):  
I/SELinux ( 8812): Function: selinux_android_load_priority , loading version is VE=SEPF_SCH-I545_4.4.2_0011
I/SELinux ( 8812):  
I/SELinux ( 8812):  
I/SELinux ( 8812): selinux_android_seapp_context_reload: seapp_contexts file is loaded from /seapp_contexts
I/ActivityManager(  816): Killing 6640:com.android.mms/u0a150 (adj 15): empty #31
I/SELinux ( 8824): Function: selinux_android_load_priority [0], There is no sepolicy file.
I/SELinux ( 8824):  
I/SELinux ( 8824): Function: selinux_android_load_priority [1], There is no sepolicy version file.
I/SELinux ( 8824):  
I/SELinux ( 8824): Function: selinux_android_load_priority , loading version is VE=SEPF_SCH-I545_4.4.2_0011
I/SELinux ( 8824):  
I/SELinux ( 8824):  
I/SELinux ( 8824): selinux_android_seapp_context_reload: seapp_contexts file is loaded from /seapp_contexts
D/Finsky  ( 8779): [1] 2.run: Loaded library for account: [6n0BuMGZzFSInCxg5Qv677soo_Q]
D/Finsky  ( 8779): [1] 2.run: Finished loading 1 libraries.
I/ActivityManager(  816): Killing 8254:com.sec.android.widgetapp.alarmwidget/u0a6 (adj 15): empty #31
I/SELinux ( 8812): Function: selinux_android_load_priority [0], There is no sepolicy file.
I/SELinux ( 8812):  
I/SELinux ( 8812): Function: selinux_android_load_priority [1], There is no sepolicy version file.
I/SELinux ( 8812):  
I/SELinux ( 8812): Function: selinux_android_load_priority , loading version is VE=SEPF_SCH-I545_4.4.2_0011
I/SELinux ( 8812):  
I/SELinux ( 8812):  
I/SELinux ( 8812): get_selabel_handle: file_contexts is loaded from /file_contexts
D/dalvikvm( 8824): Trying to load lib /data/app-lib/com.google.android.apps.plus-6/libcrashreporter.so 0x428f2498
D/dalvikvm( 8824): Added shared lib /data/app-lib/com.google.android.apps.plus-6/libcrashreporter.so 0x428f2498
D/ContentApp( 8812): ContentApp()
D/MediaProvider( 8812): Attached volume: internal
D/ContentApp( 8812): create cache if media mounted.. media : mounted
W/linker  ( 8812): libfacerecognition.so has text relocations. This is wasting memory and is a security risk. Please fix.
D/MediaProvider( 8812): new PersonDataBaseHelper()
D/MediaScanner( 8812): Scanner initMutex res = 0
E/EnterpriseContainerManager(  816): ContainerPolicy Service is not yet ready!!!
D/EnterpriseDeviceManager(  816): ContainerId: 0
E/EnterpriseContainerManager(  816): ContainerPolicy Service is not yet ready!!!
W/LicenseLogService(  816): log() is called by non admin
E/EnterpriseContainerManager(  816): ContainerPolicy Service is not yet ready!!!
E/EnterpriseContainerManager(  816): ContainerPolicy Service is not yet ready!!!
D/EnterpriseDeviceManager(  816): ContainerId: 0
E/EnterpriseContainerManager(  816): ContainerPolicy Service is not yet ready!!!
W/LicenseLogService(  816): log() is called by non admin
E/EnterpriseContainerManager(  816): ContainerPolicy Service is not yet ready!!!
E/EnterpriseContainerManager(  816): ContainerPolicy Service is not yet ready!!!
D/EnterpriseDeviceManager(  816): ContainerId: 0
E/EnterpriseContainerManager(  816): ContainerPolicy Service is not yet ready!!!
E/EnterpriseContainerManager(  816): ContainerPolicy Service is not yet ready!!!
W/LicenseLogService(  816): log() is called by non admin
E/EnterpriseContainerManager(  816): ContainerPolicy Service is not yet ready!!!
D/EnterpriseDeviceManager(  816): ContainerId: 0
E/EnterpriseContainerManager(  816): ContainerPolicy Service is not yet ready!!!
E/EnterpriseContainerManager(  816): ContainerPolicy Service is not yet ready!!!
E/EnterpriseContainerManager(  816): ContainerPolicy Service is not yet ready!!!
D/EnterpriseDeviceManager(  816): ContainerId: 0
E/EnterpriseContainerManager(  816): ContainerPolicy Service is not yet ready!!!
E/EnterpriseContainerManager(  816): ContainerPolicy Service is not yet ready!!!
W/LicenseLogService(  816): log() is called by non admin
W/LicenseLogService(  816): log() is called by non admin
E/EnterpriseContainerManager(  816): ContainerPolicy Service is not yet ready!!!
D/EnterpriseDeviceManager(  816): ContainerId: 0
E/EnterpriseContainerManager(  816): ContainerPolicy Service is not yet ready!!!
W/LicenseLogService(  816): log() is called by non admin
E/EnterpriseContainerManager(  816): ContainerPolicy Service is not yet ready!!!
I/SELinux ( 8849): Function: selinux_android_load_priority [0], There is no sepolicy file.
I/SELinux ( 8849):  
I/SELinux ( 8849): Function: selinux_android_load_priority [1], There is no sepolicy version file.
I/SELinux ( 8849):  
I/SELinux ( 8849): Function: selinux_android_load_priority , loading version is VE=SEPF_SCH-I545_4.4.2_0011
I/SELinux ( 8849):  
I/SELinux ( 8849):  
I/SELinux ( 8849): selinux_android_seapp_context_reload: seapp_contexts file is loaded from /seapp_contexts
E/MP-Decision( 2041): num online cores: 3 reqd : 4 available : 4 rq_depth:7.700000 hotplug_avg_load_dw: 197
E/MP-Decision( 2041): UP cpu:1 core_idx:1 Nw:1.900000 Tw:140 rq:7.700000 seq:0.000000
E/MP-Decision( 2041): UP cpu:2 core_idx:2 Nw:2.700000 Tw:90 rq:7.700000 seq:0.000000
E/MP-Decision( 2041): UP cpu:3 core_idx:3 Nw:3.500000 Tw:90 rq:7.700000 seq:98.000000
D/GetJar SDK [com.jb.gosms]( 7478): LOGGING|CONFIG: AppenderBase: configureAppender() Appender com.getjar.sdk.logging.LogCatAppender configured [enabled=true level=WARN areas=ALL]
D/GetJar SDK [com.jb.gosms]( 7478): LOGGING|CONFIG: AppenderBase: configureAppender() Appender com.getjar.sdk.logging.RemoteAppender configured [enabled=false level=WARN areas=ALL]
I/patts   (32262): [android_project_file.cc:35] Loading "/data/data/com.google.android.tts/app_voices_v2/en-us-x-sfg-diphone-usel/resolve_homographs_simple_us.pb" ...
D/MediaProvider( 8812): Attached volume: external
I/patts   (32262): [android_project_file.cc:35] Loading "/data/data/com.google.android.tts/app_voices_v2/en-us-x-sfg-diphone-usel/mapping_grammar_android.far" ...
I/patts   (32262): [grm-manager.h:57] Loading FST archive from "/data/data/com.google.android.tts/app_voices_v2/en-us-x-sfg-diphone-usel/mapping_grammar_android.far" ...
I/patts   (32262): [android_project_file.cc:35] Loading "/data/data/com.google.android.tts/app_voices_v2/en-us-x-sfg-diphone-usel/roman_numeral_contexts.pb" ...
I/patts   (32262): [android_project_file.cc:35] Loading "/data/data/com.google.android.tts/app_voices_v2/en-us-x-sfg-diphone-usel/roman_numeral_android.far" ...
I/patts   (32262): [grm-manager.h:57] Loading FST archive from "/data/data/com.google.android.tts/app_voices_v2/en-us-x-sfg-diphone-usel/roman_numeral_android.far" ...
I/patts   (32262): [android_project_file.cc:35] Loading "/data/data/com.google.android.tts/app_voices_v2/en-us-x-sfg-diphone-usel/verbalize_android.far" ...
I/patts   (32262): [grm-manager.h:57] Loading FST archive from "/data/data/com.google.android.tts/app_voices_v2/en-us-x-sfg-diphone-usel/verbalize_android.far" ...
I/patts   (32262): [android_project_file.cc:35] Loading "/data/data/com.google.android.tts/app_voices_v2/en-us-x-sfg-diphone-usel/textnorm_params_embedded.pb" ...
I/patts   (32262): [android_project_file.cc:35] Loading "/data/data/com.google.android.tts/app_voices_v2/en-us-x-sfg-diphone-usel/resolve_homographs_simple_us.pb" ...
I/dalvikvm( 8849): DexOpt: access denied from Lorg/slf4j/LoggerFactory; to field Lorg/slf4j/impl/StaticLoggerBinder;.SINGLETON
W/dalvikvm( 8849): VFY: unable to resolve static field 16489 (SINGLETON) in Lorg/slf4j/impl/StaticLoggerBinder;
D/dalvikvm( 8849): VFY: replacing opcode 0x62 at 0x0006
I/dalvikvm( 8849): DexOpt: access denied from Lorg/slf4j/LoggerFactory; to field Lorg/slf4j/impl/StaticLoggerBinder;.SINGLETON
W/dalvikvm( 8849): VFY: unable to resolve static field 16489 (SINGLETON) in Lorg/slf4j/impl/StaticLoggerBinder;
D/dalvikvm( 8849): VFY: replacing opcode 0x62 at 0x001d
I/patts   (32262): [android_project_file.cc:35] Loading "/data/data/com.google.android.tts/app_voices_v2/en-us-x-sfg-diphone-usel/g2p_m3_syls0_stress0_en-US.fst" ...
I/patts   (32262): [compact_fst.cc:31] Loading FST from "/data/data/com.google.android.tts/app_voices_v2/en-us-x-sfg-diphone-usel/g2p_m3_syls0_stress0_en-US.fst" ...
D/ContentApp( 8812): ContentApp()
D/MediaProvider( 8812): Attached volume: internal
D/ContentApp( 8812): create cache if media mounted.. media : mounted
D/MediaProvider( 8812): new PersonDataBaseHelper()
D/MediaScanner( 8812): Scanner initMutex res = 0
V/WebViewChromium( 8849): Binding Chromium to the main looper Looper (main, tid 1) {428ea2d0}
I/chromium( 8849): [INFO:library_loader_hooks.cc(112)] Chromium logging enabled: level = 0, default verbosity = 0
I/BrowserProcessMain( 8849): Initializing chromium process, renderers=0
W/chromium( 8849): [WARNING:proxy_service.cc(888)] PAC support disabled because there is no system implementation
W/ApplicationPackageManager( 8849): getCSCPackageItemText()
I/Adreno-EGL( 8849): <qeglDrvAPI_eglInitialize:381>: EGL 1.4 QUALCOMM build:  (CL3869936)
I/Adreno-EGL( 8849): OpenGL ES Shader Compiler Version: 17.01.11.SPL
I/Adreno-EGL( 8849): Build Date: 01/17/14 Fri
I/Adreno-EGL( 8849): Local Branch: 
I/Adreno-EGL( 8849): Remote Branch: 
I/Adreno-EGL( 8849): Local Patches: 
I/Adreno-EGL( 8849): Reconstruct Branch: 
D/Finsky  ( 8779): [1] GmsCoreHelper.cleanupNlp: result=false type=4
D/MediaProvider( 8812): Attached volume: external
D/Finsky  ( 8779): [1] RestoreTracker.stopServiceIfDone: Restore complete with 0 success and 0 failed.
I/ZEDGE   ( 8849): Zedge logger log level set to ERROR
I/ZEDGE   ( 8849): Ln log level set to INFO
I/ZEDGE   ( 8849): Received package intent: Intent { act=android.intent.action.PACKAGE_REMOVED dat=package:com.phonegap.jeeves flg=0x4000010 cmp=net.zedge.android/.service.AppInstallTrackerServiceReceiver (has extras) } (com.phonegap.jeeves)
I/ZEDGE   ( 8849): Received package intent: android.intent.action.PACKAGE_REMOVED
I/GetJar SDK [com.jb.gosms.theme.getjar.android](10599): CommManager checkManifestFile started
E/EnterpriseContainerManager(  816): ContainerPolicy Service is not yet ready!!!
D/EnterpriseDeviceManager(  816): ContainerId: 0
I/SELinux ( 8893): Function: selinux_android_load_priority [0], There is no sepolicy file.
I/SELinux ( 8893):  
I/SELinux ( 8893): Function: selinux_android_load_priority [1], There is no sepolicy version file.
I/SELinux ( 8893):  
I/SELinux ( 8893): Function: selinux_android_load_priority , loading version is VE=SEPF_SCH-I545_4.4.2_0011
I/SELinux ( 8893):  
I/SELinux ( 8893):  
I/SELinux ( 8893): selinux_android_seapp_context_reload: seapp_contexts file is loaded from /seapp_contexts
W/GetJar SDK [com.jb.gosms.theme.getjar.android](10599): [OPTIONAL] Could not find the com.getjar.sdk.rewards.GetJarReceiver defined inside AndroidManifest.xml. It is required if there is no other implementation of Google Play billing.
D/dalvikvm(  287): GC_EXPLICIT freed 43K, 36% free 17181K/26484K, paused 2ms+2ms, total 27ms
D/dalvikvm(  287): GC_EXPLICIT freed <1K, 36% free 17181K/26484K, paused 2ms+2ms, total 22ms
I/GetJar SDK [com.jb.gosms.theme.getjar.android](10599): AuthFlow: ensureAuthInternal() state:STARTING
I/GetJar SDK [com.jb.gosms.theme.getjar.android](10599): AuthFlow: ensureAuthInternal() [running auth-flow]
I/GetJar SDK [com.jb.gosms.theme.getjar.android](10599): AuthFlow: ensureAuthInternal() finishing with state:EXPIRY_CHECKING
D/dalvikvm(  287): GC_EXPLICIT freed <1K, 36% free 17181K/26484K, paused 1ms+2ms, total 23ms
I/ActivityManager(  816): Killing 8268:com.sec.android.widgetapp.digitalclock/u0a40 (adj 15): empty #31
D/dalvikvm(10599): GC_CONCURRENT freed 2097K, 32% free 18254K/26484K, paused 2ms+15ms, total 105ms
D/dalvikvm(10599): WAIT_FOR_CONCURRENT_GC blocked 29ms
D/CatchMeIfYouCan( 8893): Process (dash) ca: '/data/data/com.facebook.katana/app_cmiyc/0C66B38F48468E96F8008B6D5A2AE33B4A60265E01'
D/CatchMeIfYouCan( 8893): Process (dash) fc: '/data/data/com.facebook.katana/app_cmiyc/0C66B38F48468E96F8008B6D5A2AE33B4A60265E02'
D/CatchMeIfYouCan( 8893): Process (dash) cp: '('dash', 6, 60000, silent [true], restart [true], logout [true])'
D/ACRA    ( 8893): ACRA is enabled for com.facebook.katana, intializing...
D/ACRA    ( 8893): Looking for error files in /data/data/com.facebook.katana/app_acra-reports
D/ACRA    ( 8893): Looking for error files in /data/data/com.facebook.katana/app_minidumps
D/dalvikvm( 8893): Trying to load lib /data/app-lib/com.facebook.katana-7/libfb_stl_shared.so 0x428f1148
D/dalvikvm( 8893): Added shared lib /data/app-lib/com.facebook.katana-7/libfb_stl_shared.so 0x428f1148
D/dalvikvm( 8893): No JNI_OnLoad found in /data/app-lib/com.facebook.katana-7/libfb_stl_shared.so 0x428f1148, skipping init
D/dalvikvm( 8893): Trying to load lib /data/app-lib/com.facebook.katana-7/libfb_breakpad_client.so 0x428f1148
D/dalvikvm( 8893): Added shared lib /data/app-lib/com.facebook.katana-7/libfb_breakpad_client.so 0x428f1148
I/AmazonMP3_RequestDispatcher( 8659): ensureFordSyncConnection
D/SystemClassLoaderAdder( 8893): Marked as initialized entry corresponding to path /data/app/com.facebook.katana-7.apk
V/DexLibLoader( 8893): Preparing secondary program dexes from null
V/DexLibLoader( 8893): Loaded 4 raw lines of metadata.
V/DexLibLoader( 8893): Secondary program dex metadata: secondary-1.dex.jar.xz e9838cd3c4c61a17c4da5463ac8da0cabe6c38c6 secondary.dex01.Canary
V/DexLibLoader( 8893): Secondary program dex metadata: secondary-2.dex.jar.xz 28069c22544b4b59376e955bc0e5ce48178c239a secondary.dex02.Canary
V/DexLibLoader( 8893): Secondary program dex metadata: secondary-3.dex.jar.xz 94473676f0c260c10c4e147669d43d7786d31cf9 secondary.dex03.Canary
V/DexLibLoader( 8893): Secondary program dex metadata: secondary-4.dex.jar.xz f333dda3562bdd356d8d220f389f63e6741a23b6 secondary.dex04.Canary
W/DexLibLoader( 8893): Unexpected file in program dex directory: /data/data/com.facebook.katana/app_secondary_program_dex/temp_dex_lock
V/DexLibLoader( 8893): Preparing to extract secondary-1.dex.jar.xz to /data/data/com.facebook.katana/app_secondary_program_dex/program-e9838cd3c4c61a17c4da5463ac8da0cabe6c38c6fa00f5d0.dex.jar
V/DexLibLoader( 8893): Dex already copied
D/OdexVerifier( 8893): Odex verification is skipped.
V/DexLibLoader( 8893): Creating class loader
V/DexLibLoader( 8893): Finished creating class loader
V/DexLibLoader( 8893): Preparing to extract secondary-2.dex.jar.xz to /data/data/com.facebook.katana/app_secondary_program_dex/program-28069c22544b4b59376e955bc0e5ce48178c239afa00f5d0.dex.jar
V/DexLibLoader( 8893): Dex already copied
D/OdexVerifier( 8893): Odex verification is skipped.
V/DexLibLoader( 8893): Creating class loader
V/DexLibLoader( 8893): Finished creating class loader
V/DexLibLoader( 8893): Preparing to extract secondary-3.dex.jar.xz to /data/data/com.facebook.katana/app_secondary_program_dex/program-94473676f0c260c10c4e147669d43d7786d31cf9fa00f5d0.dex.jar
V/DexLibLoader( 8893): Dex already copied
D/OdexVerifier( 8893): Odex verification is skipped.
V/DexLibLoader( 8893): Creating class loader
V/DexLibLoader( 8893): Finished creating class loader
V/DexLibLoader( 8893): Preparing to extract secondary-4.dex.jar.xz to /data/data/com.facebook.katana/app_secondary_program_dex/program-f333dda3562bdd356d8d220f389f63e6741a23b6fa00f5d0.dex.jar
V/DexLibLoader( 8893): Dex already copied
D/OdexVerifier( 8893): Odex verification is skipped.
V/DexLibLoader( 8893): Creating class loader
V/DexLibLoader( 8893): Finished creating class loader
V/DexLibLoader( 8893): Verifying classes from secondary dexes.
D/DexLibLoader( 8893): DexLibLoader.ensureDexLoaded took 24 ms
D/dalvikvm( 8893): Trying to load lib /data/app-lib/com.facebook.katana-7/libfb_dalvik-internals.so 0x428f1148
D/dalvikvm( 8893): Added shared lib /data/app-lib/com.facebook.katana-7/libfb_dalvik-internals.so 0x428f1148
W/Settings( 1220): Setting data_roaming has moved from android.provider.Settings.Secure to android.provider.Settings.Global.
D/STATUSBAR-NetworkController( 1220): Data Activity icon disapeared.
D/STATUSBAR-NetworkController( 1220): updateRomaingNotification DataRoaming:false mDataRoamingTypeForVZW : 0
D/STATUSBAR-NetworkController( 1220): refreshSignalCluster: data=0 bt=false
D/STATUSBAR-SignalClusterView( 1220): isSignalNull=false, mIsAirplaneMode=false, mWifiVisible=true, mMobileStrengthId=2130838118
D/STATUSBAR-SignalClusterView( 1220): isSignalNull=false, mIsAirplaneMode=false, mWifiVisible=true, mMobileStrengthId=2130838118
D/STATUSBAR-SignalClusterView( 1220): isSignalNull=false, mIsAirplaneMode=false, mWifiVisible=true, mMobileStrengthId=2130838118
D/STATUSBAR-IconMerger( 1220): checkOverflow(504), More:false, Req:false Child:2
I/dalvik-internals( 8893): Successfully looked up JNI_GetCreatedJavaVMs
I/dalvik-internals( 8893): Successfully looked up gDvm
E/dalvik-internals( 8893): Failed to look up ladDumpProfiles
E/dalvik-internals( 8893): Failed to look up ladResetProfiles
E/dalvik-internals( 8893): Failed to look up ladPrintHeaderInfo
I/dalvik-internals( 8893): gDvm has value 0x416d6db0.  Searching for vmList (initial offset in [704,1480]).
I/dalvik-internals( 8893): Beginning search.  Actual offset in [704,1468].
E/dalvik-internals( 8893): Failed to find vmList in gDvm.  Going to brute-force search for LinearAllocHdr.
D/dalvik-internals( 8893): Evaluating LinearAllocHdr candidate at 0x416066c0.
I/dalvik-internals( 8893): Found LinearAllocHdr (with no vmList) at offset 948.
I/patts   (32262): [decoder_impl.cc:78] g2p FST: 55 graphemes, 41 phonemes (with special symbols)
I/patts   (32262): [jni_synthesizer_api.cc:76] Creating synthesizer in non-apk mode ...
I/patts   (32262): [android_project_file.cc:35] Loading "/data/data/com.google.android.tts/app_voices_v2/en-us-x-sfg-diphone-usel/engine_usel_16000_diph_mhd.cfg" ...
I/patts   (32262): [android_project_file.cc:35] Loading "/data/data/com.google.android.tts/app_voices_v2/en-us-x-sfg-diphone-usel/phonology.cfg" ...
I/patts   (32262): [android_project_file.cc:35] Loading "/data/data/com.google.android.tts/app_voices_v2/en-us-x-sfg-diphone-usel/compile_usel_diph_mhd.cfg" ...
I/patts   (32262): [android_project_file.cc:35] Loading "/data/data/com.google.android.tts/app_voices_v2/en-us-x-sfg-diphone-usel/engine_usel_16000_diph_mhd.cfg" ...
I/patts   (32262): [hybrid_synthesizer.cc:147] Loading composite audio file "composite_audio_en_us_sfg_glass_16000_isac_24kbps.caf" ...
I/patts   (32262): [android_project_file.cc:35] Loading "/data/data/com.google.android.tts/app_voices_v2/en-us-x-sfg-diphone-usel/composite_audio_en_us_sfg_glass_16000_isac_24kbps.caf" ...
I/patts   (32262): [android_project_file.cc:35] Loading "/data/data/com.google.android.tts/app_voices_v2/en-us-x-sfg-diphone-usel/patts1_unit_selection_voice_en_us_sfg_glass_16000_diph_mhd.voice" ...
I/patts   (32262): [mmap_file_resource.cc:76] Mem-mapping /data/data/com.google.android.tts/app_voices_v2/en-us-x-sfg-diphone-usel/patts1_unit_selection_voice_en_us_sfg_glass_16000_diph_mhd.voice ...
D/STATUSBAR-NetworkController( 1220): onSignalStrengthsChanged signalStrength=SignalStrength: 99 99 -88 -80 -120 -1 -1 99 2147483647 2147483647 2147483647 -1 2147483647 cdma 0x10 level=1
W/Settings( 1220): Setting data_roaming has moved from android.provider.Settings.Secure to android.provider.Settings.Global.
D/STATUSBAR-NetworkController( 1220): Data Activity icon disapeared.
D/STATUSBAR-NetworkController( 1220): updateRomaingNotification DataRoaming:false mDataRoamingTypeForVZW : 0
W/Settings( 1220): Setting data_roaming has moved from android.provider.Settings.Secure to android.provider.Settings.Global.
D/STATUSBAR-NetworkController( 1220): onSignalStrengthsChanged signalStrength=SignalStrength: 99 99 -89 -155 -120 -1 -1 99 2147483647 2147483647 2147483647 -1 2147483647 cdma 0x10 level=1
D/STATUSBAR-NetworkController( 1220): Data Activity icon disapeared.
D/STATUSBAR-NetworkController( 1220): updateRomaingNotification DataRoaming:false mDataRoamingTypeForVZW : 0
V/AudioPolicyManagerBase(  290): getOutput() device 2, stream 3, samplingRate 0, format 0, channelMask 3, flags 0
V/AudioPolicyManagerBase(  290): getOutputsForDevice device 0002 -> 0002
V/AudioPolicyManagerBase(  290): getOutput() returns output 2
V/AudioPolicyManagerBase(  290): getOutput() device 2, stream 3, samplingRate 0, format 0, channelMask 3, flags 0
V/AudioPolicyManagerBase(  290): getOutputsForDevice device 0002 -> 0002
V/AudioPolicyManagerBase(  290): getOutput() returns output 2
V/AudioPolicyManagerBase(  290): getOutput() device 2, stream 3, samplingRate 0, format 0, channelMask 3, flags 0
V/AudioPolicyManagerBase(  290): getOutputsForDevice device 0002 -> 0002
V/AudioPolicyManagerBase(  290): getOutput() returns output 2
V/AudioPolicyManagerBase(  290): getOutput() device 2, stream 3, samplingRate 0, format 0, channelMask 3, flags 0
V/AudioPolicyManagerBase(  290): getOutputsForDevice device 0002 -> 0002
V/AudioPolicyManagerBase(  290): getOutput() returns output 2
V/AudioPolicyManagerBase(  290): getOutput() device 2, stream 3, samplingRate 0, format 0, channelMask 3, flags 0
V/AudioPolicyManagerBase(  290): getOutputsForDevice device 0002 -> 0002
V/AudioPolicyManagerBase(  290): getOutput() returns output 2
V/AudioPolicyManagerBase(  290): getOutput() device 2, stream 3, samplingRate 16000, format 1, channelMask 1, flags 0
V/AudioPolicyManagerBase(  290): getOutputsForDevice device 0002 -> 0002
V/AudioPolicyManagerBase(  290): getOutput() returns output 2
I/patts   (32262): [unit_selection_search-inl.h:52] Using 50 units in the unit selection search.
I/patts   (32262): [unit_selection_search-inl.h:59] Hard pruning is enabled.
W/GAV2    ( 8617): Thread[main,5,main]: dispatch call queued.  Need to call GAServiceManager.getInstance().initialize().
I/ActivityManager(  816): Killing 8280:com.sec.android.widgetapp.dualclockdigital/u0a48 (adj 15): empty #31
V/AudioPolicyManagerBase(  290): startOutput() output 2, stream 3, session 141
V/AudioPolicyManagerBase(  290): changeRefCount() stream 3, count 1
W/AudioPolicyManagerBase(  290): stream type [13], return media strategy
W/AudioPolicyManagerBase(  290): stream type [13], return media strategy
W/AudioPolicyManagerBase(  290): stream type [13], return media strategy
W/AudioPolicyManagerBase(  290): stream type [13], return media strategy
V/AudioPolicyManagerBase(  290): getNewDevice() selected device 2
V/AudioPolicyManagerBase(  290): setOutputDevice() output 2 device 0002 force 0 delayMs 0 
V/AudioPolicyManagerBase(  290): setOutputDevice() prevDevice 0002
V/AudioPolicyManagerBase(  290): setOutputDevice() setting same device 0002 or null device for output 2
V/AudioPolicyManagerBase(  290): getOutputsForDevice device 0002 -> 0002
V/AudioPolicyManagerBase(  290): getOutputsForDevice device 0002 -> 0002
D/ALSADevice(  290): route: devices 0x2 in mode 0
V/ALSADevice(  290): switchDevice: device 0x2 mode:0
V/ALSADevice(  290): getUCMDevice for output device: devices:2 is input device:0
V/ALSADevice(  290): getUCMDevice for input device: devices:0 is input device:1
D/ALSADevice(  290): No valid input device: 0
V/ALSADevice(  290): switchDevice,rxDev:Speaker, txDev:(null), curRxDev:Speaker, curTxDev:VR Main Mic
D/alsa_ucm(  290): snd_use_case_set(): uc_mgr 0xb8ca4b98 identifier _enadev value Speaker
D/ALSADevice(  290): switchDevice: mCurTxUCMDevivce VR Main Mic mCurRxDevDevice Speaker inCallDevSwitch = 0
V/ALSADevice(  290): switchDevice Done
D/alsa_ucm(  290): snd_use_case_set(): uc_mgr 0xb8ca4b98 identifier _verb value HiFi
D/alsa_ucm(  290): Set mixer controls for Speaker enable 1
D/alsa_ucm(  290): acdb_id 15 cap 1 enable 1
D/ACDB-LOADER(  290): ACDB -> send_audio_cal, acdb_id = 15, path =  0
D/ACDB-LOADER(  290): ACDB -> send_adm_topology
D/ACDB-LOADER(  290): ACDB -> ACDB_CMD_GET_AUDPROC_COMMON_TOPOLOGY_ID
D/ACDB-LOADER(  290): ACDB -> send_audtable
D/ACDB-LOADER(  290): ACDB -> ACDB_CMD_GET_AUDPROC_COMMON_TABLE
D/ACDB-LOADER(  290): ACDB -> AUDIO_SET_AUDPROC_CAL
D/ACDB-LOADER(  290): ACDB -> send_audvoltable
D/ACDB-LOADER(  290): ACDB -> ACDB_CMD_GET_AUDPROC_GAIN_DEP_VOLTBL_STEP_COPP
E/ACDB-LOADER(  290): Error: ACDB AudProc vol returned = -8
D/ACDB-LOADER(  290): ACDB -> AUDIO_SET_AUDPROC_VOL_CAL
D/ACDB-LOADER(  290): ACDB -> send_afe_cal
D/ACDB-LOADER(  290): ACDB -> ACDB_CMD_GET_AFE_COMMON_TABLE
D/ACDB-LOADER(  290): ACDB -> AUDIO_SET_AFE_CAL
D/alsa_ucm(  290): Setting mixer control: SLIM_0_RX Channels, value: Two
D/alsa_ucm(  290): Setting mixer control: RX5 MIX1 INP1, value: RX1
D/alsa_ucm(  290): Setting mixer control: RX5 MIX1 INP2, value: RX2
D/alsa_ucm(  290): Setting mixer control: RX6 DSM MUX, value: DSM_INV
D/alsa_ucm(  290): Setting multi value: LINEOUT2 Volume
D/alsa_ucm(  290): Setting multi value: LINEOUT4 Volume
D/alsa_ucm(  290): Setting multi value: RX5 Digital Volume
D/alsa_ucm(  290): Set mixer controls for HiFi enable 1
D/alsa_ucm(  290): Setting mixer control: SLIMBUS_0_RX Audio Mixer MultiMedia1, value: 1
D/ALSADevice(  290): close: handle 0xb8cb18d0 h 0x0
D/ALSADevice(  290): open: handle 0xb8cb18d0, format 0x2
V/ALSADevice(  290): Music case
D/ALSADevice(  290): Device value returned is hw:0,0
V/ALSADevice(  290): flags 0, devName hw:0,0
V/ALSADevice(  290): pcm_open returned fd 36
D/ALSADevice(  290): handle->format: 0x2
D/ALSADevice(  290): setHardwareParams: reqBuffSize 2048 channels 2 sampleRate 48000
D/ALSADevice(  290): setHardwareParams: buffer_size 16384, period_size 2048, period_cnt 8
E/AudioResampler(  290): Unsupported sample format, 1 bits, 1 channels
I/AudioResampler(  290): AudioResamplerOrder1::resample common!!!!!
I/AudioResampler(  290): new common resampler(16000 -> 48000, 1)
I/AudioResampler(  290): new common resampler(16000 -> 48000, 1, 1)
D/SoundAliveResampler(  290): [SoundAliveResampler] Init+++
I/patts   (32262): [unit_selection_search-inl.h:52] Using 50 units in the unit selection search.
I/patts   (32262): [unit_selection_search-inl.h:59] Hard pruning is enabled.
W/dalvikvm( 8893): method Lcom/facebook/reflex/view/AbstractListView;.invalidate incorrectly overrides package-private method with same name in Landroid/view/View;
I/ActivityManager(  816): Killing 8294:com.sec.android.widgetapp.easyfavoritescontactswidget/u0a50 (adj 15): empty #31
W/dalvikvm( 8893): method Lcom/facebook/reflex/view/GalleryViewAutoReflex;.invalidate incorrectly overrides package-private method with same name in Landroid/view/View;
W/dalvikvm( 8893): method Lcom/facebook/reflex/view/HorizontalScrollViewAutoReflex;.invalidate incorrectly overrides package-private method with same name in Landroid/view/View;
W/dalvikvm( 8893): method Lcom/facebook/reflex/view/ImageViewAutoReflex;.invalidate incorrectly overrides package-private method with same name in Landroid/view/View;
W/dalvikvm( 8893): method Lcom/facebook/reflex/view/ViewPagerAutoReflex;.invalidate incorrectly overrides package-private method with same name in Landroid/view/View;
W/dalvikvm( 8893): method Lcom/facebook/reflex/view/ScrollViewAutoReflex;.invalidate incorrectly overrides package-private method with same name in Landroid/view/View;
W/dalvikvm( 8893): method Lcom/facebook/reflex/view/FrameLayoutAutoReflex;.invalidate incorrectly overrides package-private method with same name in Landroid/view/View;
D/SSRMv2:CoolDownMode(  816): battTemp is 302
D/SSRMv2:Monitor(  816): SIOP:: AP = 430, Prev AP = 400, Duration = 10030, PST = 397
D/SSRMv2:AmoledAdjustTimer(  816): prevTemp = 302, currTemp = 302, prevStep = 5, currStep = 5
E/MP-Decision( 2041): num online cores: 4 reqd : 2 available : 4 rq_depth:1.000000 hotplug_avg_load_dw: 79
E/MP-Decision( 2041): DOWN cpu:3 core_idx:3 Ns:3.100000 Ts:240 rq:1.000000 seq:244.000000
E/MP-Decision( 2041): DOWN cpu:2 core_idx:2 Ns:2.100000 Ts:240 rq:1.000000 seq:244.000000
D/DataRouter(  275): After the usb select
D/DataRouter(  275): read usb data[len:1]
D/DataRouter(  275): read usb data message:A
D/DataRouter(  275): Before the usb select
D/AbstractMetricsFactoryImpl( 7112): record : No data points in metrics event
D/DataRouter(  275): After the usb select
D/DataRouter(  275): read usb data[len:1]
D/DataRouter(  275): read usb data message:T
D/DataRouter(  275): Before the usb select
W/Settings( 1220): Setting data_roaming has moved from android.provider.Settings.Secure to android.provider.Settings.Global.
D/STATUSBAR-NetworkController( 1220): Data Activity icon disapeared.
D/STATUSBAR-NetworkController( 1220): updateRomaingNotification DataRoaming:false mDataRoamingTypeForVZW : 0
D/STATUSBAR-NetworkController( 1220): refreshSignalCluster: data=0 bt=false
D/STATUSBAR-SignalClusterView( 1220): isSignalNull=false, mIsAirplaneMode=false, mWifiVisible=true, mMobileStrengthId=2130838118
D/STATUSBAR-SignalClusterView( 1220): isSignalNull=false, mIsAirplaneMode=false, mWifiVisible=true, mMobileStrengthId=2130838118
D/STATUSBAR-SignalClusterView( 1220): isSignalNull=false, mIsAirplaneMode=false, mWifiVisible=true, mMobileStrengthId=2130838118
D/STATUSBAR-IconMerger( 1220): checkOverflow(504), More:false, Req:false Child:2
D/DataRouter(  275): After the usb select
D/DataRouter(  275): read usb data[len:1]
D/DataRouter(  275): read usb data message:
D/DataRouter(  275): Before the usb select
W/fb4a(:dash):StaticBindingVerifier( 8893): Verify
W/Settings( 1220): Setting data_roaming has moved from android.provider.Settings.Secure to android.provider.Settings.Global.
D/STATUSBAR-NetworkController( 1220): onSignalStrengthsChanged signalStrength=SignalStrength: 99 99 -90 -105 -120 -1 -1 99 2147483647 2147483647 2147483647 -1 2147483647 cdma 0x10 level=1
D/STATUSBAR-NetworkController( 1220): Data Activity icon disapeared.
D/STATUSBAR-NetworkController( 1220): updateRomaingNotification DataRoaming:false mDataRoamingTypeForVZW : 0
W/fb4a(:dash):BaseAnalyticsConfig( 8893): willEventBeLogged() called before shared prefs were initialized! Defaulting to true.
I/ActivityManager(  816): Killing 6621:com.sec.android.widgetapp.programmonitorwidget/u0a139 (adj 15): empty #31
I/GetJar SDK [com.jb.gosms.theme.getjar.colorglass](10660): CommManager checkManifestFile started
E/EnterpriseContainerManager(  816): ContainerPolicy Service is not yet ready!!!
D/EnterpriseDeviceManager(  816): ContainerId: 0
W/GetJar SDK [com.jb.gosms.theme.getjar.colorglass](10660): [OPTIONAL] Could not find the com.getjar.sdk.rewards.GetJarReceiver defined inside AndroidManifest.xml. It is required if there is no other implementation of Google Play billing.
I/SELinux ( 8930): Function: selinux_android_load_priority [0], There is no sepolicy file.
I/SELinux ( 8930):  
I/SELinux ( 8930): Function: selinux_android_load_priority [1], There is no sepolicy version file.
I/SELinux ( 8930):  
I/SELinux ( 8930): Function: selinux_android_load_priority , loading version is VE=SEPF_SCH-I545_4.4.2_0011
I/SELinux ( 8930):  
I/SELinux ( 8930):  
I/SELinux ( 8930): selinux_android_seapp_context_reload: seapp_contexts file is loaded from /seapp_contexts
W/BroadcastQueue(  816): Skipping deliver [background] BroadcastRecord{455629b8 u0 com.symantec.ncw.smrsd.control} to ReceiverList{44ec7d28 6905 (unknown name)/10100/u0 remote:44d7d9b0}: process crashing
I/GAV2    ( 8617): Thread[GAThread,5,main]: No campaign data found.
I/GetJar SDK [com.jb.gosms.theme.getjar.colorglass](10660): AuthFlow: ensureAuthInternal() state:STARTING
I/GetJar SDK [com.jb.gosms.theme.getjar.colorglass](10660): AuthFlow: ensureAuthInternal() [running auth-flow]
I/GetJar SDK [com.jb.gosms.theme.getjar.colorglass](10660): AuthFlow: ensureAuthInternal() finishing with state:EXPIRY_CHECKING
D/dalvikvm(10660): GC_CONCURRENT freed 2016K, 31% free 18403K/26484K, paused 3ms+33ms, total 148ms
E/MP-Decision( 2041): num online cores: 2 reqd : 4 available : 4 rq_depth:5.900000 hotplug_avg_load_dw: 120
E/MP-Decision( 2041): UP cpu:1 core_idx:1 Nw:1.900000 Tw:140 rq:5.900000 seq:0.000000
E/MP-Decision( 2041): UP cpu:2 core_idx:2 Nw:2.700000 Tw:90 rq:5.900000 seq:93.000000
E/MP-Decision( 2041): UP cpu:3 core_idx:3 Nw:3.500000 Tw:90 rq:5.900000 seq:93.000000
E/SamsungIME( 8930): InputManagerImpl.getInstance() == null
I/ActivityManager(  816): Killing 8186:com.android.defcontainer/u0a39 (adj 15): empty #31
I/Suman   ( 4224): BroadcastReceived
I/HomeSyncInstallReceiver( 1487): This pkg do not need BT addr. Do nothing
D/dalvikvm( 5467): GC_CONCURRENT freed 1753K, 27% free 19438K/26484K, paused 5ms+4ms, total 50ms
D/dalvikvm( 5467): WAIT_FOR_CONCURRENT_GC blocked 21ms
D/dalvikvm( 5467): WAIT_FOR_CONCURRENT_GC blocked 23ms
I/SA      ( 8422): [PMR] Received action : android.intent.action.PACKAGE_ADDED
E/EnterpriseContainerManager(  816): ContainerPolicy Service is not yet ready!!!
D/EnterpriseDeviceManager(  816): ContainerId: 0
E/EnterpriseContainerManager(  816): ContainerPolicy Service is not yet ready!!!
I/SA      ( 8422): [SUR] onReceive log=[SA = 1.5.0324 V = 19 HWD = 1920X1080 3.0 dpi = 480  SIZE = 2 LOCALE = en_US CSC = VZW MCC = 311 MNC 480 T = user DEVICE = jfltevzw P = jfltevzw I = KOT49H M = SCH-I545 OKLEFT false DIS KOT49H.I545VRUFNC5 PSS = 4.978872676241149  ]
I/SA      ( 8422): [SUR] onReceive Intent=[ action.PACKAGE_ADDED. package ]
W/LicenseLogService(  816): log() is called by non admin
E/EnterpriseContainerManager(  816): ContainerPolicy Service is not yet ready!!!
E/EnterpriseContainerManager(  816): ContainerPolicy Service is not yet ready!!!
D/EnterpriseDeviceManager(  816): ContainerId: 0
E/EnterpriseContainerManager(  816): ContainerPolicy Service is not yet ready!!!
E/EnterpriseContainerManager(  816): ContainerPolicy Service is not yet ready!!!
W/LicenseLogService(  816): log() is called by non admin
I/SELinux ( 8961): Function: selinux_android_load_priority [0], There is no sepolicy file.
I/SELinux ( 8961):  
I/SELinux ( 8961): Function: selinux_android_load_priority [1], There is no sepolicy version file.
I/SELinux ( 8961):  
I/SELinux ( 8961): Function: selinux_android_load_priority , loading version is VE=SEPF_SCH-I545_4.4.2_0011
I/SELinux ( 8961):  
I/SELinux ( 8961):  
I/SELinux ( 8961): selinux_android_seapp_context_reload: seapp_contexts file is loaded from /seapp_contexts
E/EnterpriseContainerManager(  816): ContainerPolicy Service is not yet ready!!!
D/EnterpriseDeviceManager(  816): ContainerId: 0
E/EnterpriseContainerManager(  816): ContainerPolicy Service is not yet ready!!!
E/EnterpriseContainerManager(  816): ContainerPolicy Service is not yet ready!!!
W/LicenseLogService(  816): log() is called by non admin
E/EnterpriseContainerManager(  816): ContainerPolicy Service is not yet ready!!!
D/EnterpriseDeviceManager(  816): ContainerId: 0
E/EnterpriseContainerManager(  816): ContainerPolicy Service is not yet ready!!!
E/EnterpriseContainerManager(  816): ContainerPolicy Service is not yet ready!!!
W/LicenseLogService(  816): log() is called by non admin
D/dalvikvm(  816): GC_EXPLICIT freed 1355K, 19% free 62042K/76560K, paused 7ms+36ms, total 306ms
E/AmazonAppstore.AppManagerService( 5467): asinList: null
E/AmazonAppstore.AppManagerService( 5467): com.amazon.assertion.AssertionException: asinList: null
E/AmazonAppstore.AppManagerService( 5467): 	at com.amazon.assertion.Assert.fail(Assert.java:203)
E/AmazonAppstore.AppManagerService( 5467): 	at com.amazon.assertion.Assert.notNull(Assert.java:22)
E/AmazonAppstore.AppManagerService( 5467): 	at com.amazon.mas.client.locker.service.appmgr.AppManagerAndroidPackageDelegate.handleAppInsertion(AppManagerAndroidPackageDelegate.java:113)
E/AmazonAppstore.AppManagerService( 5467): 	at com.amazon.mas.client.locker.service.appmgr.AppManagerAndroidPackageDelegate.handleIntent(AppManagerAndroidPackageDelegate.java:76)
E/AmazonAppstore.AppManagerService( 5467): 	at com.amazon.mas.client.locker.service.appmgr.AppManagerService.onHandleIntent(AppManagerService.java:96)
E/AmazonAppstore.AppManagerService( 5467): 	at com.amazon.android.service.IntentTimeoutService.handleIntent(IntentTimeoutService.java:253)
E/AmazonAppstore.AppManagerService( 5467): 	at com.amazon.android.service.IntentTimeoutService.access$000(IntentTimeoutService.java:27)
E/AmazonAppstore.AppManagerService( 5467): 	at com.amazon.android.service.IntentTimeoutService$ServiceHandler.handleMessage(IntentTimeoutService.java:83)
E/AmazonAppstore.AppManagerService( 5467): 	at android.os.Handler.dispatchMessage(Handler.java:102)
E/AmazonAppstore.AppManagerService( 5467): 	at android.os.Looper.loop(Looper.java:157)
E/AmazonAppstore.AppManagerService( 5467): 	at android.os.HandlerThread.run(HandlerThread.java:61)
I/SELinux ( 8980): Function: selinux_android_load_priority [0], There is no sepolicy file.
I/SELinux ( 8980):  
I/SELinux ( 8980): Function: selinux_android_load_priority [1], There is no sepolicy version file.
I/SELinux ( 8980):  
I/SELinux ( 8980): Function: selinux_android_load_priority , loading version is VE=SEPF_SCH-I545_4.4.2_0011
I/SELinux ( 8980):  
I/SELinux ( 8980):  
I/SELinux ( 8980): selinux_android_seapp_context_reload: seapp_contexts file is loaded from /seapp_contexts
W/Settings( 1220): Setting data_roaming has moved from android.provider.Settings.Secure to android.provider.Settings.Global.
D/STATUSBAR-NetworkController( 1220): Data Activity icon disapeared.
D/STATUSBAR-NetworkController( 1220): updateRomaingNotification DataRoaming:false mDataRoamingTypeForVZW : 0
D/STATUSBAR-NetworkController( 1220): refreshSignalCluster: data=0 bt=false
D/STATUSBAR-SignalClusterView( 1220): isSignalNull=false, mIsAirplaneMode=false, mWifiVisible=true, mMobileStrengthId=2130838118
D/STATUSBAR-SignalClusterView( 1220): isSignalNull=false, mIsAirplaneMode=false, mWifiVisible=true, mMobileStrengthId=2130838118
D/STATUSBAR-SignalClusterView( 1220): isSignalNull=false, mIsAirplaneMode=false, mWifiVisible=true, mMobileStrengthId=2130838118
D/STATUSBAR-IconMerger( 1220): checkOverflow(504), More:false, Req:false Child:2
E/dalvikvm( 8893): Could not find class 'org.apache.harmony.xnet.provider.jsse.OpenSSLSocketImpl', referenced from method com.facebook.ssl.openssl.check.CheckOpenSSLImplHasRequiredMethods.<clinit>
W/dalvikvm( 8893): VFY: unable to resolve const-class 15301 (Lorg/apache/harmony/xnet/provider/jsse/OpenSSLSocketImpl;) in Lcom/facebook/ssl/openssl/check/CheckOpenSSLImplHasRequiredMethods;
D/dalvikvm( 8893): VFY: replacing opcode 0x1c at 0x000d
E/dalvikvm( 8893): Could not find class 'org.apache.harmony.xnet.provider.jsse.OpenSSLSocketFactoryImpl', referenced from method com.facebook.ssl.openssl.reflect.SSLParametersGetter.<clinit>
W/dalvikvm( 8893): VFY: unable to resolve const-class 15300 (Lorg/apache/harmony/xnet/provider/jsse/OpenSSLSocketFactoryImpl;) in Lcom/facebook/ssl/openssl/reflect/SSLParametersGetter;
D/dalvikvm( 8893): VFY: replacing opcode 0x1c at 0x000d
E/dalvikvm( 8893): Could not find class 'org.apache.harmony.xnet.provider.jsse.SSLParametersImpl', referenced from method com.facebook.ssl.openssl.reflect.SSLParametersGetter.a
W/dalvikvm( 8893): VFY: unable to resolve check-cast 15303 (Lorg/apache/harmony/xnet/provider/jsse/SSLParametersImpl;) in Lcom/facebook/ssl/openssl/reflect/SSLParametersGetter;
D/dalvikvm( 8893): VFY: replacing opcode 0x1f at 0x0006
E/dalvikvm( 8893): Could not find class 'org.apache.harmony.xnet.provider.jsse.SSLParametersImpl', referenced from method com.facebook.ssl.openssl.reflect.SSLSessionTimeoutSetter.<clinit>
W/dalvikvm( 8893): VFY: unable to resolve const-class 15303 (Lorg/apache/harmony/xnet/provider/jsse/SSLParametersImpl;) in Lcom/facebook/ssl/openssl/reflect/SSLSessionTimeoutSetter;
D/dalvikvm( 8893): VFY: replacing opcode 0x1c at 0x000d
W/dalvikvm( 8893): VFY: unable to find class referenced in signature (Lorg/apache/harmony/xnet/provider/jsse/SSLParametersImpl;)
E/dalvikvm( 8893): Could not find class 'org.apache.harmony.xnet.provider.jsse.ClientSessionContext', referenced from method com.facebook.ssl.openssl.reflect.SSLSessionTimeoutSetter.a
W/dalvikvm( 8893): VFY: unable to resolve check-cast 15299 (Lorg/apache/harmony/xnet/provider/jsse/ClientSessionContext;) in Lcom/facebook/ssl/openssl/reflect/SSLSessionTimeoutSetter;
D/dalvikvm( 8893): VFY: replacing opcode 0x1f at 0x0006
W/dalvikvm( 8893): VFY: unable to find class referenced in signature (Lorg/apache/harmony/xnet/provider/jsse/SSLParametersImpl;)
W/dalvikvm( 8893): Unable to resolve superclass of Lcom/facebook/ssl/openssl/TicketEnabledOpenSSLSocketImplWrapper; (15302)
W/dalvikvm( 8893): Link of class 'Lcom/facebook/ssl/openssl/TicketEnabledOpenSSLSocketImplWrapper;' failed
E/dalvikvm( 8893): Could not find class 'com.facebook.ssl.openssl.TicketEnabledOpenSSLSocketImplWrapper', referenced from method com.facebook.ssl.openssl.TicketEnabledOpenSSLSocketFactoryHelper.a
W/dalvikvm( 8893): VFY: unable to resolve new-instance 11825 (Lcom/facebook/ssl/openssl/TicketEnabledOpenSSLSocketImplWrapper;) in Lcom/facebook/ssl/openssl/TicketEnabledOpenSSLSocketFactoryHelper;
D/dalvikvm( 8893): VFY: replacing opcode 0x22 at 0x0000
W/dalvikvm( 8893): Unable to resolve superclass of Lcom/facebook/ssl/openssl/TicketEnabledOpenSSLSocketImplWrapper; (15302)
W/dalvikvm( 8893): Link of class 'Lcom/facebook/ssl/openssl/TicketEnabledOpenSSLSocketImplWrapper;' failed
D/dalvikvm( 8893): DexOpt: unable to opt direct call 0xaf9c at 0x08 in Lcom/facebook/ssl/openssl/TicketEnabledOpenSSLSocketFactoryHelper;.a
D/dalvikvm( 8980): Trying to load lib /data/data/com.policydm/files/libjni.so 0x428e9d50
D/dalvikvm( 8980): Added shared lib /data/data/com.policydm/files/libjni.so 0x428e9d50
I/ActivityManager(  816): Killing 6784:com.sec.android.provider.badge/u0a22 (adj 15): empty #31
I/SELinux ( 8997): Function: selinux_android_load_priority [0], There is no sepolicy file.
I/SELinux ( 8997):  
I/SELinux ( 8997): Function: selinux_android_load_priority [1], There is no sepolicy version file.
I/SELinux ( 8997):  
I/SELinux ( 8997): Function: selinux_android_load_priority , loading version is VE=SEPF_SCH-I545_4.4.2_0011
I/SELinux ( 8997):  
I/SELinux ( 8997):  
I/SELinux ( 8997): selinux_android_seapp_context_reload: seapp_contexts file is loaded from /seapp_contexts
D/dalvikvm( 8893): Trying to load lib /data/app-lib/com.facebook.katana-7/libfb_stl_shared.so 0x428f1148
D/dalvikvm( 8893): Shared lib '/data/app-lib/com.facebook.katana-7/libfb_stl_shared.so' already loaded in same CL 0x428f1148
D/dalvikvm( 8893): Trying to load lib /data/app-lib/com.facebook.katana-7/libfb.so 0x428f1148
D/dalvikvm( 8893): Added shared lib /data/app-lib/com.facebook.katana-7/libfb.so 0x428f1148
D/dalvikvm( 8893): No JNI_OnLoad found in /data/app-lib/com.facebook.katana-7/libfb.so 0x428f1148, skipping init
D/dalvikvm( 8893): Trying to load lib /data/app-lib/com.facebook.katana-7/libfb_breakpad_client.so 0x428f1148
D/dalvikvm( 8893): Shared lib '/data/app-lib/com.facebook.katana-7/libfb_breakpad_client.so' already loaded in same CL 0x428f1148
D/dalvikvm( 8893): Trying to load lib /data/app-lib/com.facebook.katana-7/libfbjni.so 0x428f1148
D/STATUSBAR-NetworkController( 1220): onSignalStrengthsChanged signalStrength=SignalStrength: 99 99 -88 -85 -120 -1 -1 99 2147483647 2147483647 2147483647 -1 2147483647 cdma 0x10 level=1
W/Settings( 1220): Setting data_roaming has moved from android.provider.Settings.Secure to android.provider.Settings.Global.
D/dalvikvm( 8893): Added shared lib /data/app-lib/com.facebook.katana-7/libfbjni.so 0x428f1148
D/dalvikvm( 8893): Trying to load lib /data/app-lib/com.facebook.katana-7/libheartbleed.so 0x428f1148
D/dalvikvm( 8893): Added shared lib /data/app-lib/com.facebook.katana-7/libheartbleed.so 0x428f1148
D/STATUSBAR-NetworkController( 1220): Data Activity icon disapeared.
D/STATUSBAR-NetworkController( 1220): updateRomaingNotification DataRoaming:false mDataRoamingTypeForVZW : 0
W/EDMNativeHelper(  268): EDMNativeHelperService is published
D/FileShare-Server( 8997): ServerBroadcastReceiver.onReceive - action android.intent.action.PACKAGE_ADDED // package:com.phonegap.jeeves
D/FileShare-Server( 8997): ServerBroadcastReceiver.onReceive - Current User : UserHandle{0}
D/FileShare-Server( 8997): ServerBroadcastReceiver.onReceive - All UserInfo: [UserInfo{0:Owner:13}]
D/AmazonContract Shop( 2223): com.amazon.mShop.android
I/ActivityManager(  816): Killing 6865:com.vzw.hss.myverizon/u0a98 (adj 15): empty #31
D/CapabilityManagerService New( 8442): Receiver Broadcast:android.intent.action.PACKAGE_ADDED
E/ECS_EnterpriseContainerService(  816): getStatus(). This will be same as getContainerActivation status
D/ECS_StateManager(  816):  Container Id:1
E/ECS_EnterpriseContainerCacheData(  816): There is no entry in cache for containerId1
D/ECS_StateManager(  816):  ************ no entry in HASH **********
I/ECS_ContainerStorageProvider(  816): active status database
E/ECS_ContainerStorageProvider(  816): updatebuilderobj
E/ECS_ContainerDatabase(  816): Container DB is null cannot fetch the status
D/ECS_StateManager(  816):  Current Status in DB:0
D/ECS_StateManager(  816):  NewState :CSSTATE_DOESNOT_EXISTS
D/ECS_EnterpriseContainerService(  816): New State :CSSTATE_DOESNOT_EXISTS
D/ECS_EnterpriseContainerService(  816):  Returning State :-1
E/ECS_EnterpriseContainerService(  816): getMountStatus() permission get it
D/ECS_StateManager(  816):  Container Id:1
E/ECS_EnterpriseContainerCacheData(  816): There is no entry in cache for containerId1
D/ECS_StateManager(  816):  ************ no entry in HASH **********
I/ECS_ContainerStorageProvider(  816): active status database
E/ECS_ContainerStorageProvider(  816): updatebuilderobj
E/ECS_ContainerDatabase(  816): Container DB is null cannot fetch the status
D/ECS_StateManager(  816):  Current Status in DB:0
D/ECS_StateManager(  816):  NewState :CSSTATE_DOESNOT_EXISTS
D/ECS_EnterpriseContainerService(  816): currentStateId: 0
D/ECS_EnterpriseContainerService(  816):  getMountStatus : false
I/ContainerAgent( 5289): ContainerServiceAdapter: getStatus(1) result = -1
I/PCWCLIENTTRACE_PushUtil( 8456): SPPPushClient is installed : true
I/PCWCLIENTTRACE_PushUtil( 8456): sales region : global
I/PCWCLIENTTRACE_PushUtil( 8456): getPushTypeList : [SPP, GCM]
I/PCWCLIENTTRACE_SYSTEMReceiver( 8456): [onReceive] - android.intent.action.PACKAGE_ADDED
D/WallpaperManager( 8893): SEC_PRODUCT_FEATURE_COMMON_ENABLE_TEXTURE_COMPRESSION is false
I/SELinux ( 9011): Function: selinux_android_load_priority [0], There is no sepolicy file.
I/SELinux ( 9011):  
I/SELinux ( 9011): Function: selinux_android_load_priority [1], There is no sepolicy version file.
I/SELinux ( 9011):  
I/SELinux ( 9011): Function: selinux_android_load_priority , loading version is VE=SEPF_SCH-I545_4.4.2_0011
I/SELinux ( 9011):  
I/SELinux ( 9011):  
I/SELinux ( 9011): selinux_android_seapp_context_reload: seapp_contexts file is loaded from /seapp_contexts
I/ActivityManager(  816): Killing 8320:com.android.email/u0a144 (adj 15): empty #31
E/EnterpriseContainerManager(  816): ContainerPolicy Service is not yet ready!!!
D/EnterpriseDeviceManager(  816): ContainerId: 0
E/EnterpriseContainerManager(  816): ContainerPolicy Service is not yet ready!!!
E/EnterpriseContainerManager(  816): ContainerPolicy Service is not yet ready!!!
W/LicenseLogService(  816): log() is called by non admin
E/EnterpriseContainerManager(  816): ContainerPolicy Service is not yet ready!!!
D/EnterpriseDeviceManager(  816): ContainerId: 0
E/EnterpriseContainerManager(  816): ContainerPolicy Service is not yet ready!!!
E/EnterpriseContainerManager(  816): ContainerPolicy Service is not yet ready!!!
W/LicenseLogService(  816): log() is called by non admin
